Archive member included to satisfy reference by file (symbol)

external/rtt/librtt_nrf52840_xxAA.a(SEGGER_RTT.c.obj)
                              examples/dimming/dimming_server/CMakeFiles/dimming_server_nrf52840_xxAA_s140_7.0.1.dir/__/__/__/mesh/core/src/log.c.obj (SEGGER_RTT_Write)
external/rtt/librtt_nrf52840_xxAA.a(SEGGER_RTT_printf.c.obj)
                              examples/dimming/dimming_server/CMakeFiles/dimming_server_nrf52840_xxAA_s140_7.0.1.dir/__/__/__/mesh/core/src/log.c.obj (SEGGER_RTT_vprintf)
external/micro-ecc/libuECC_nrf52840_xxAA.a(uECC.c.obj)
                              examples/dimming/dimming_server/CMakeFiles/dimming_server_nrf52840_xxAA_s140_7.0.1.dir/__/__/__/mesh/prov/src/prov_utils.c.obj (uECC_secp256r1)
c:/mesh/arm_gcc/bin/../lib/gcc/arm-none-eabi/9.2.1/thumb/v7e-m+fp/hard\libgcc.a(_aeabi_ldivmod.o)
                              examples/dimming/dimming_server/CMakeFiles/dimming_server_nrf52840_xxAA_s140_7.0.1.dir/__/__/common/src/app_level.c.obj (__aeabi_ldivmod)
c:/mesh/arm_gcc/bin/../lib/gcc/arm-none-eabi/9.2.1/thumb/v7e-m+fp/hard\libgcc.a(_aeabi_uldivmod.o)
                              examples/dimming/dimming_server/CMakeFiles/dimming_server_nrf52840_xxAA_s140_7.0.1.dir/__/__/common/src/app_transition.c.obj (__aeabi_uldivmod)
c:/mesh/arm_gcc/bin/../lib/gcc/arm-none-eabi/9.2.1/thumb/v7e-m+fp/hard\libgcc.a(_udivmoddi4.o)
                              c:/mesh/arm_gcc/bin/../lib/gcc/arm-none-eabi/9.2.1/thumb/v7e-m+fp/hard\libgcc.a(_aeabi_ldivmod.o) (__udivmoddi4)
c:/mesh/arm_gcc/bin/../lib/gcc/arm-none-eabi/9.2.1/thumb/v7e-m+fp/hard\libgcc.a(_dvmd_tls.o)
                              c:/mesh/arm_gcc/bin/../lib/gcc/arm-none-eabi/9.2.1/thumb/v7e-m+fp/hard\libgcc.a(_aeabi_ldivmod.o) (__aeabi_ldiv0)
c:/mesh/arm_gcc/bin/../lib/gcc/arm-none-eabi/9.2.1/../../../../arm-none-eabi/lib/thumb/v7e-m+fp/hard\libg_nano.a(lib_a-abs.o)
                              examples/dimming/dimming_server/CMakeFiles/dimming_server_nrf52840_xxAA_s140_7.0.1.dir/__/__/common/src/app_transition.c.obj (abs)
c:/mesh/arm_gcc/bin/../lib/gcc/arm-none-eabi/9.2.1/../../../../arm-none-eabi/lib/thumb/v7e-m+fp/hard\libg_nano.a(lib_a-calloc.o)
                              examples/dimming/dimming_server/CMakeFiles/dimming_server_nrf52840_xxAA_s140_7.0.1.dir/__/__/__/mesh/core/src/mesh_mem_stdlib.c.obj (calloc)
c:/mesh/arm_gcc/bin/../lib/gcc/arm-none-eabi/9.2.1/../../../../arm-none-eabi/lib/thumb/v7e-m+fp/hard\libg_nano.a(lib_a-exit.o)
                              c:/mesh/arm_gcc/bin/../lib/gcc/arm-none-eabi/9.2.1/../../../../arm-none-eabi/lib/thumb/v7e-m+fp/hard/crt0.o (exit)
c:/mesh/arm_gcc/bin/../lib/gcc/arm-none-eabi/9.2.1/../../../../arm-none-eabi/lib/thumb/v7e-m+fp/hard\libg_nano.a(lib_a-impure.o)
                              c:/mesh/arm_gcc/bin/../lib/gcc/arm-none-eabi/9.2.1/../../../../arm-none-eabi/lib/thumb/v7e-m+fp/hard\libg_nano.a(lib_a-exit.o) (_global_impure_ptr)
c:/mesh/arm_gcc/bin/../lib/gcc/arm-none-eabi/9.2.1/../../../../arm-none-eabi/lib/thumb/v7e-m+fp/hard\libg_nano.a(lib_a-init.o)
                              c:/mesh/arm_gcc/bin/../lib/gcc/arm-none-eabi/9.2.1/../../../../arm-none-eabi/lib/thumb/v7e-m+fp/hard/crt0.o (__libc_init_array)
c:/mesh/arm_gcc/bin/../lib/gcc/arm-none-eabi/9.2.1/../../../../arm-none-eabi/lib/thumb/v7e-m+fp/hard\libg_nano.a(lib_a-malloc.o)
                              examples/dimming/dimming_server/CMakeFiles/dimming_server_nrf52840_xxAA_s140_7.0.1.dir/__/__/__/mesh/core/src/mesh_mem_stdlib.c.obj (malloc)
c:/mesh/arm_gcc/bin/../lib/gcc/arm-none-eabi/9.2.1/../../../../arm-none-eabi/lib/thumb/v7e-m+fp/hard\libg_nano.a(lib_a-memcmp.o)
                              examples/dimming/dimming_server/CMakeFiles/dimming_server_nrf52840_xxAA_s140_7.0.1.dir/C_/mesh/deps/nRF5_SDK_16.0.0_98a08e2/components/ble/common/ble_advdata.c.obj (memcmp)
c:/mesh/arm_gcc/bin/../lib/gcc/arm-none-eabi/9.2.1/../../../../arm-none-eabi/lib/thumb/v7e-m+fp/hard\libg_nano.a(lib_a-memcpy-stub.o)
                              examples/dimming/dimming_server/CMakeFiles/dimming_server_nrf52840_xxAA_s140_7.0.1.dir/C_/mesh/deps/nRF5_SDK_16.0.0_98a08e2/components/ble/common/ble_advdata.c.obj (memcpy)
c:/mesh/arm_gcc/bin/../lib/gcc/arm-none-eabi/9.2.1/../../../../arm-none-eabi/lib/thumb/v7e-m+fp/hard\libg_nano.a(lib_a-memset.o)
                              c:/mesh/arm_gcc/bin/../lib/gcc/arm-none-eabi/9.2.1/../../../../arm-none-eabi/lib/thumb/v7e-m+fp/hard/crt0.o (memset)
c:/mesh/arm_gcc/bin/../lib/gcc/arm-none-eabi/9.2.1/../../../../arm-none-eabi/lib/thumb/v7e-m+fp/hard\libg_nano.a(lib_a-nano-callocr.o)
                              c:/mesh/arm_gcc/bin/../lib/gcc/arm-none-eabi/9.2.1/../../../../arm-none-eabi/lib/thumb/v7e-m+fp/hard\libg_nano.a(lib_a-calloc.o) (_calloc_r)
c:/mesh/arm_gcc/bin/../lib/gcc/arm-none-eabi/9.2.1/../../../../arm-none-eabi/lib/thumb/v7e-m+fp/hard\libg_nano.a(lib_a-nano-freer.o)
[...]
Memory Configuration

Name             Origin             Length             Attributes
FLASH            0x00027000         0x000d0000         xr
RAM              0x20002e00         0x0003cf00         xrw
*default*        0x00000000         0xffffffff

Linker script and memory map


.text           0x00027000    0x1bcd4
 *(.isr_vector)
 .isr_vector    0x00027000      0x200 examples/dimming/dimming_server/CMakeFiles/dimming_server_nrf52840_xxAA_s140_7.0.1.dir/C_/mesh/deps/nRF5_SDK_16.0.0_98a08e2/modules/nrfx/mdk/gcc_startup_nrf52840.S.obj
                0x00027000                __isr_vector
 *(.text*)
 .text          0x00027200       0x40 c:/mesh/arm_gcc/bin/../lib/gcc/arm-none-eabi/9.2.1/thumb/v7e-m+fp/hard/crtbegin.o
 .text          0x00027240       0x74 c:/mesh/arm_gcc/bin/../lib/gcc/arm-none-eabi/9.2.1/../../../../arm-none-eabi/lib/thumb/v7e-m+fp/hard/crt0.o
                0x00027240                _start
                0x00027240                _mainCRTStartup
 .text.sd_app_evt_wait
                0x000272b4        0x4 examples/dimming/dimming_server/CMakeFiles/dimming_server_nrf52840_xxAA_s140_7.0.1.dir/src/main.c.obj
 .text.app_level_server_get_cb
                0x000272b8        0xc examples/dimming/dimming_server/CMakeFiles/dimming_server_nrf52840_xxAA_s140_7.0.1.dir/src/main.c.obj
 .text.models_init_cb
                0x000272c4       0x84 examples/dimming/dimming_server/CMakeFiles/dimming_server_nrf52840_xxAA_s140_7.0.1.dir/src/main.c.obj
 .text.app_level_server_set_cb
                0x00027348       0x14 examples/dimming/dimming_server/CMakeFiles/dimming_server_nrf52840_xxAA_s140_7.0.1.dir/src/main.c.obj
 .text.node_reset
                0x0002735c       0x68 examples/dimming/dimming_server/CMakeFiles/dimming_server_nrf52840_xxAA_s140_7.0.1.dir/src/main.c.obj
 .text.config_server_evt_cb
                0x000273c4        0xc examples/dimming/dimming_server/CMakeFiles/dimming_server_nrf52840_xxAA_s140_7.0.1.dir/src/main.c.obj
 .text.unicast_address_print
                0x000273d0       0x74 examples/dimming/dimming_server/CMakeFiles/dimming_server_nrf52840_xxAA_s140_7.0.1.dir/src/main.c.obj
 .text.provisioning_complete_cb
                0x00027444       0x74 examples/dimming/dimming_server/CMakeFiles/dimming_server_nrf52840_xxAA_s140_7.0.1.dir/src/main.c.obj
 .text.app_level_server_transition_cb
                0x000274b8       0x70 examples/dimming/dimming_server/CMakeFiles/dimming_server_nrf52840_xxAA_s140_7.0.1.dir/src/main.c.obj
 .text.app_rtt_input_handler
                0x00027528      0x274 examples/dimming/dimming_server/CMakeFiles/dimming_server_nrf52840_xxAA_s140_7.0.1.dir/src/main.c.obj
 .text.startup.main
                0x0002779c      0x22c examples/dimming/dimming_server/CMakeFiles/dimming_server_nrf52840_xxAA_s140_7.0.1.dir/src/main.c.obj
                0x0002779c                main
 .text.app_level_transition_complete_cb
                0x000279c8       0xb0 examples/dimming/dimming_server/CMakeFiles/dimming_server_nrf52840_xxAA_s140_7.0.1.dir/__/__/common/src/app_level.c.obj
 .text.app_level_transition_tick_cb
                0x00027a78       0xe8 examples/dimming/dimming_server/CMakeFiles/dimming_server_nrf52840_xxAA_s140_7.0.1.dir/__/__/common/src/app_level.c.obj
 .text.generic_level_state_get_cb
                0x00027b60       0x9c examples/dimming/dimming_server/CMakeFiles/dimming_server_nrf52840_xxAA_s140_7.0.1.dir/__/__/common/src/app_level.c.obj
 .text.transition_params_set
                0x00027bfc       0x1c examples/dimming/dimming_server/CMakeFiles/dimming_server_nrf52840_xxAA_s140_7.0.1.dir/__/__/common/src/app_level.c.obj
 .text.generic_level_state_move_set_cb
                0x00027c18       0xd8 examples/dimming/dimming_server/CMakeFiles/dimming_server_nrf52840_xxAA_s140_7.0.1.dir/__/__/common/src/app_level.c.obj
 .text.generic_level_state_set_cb
                0x00027cf0       0xb8 examples/dimming/dimming_server/CMakeFiles/dimming_server_nrf52840_xxAA_s140_7.0.1.dir/__/__/common/src/app_level.c.obj
 .text.generic_level_state_delta_set_cb
                0x00027da8      0x190 examples/dimming/dimming_server/CMakeFiles/dimming_server_nrf52840_xxAA_s140_7.0.1.dir/__/__/common/src/app_level.c.obj
 .text.app_level_transition_start_cb
                0x00027f38       0x78 examples/dimming/dimming_server/CMakeFiles/dimming_server_nrf52840_xxAA_s140_7.0.1.dir/__/__/common/src/app_level.c.obj
 .text.app_level_delay_start_cb
                0x00027fb0       0x64 examples/dimming/dimming_server/CMakeFiles/dimming_server_nrf52840_xxAA_s140_7.0.1.dir/__/__/common/src/app_level.c.obj
 .text.app_level_current_value_publish
                0x00028014       0x4c examples/dimming/dimming_server/CMakeFiles/dimming_server_nrf52840_xxAA_s140_7.0.1.dir/__/__/common/src/app_level.c.obj
                0x00028014                app_level_current_value_publish
 .text.app_level_init
                0x00028060       0x58 examples/dimming/dimming_server/CMakeFiles/dimming_server_nrf52840_xxAA_s140_7.0.1.dir/__/__/common/src/app_level.c.obj
                0x00028060                app_level_init
 .text.app_transition_fsm_action
                0x000280b8       0x10 examples/dimming/dimming_server/CMakeFiles/dimming_server_nrf52840_xxAA_s140_7.0.1.dir/__/__/common/src/app_transition.c.obj
 .text.app_transition_fsm_guard
                0x000280c8       0x10 examples/dimming/dimming_server/CMakeFiles/dimming_server_nrf52840_xxAA_s140_7.0.1.dir/__/__/common/src/app_transition.c.obj
 .text.a_transition_tick
                0x000280d8        0x8 examples/dimming/dimming_server/CMakeFiles/dimming_server_nrf52840_xxAA_s140_7.0.1.dir/__/__/common/src/app_transition.c.obj
 .text.g_set_delay
                0x000280e0        0xa examples/dimming/dimming_server/CMakeFiles/dimming_server_nrf52840_xxAA_s140_7.0.1.dir/__/__/common/src/app_transition.c.obj
 .text.g_set_transition
                0x000280ea       0x16 examples/dimming/dimming_server/CMakeFiles/dimming_server_nrf52840_xxAA_s140_7.0.1.dir/__/__/common/src/app_transition.c.obj
 .text.transition_timer_cb
                0x00028100        0xa examples/dimming/dimming_server/CMakeFiles/dimming_server_nrf52840_xxAA_s140_7.0.1.dir/__/__/common/src/app_transition.c.obj
 .text.delay_cb
                0x0002810a       0x10 examples/dimming/dimming_server/CMakeFiles/dimming_server_nrf52840_xxAA_s140_7.0.1.dir/__/__/common/src/app_transition.c.obj
 .text.g_transition_complete
                0x0002811a       0x3c examples/dimming/dimming_server/CMakeFiles/dimming_server_nrf52840_xxAA_s140_7.0.1.dir/__/__/common/src/app_transition.c.obj
 .text.a_abort  0x00028156       0x1c examples/dimming/dimming_server/CMakeFiles/dimming_server_nrf52840_xxAA_s140_7.0.1.dir/__/__/common/src/app_transition.c.obj
 .text.a_transition_complete
                0x00028172       0x1c examples/dimming/dimming_server/CMakeFiles/dimming_server_nrf52840_xxAA_s140_7.0.1.dir/__/__/common/src/app_transition.c.obj
 *fill*         0x0002818e        0x2 
 .text.a_transition_start
                0x00028190       0xac examples/dimming/dimming_server/CMakeFiles/dimming_server_nrf52840_xxAA_s140_7.0.1.dir/__/__/common/src/app_transition.c.obj
 .text.a_delay_start
                0x0002823c       0x28 examples/dimming/dimming_server/CMakeFiles/dimming_server_nrf52840_xxAA_s140_7.0.1.dir/__/__/common/src/app_transition.c.obj
 .text.app_transition_trigger
                0x00028264       0x1c examples/dimming/dimming_server/CMakeFiles/dimming_server_nrf52840_xxAA_s140_7.0.1.dir/__/__/common/src/app_transition.c.obj
                0x00028264                app_transition_trigger
 .text.app_transition_abort
                0x00028280       0x1c examples/dimming/dimming_server/CMakeFiles/dimming_server_nrf52840_xxAA_s140_7.0.1.dir/__/__/common/src/app_transition.c.obj
                0x00028280                app_transition_abort
 .text.app_transition_remaining_time_get
                0x0002829c       0x32 examples/dimming/dimming_server/CMakeFiles/dimming_server_nrf52840_xxAA_s140_7.0.1.dir/__/__/common/src/app_transition.c.obj
                0x0002829c                app_transition_remaining_time_get
 .text.app_transition_elapsed_time_get
                0x000282ce       0x28 examples/dimming/dimming_server/CMakeFiles/dimming_server_nrf52840_xxAA_s140_7.0.1.dir/__/__/common/src/app_transition.c.obj
                0x000282ce                app_transition_elapsed_time_get
 *fill*         0x000282f6        0x2 
 .text.app_transition_init
                0x000282f8       0x40 examples/dimming/dimming_server/CMakeFiles/dimming_server_nrf52840_xxAA_s140_7.0.1.dir/__/__/common/src/app_transition.c.obj
                0x000282f8                app_transition_init
 .text.mesh_evt_handler
                0x00028338       0x1c examples/dimming/dimming_server/CMakeFiles/dimming_server_nrf52840_xxAA_s140_7.0.1.dir/__/__/__/mesh/stack/src/mesh_stack.c.obj
 .text.mesh_stack_start
                0x00028354       0x1a examples/dimming/dimming_server/CMakeFiles/dimming_server_nrf52840_xxAA_s140_7.0.1.dir/__/__/__/mesh/stack/src/mesh_stack.c.obj
                0x00028354                mesh_stack_start
 *fill*         0x0002836e        0x2 
 .text.mesh_stack_provisioning_data_store
                0x00028370       0xe0 examples/dimming/dimming_server/CMakeFiles/dimming_server_nrf52840_xxAA_s140_7.0.1.dir/__/__/__/mesh/stack/src/mesh_stack.c.obj
                0x00028370                mesh_stack_provisioning_data_store
 .text.mesh_stack_config_clear
                0x00028450       0x16 examples/dimming/dimming_server/CMakeFiles/dimming_server_nrf52840_xxAA_s140_7.0.1.dir/__/__/__/mesh/stack/src/mesh_stack.c.obj
                0x00028450                mesh_stack_config_clear
 *fill*         0x00028466        0x2 
 .text.mesh_stack_init
                0x00028468       0x7c examples/dimming/dimming_server/CMakeFiles/dimming_server_nrf52840_xxAA_s140_7.0.1.dir/__/__/__/mesh/stack/src/mesh_stack.c.obj
                0x00028468                mesh_stack_init
 .text.mesh_stack_is_device_provisioned
                0x000284e4        0x4 examples/dimming/dimming_server/CMakeFiles/dimming_server_nrf52840_xxAA_s140_7.0.1.dir/__/__/__/mesh/stack/src/mesh_stack.c.obj
                0x000284e4                mesh_stack_is_device_provisioned
 .text.mesh_stack_device_reset
                0x000284e8       0x20 examples/dimming/dimming_server/CMakeFiles/dimming_server_nrf52840_xxAA_s140_7.0.1.dir/__/__/__/mesh/stack/src/mesh_stack.c.obj
                0x000284e8                mesh_stack_device_reset
 .text.sd_ble_cfg_set
                0x00028508        0x4 examples/dimming/dimming_server/CMakeFiles/dimming_server_nrf52840_xxAA_s140_7.0.1.dir/__/__/common/src/mesh_provisionee.c.obj
 .text.sd_state_evt_handler
                0x0002850c       0xf4 examples/dimming/dimming_server/CMakeFiles/dimming_server_nrf52840_xxAA_s140_7.0.1.dir/__/__/common/src/mesh_provisionee.c.obj
 .text.mesh_evt_handler
                0x00028600       0x2c examples/dimming/dimming_server/CMakeFiles/dimming_server_nrf52840_xxAA_s140_7.0.1.dir/__/__/common/src/mesh_provisionee.c.obj
 .text.provisionee_start
                0x0002862c       0x30 examples/dimming/dimming_server/CMakeFiles/dimming_server_nrf52840_xxAA_s140_7.0.1.dir/__/__/common/src/mesh_provisionee.c.obj
 .text.prov_evt_handler
                0x0002865c       0xbc examples/dimming/dimming_server/CMakeFiles/dimming_server_nrf52840_xxAA_s140_7.0.1.dir/__/__/common/src/mesh_provisionee.c.obj
 .text.mesh_provisionee_prov_start
                0x00028718       0x94 examples/dimming/dimming_server/CMakeFiles/dimming_server_nrf52840_xxAA_s140_7.0.1.dir/__/__/common/src/mesh_provisionee.c.obj
                0x00028718                mesh_provisionee_prov_start
 .text.timeout_handler
                0x000287ac       0x1c examples/dimming/dimming_server/CMakeFiles/dimming_server_nrf52840_xxAA_s140_7.0.1.dir/__/__/common/src/rtt_input.c.obj
                0x000287ac                timeout_handler
 .text.rtt_input_enable
                0x000287c8       0x6c examples/dimming/dimming_server/CMakeFiles/dimming_server_nrf52840_xxAA_s140_7.0.1.dir/__/__/common/src/rtt_input.c.obj
                0x000287c8                rtt_input_enable
 .text.mesh_app_uuid_print
                0x00028834      0x134 examples/dimming/dimming_server/CMakeFiles/dimming_server_nrf52840_xxAA_s140_7.0.1.dir/__/__/common/src/mesh_app_utils.c.obj
                0x00028834                mesh_app_uuid_print
 .text.pwm_utils_level_set
                0x00028968       0x3c examples/dimming/dimming_server/CMakeFiles/dimming_server_nrf52840_xxAA_s140_7.0.1.dir/__/__/common/src/pwm_utils.c.obj
                0x00028968                pwm_utils_level_set
 .text.pwm_utils_enable
                0x000289a4       0xa0 examples/dimming/dimming_server/CMakeFiles/dimming_server_nrf52840_xxAA_s140_7.0.1.dir/__/__/common/src/pwm_utils.c.obj
                0x000289a4                pwm_utils_enable
 .text.pwm_dealloc
                0x00028a44       0x58 examples/dimming/dimming_server/CMakeFiles/dimming_server_nrf52840_xxAA_s140_7.0.1.dir/C_/mesh/deps/nRF5_SDK_16.0.0_98a08e2/components/libraries/pwm/app_pwm.c.obj
 .text.pwm_ready_tick
                0x00028a9c       0x5c examples/dimming/dimming_server/CMakeFiles/dimming_server_nrf52840_xxAA_s140_7.0.1.dir/C_/mesh/deps/nRF5_SDK_16.0.0_98a08e2/components/libraries/pwm/app_pwm.c.obj
                0x00028a9c                pwm_ready_tick
 .text.app_pwm_busy_check
                0x00028af8       0x3c examples/dimming/dimming_server/CMakeFiles/dimming_server_nrf52840_xxAA_s140_7.0.1.dir/C_/mesh/deps/nRF5_SDK_16.0.0_98a08e2/components/libraries/pwm/app_pwm.c.obj
                0x00028af8                app_pwm_busy_check
 .text.app_pwm_channel_duty_ticks_set
                0x00028b34      0x160 examples/dimming/dimming_server/CMakeFiles/dimming_server_nrf52840_xxAA_s140_7.0.1.dir/C_/mesh/deps/nRF5_SDK_16.0.0_98a08e2/components/libraries/pwm/app_pwm.c.obj
                0x00028b34                app_pwm_channel_duty_ticks_set
 .text.app_pwm_cycle_ticks_get
                0x00028c94        0x6 examples/dimming/dimming_server/CMakeFiles/dimming_server_nrf52840_xxAA_s140_7.0.1.dir/C_/mesh/deps/nRF5_SDK_16.0.0_98a08e2/components/libraries/pwm/app_pwm.c.obj
                0x00028c94                app_pwm_cycle_ticks_get
 *fill*         0x00028c9a        0x2 
 .text.app_pwm_init
                0x00028c9c      0x2cc examples/dimming/dimming_server/CMakeFiles/dimming_server_nrf52840_xxAA_s140_7.0.1.dir/C_/mesh/deps/nRF5_SDK_16.0.0_98a08e2/components/libraries/pwm/app_pwm.c.obj
                0x00028c9c                app_pwm_init
 .text.app_pwm_enable
                0x00028f68       0x74 examples/dimming/dimming_server/CMakeFiles/dimming_server_nrf52840_xxAA_s140_7.0.1.dir/C_/mesh/deps/nRF5_SDK_16.0.0_98a08e2/components/libraries/pwm/app_pwm.c.obj
                0x00028f68                app_pwm_enable
 .text.nrfx_timer_init
                0x00028fdc       0xdc examples/dimming/dimming_server/CMakeFiles/dimming_server_nrf52840_xxAA_s140_7.0.1.dir/C_/mesh/deps/nRF5_SDK_16.0.0_98a08e2/modules/nrfx/drivers/src/nrfx_timer.c.obj
                0x00028fdc                nrfx_timer_init
 .text.nrfx_timer_enable
                0x000290b8       0x1c examples/dimming/dimming_server/CMakeFiles/dimming_server_nrf52840_xxAA_s140_7.0.1.dir/C_/mesh/deps/nRF5_SDK_16.0.0_98a08e2/modules/nrfx/drivers/src/nrfx_timer.c.obj
                0x000290b8                nrfx_timer_enable
 .text.nrfx_timer_disable
                0x000290d4       0x18 examples/dimming/dimming_server/CMakeFiles/dimming_server_nrf52840_xxAA_s140_7.0.1.dir/C_/mesh/deps/nRF5_SDK_16.0.0_98a08e2/modules/nrfx/drivers/src/nrfx_timer.c.obj
                0x000290d4                nrfx_timer_disable
 .text.nrfx_timer_uninit
                0x000290ec       0x50 examples/dimming/dimming_server/CMakeFiles/dimming_server_nrf52840_xxAA_s140_7.0.1.dir/C_/mesh/deps/nRF5_SDK_16.0.0_98a08e2/modules/nrfx/drivers/src/nrfx_timer.c.obj
                0x000290ec                nrfx_timer_uninit
 .text.nrfx_timer_clear
                0x0002913c        0x8 examples/dimming/dimming_server/CMakeFiles/dimming_server_nrf52840_xxAA_s140_7.0.1.dir/C_/mesh/deps/nRF5_SDK_16.0.0_98a08e2/modules/nrfx/drivers/src/nrfx_timer.c.obj
                0x0002913c                nrfx_timer_clear
 .text.nrfx_timer_compare
                0x00029144       0x36 examples/dimming/dimming_server/CMakeFiles/dimming_server_nrf52840_xxAA_s140_7.0.1.dir/C_/mesh/deps/nRF5_SDK_16.0.0_98a08e2/modules/nrfx/drivers/src/nrfx_timer.c.obj
                0x00029144                nrfx_timer_compare
 .text.nrfx_timer_extended_compare
                0x0002917a       0x2c examples/dimming/dimming_server/CMakeFiles/dimming_server_nrf52840_xxAA_s140_7.0.1.dir/C_/mesh/deps/nRF5_SDK_16.0.0_98a08e2/modules/nrfx/drivers/src/nrfx_timer.c.obj
                0x0002917a                nrfx_timer_extended_compare
 .text.nrfx_timer_compare_int_enable
                0x000291a6       0x28 examples/dimming/dimming_server/CMakeFiles/dimming_server_nrf52840_xxAA_s140_7.0.1.dir/C_/mesh/deps/nRF5_SDK_16.0.0_98a08e2/modules/nrfx/drivers/src/nrfx_timer.c.obj
                0x000291a6                nrfx_timer_compare_int_enable
 .text.nrfx_timer_compare_int_disable
                0x000291ce       0x10 examples/dimming/dimming_server/CMakeFiles/dimming_server_nrf52840_xxAA_s140_7.0.1.dir/C_/mesh/deps/nRF5_SDK_16.0.0_98a08e2/modules/nrfx/drivers/src/nrfx_timer.c.obj
                0x000291ce                nrfx_timer_compare_int_disable
 *fill*         0x000291de        0x2 
 .text.TIMER1_IRQHandler
                0x000291e0       0x54 examples/dimming/dimming_server/CMakeFiles/dimming_server_nrf52840_xxAA_s140_7.0.1.dir/C_/mesh/deps/nRF5_SDK_16.0.0_98a08e2/modules/nrfx/drivers/src/nrfx_timer.c.obj
                0x000291e0                TIMER1_IRQHandler
 .text.nrfx_ppi_channel_alloc
                0x00029234       0x68 examples/dimming/dimming_server/CMakeFiles/dimming_server_nrf52840_xxAA_s140_7.0.1.dir/C_/mesh/deps/nRF5_SDK_16.0.0_98a08e2/modules/nrfx/drivers/src/nrfx_ppi.c.obj
                0x00029234                nrfx_ppi_channel_alloc
 .text.nrfx_ppi_channel_free
                0x0002929c       0x48 examples/dimming/dimming_server/CMakeFiles/dimming_server_nrf52840_xxAA_s140_7.0.1.dir/C_/mesh/deps/nRF5_SDK_16.0.0_98a08e2/modules/nrfx/drivers/src/nrfx_ppi.c.obj
                0x0002929c                nrfx_ppi_channel_free
 .text.nrfx_ppi_channel_assign
                0x000292e4       0x40 examples/dimming/dimming_server/CMakeFiles/dimming_server_nrf52840_xxAA_s140_7.0.1.dir/C_/mesh/deps/nRF5_SDK_16.0.0_98a08e2/modules/nrfx/drivers/src/nrfx_ppi.c.obj
                0x000292e4                nrfx_ppi_channel_assign
 .text.nrfx_ppi_channel_enable
                0x00029324       0x30 examples/dimming/dimming_server/CMakeFiles/dimming_server_nrf52840_xxAA_s140_7.0.1.dir/C_/mesh/deps/nRF5_SDK_16.0.0_98a08e2/modules/nrfx/drivers/src/nrfx_ppi.c.obj
                0x00029324                nrfx_ppi_channel_enable
 .text.nrfx_ppi_channel_disable
                0x00029354       0x30 examples/dimming/dimming_server/CMakeFiles/dimming_server_nrf52840_xxAA_s140_7.0.1.dir/C_/mesh/deps/nRF5_SDK_16.0.0_98a08e2/modules/nrfx/drivers/src/nrfx_ppi.c.obj
                0x00029354                nrfx_ppi_channel_disable
 .text.nrf_gpiote_event_clear
                0x00029384       0x18 examples/dimming/dimming_server/CMakeFiles/dimming_server_nrf52840_xxAA_s140_7.0.1.dir/C_/mesh/deps/nRF5_SDK_16.0.0_98a08e2/modules/nrfx/drivers/src/nrfx_gpiote.c.obj
 .text.nrf_gpio_pin_port_decode
                0x0002939c       0x18 examples/dimming/dimming_server/CMakeFiles/dimming_server_nrf52840_xxAA_s140_7.0.1.dir/C_/mesh/deps/nRF5_SDK_16.0.0_98a08e2/modules/nrfx/drivers/src/nrfx_gpiote.c.obj
 .text.nrf_gpio_cfg_sense_set
                0x000293b4       0x2e examples/dimming/dimming_server/CMakeFiles/dimming_server_nrf52840_xxAA_s140_7.0.1.dir/C_/mesh/deps/nRF5_SDK_16.0.0_98a08e2/modules/nrfx/drivers/src/nrfx_gpiote.c.obj
 *fill*         0x000293e2        0x2 
 .text.channel_free
                0x000293e4       0x1c examples/dimming/dimming_server/CMakeFiles/dimming_server_nrf52840_xxAA_s140_7.0.1.dir/C_/mesh/deps/nRF5_SDK_16.0.0_98a08e2/modules/nrfx/drivers/src/nrfx_gpiote.c.obj
 .text.nrfx_gpiote_init
                0x00029400       0x70 examples/dimming/dimming_server/CMakeFiles/dimming_server_nrf52840_xxAA_s140_7.0.1.dir/C_/mesh/deps/nRF5_SDK_16.0.0_98a08e2/modules/nrfx/drivers/src/nrfx_gpiote.c.obj
                0x00029400                nrfx_gpiote_init
 .text.nrfx_gpiote_is_init
                0x00029470       0x14 examples/dimming/dimming_server/CMakeFiles/dimming_server_nrf52840_xxAA_s140_7.0.1.dir/C_/mesh/deps/nRF5_SDK_16.0.0_98a08e2/modules/nrfx/drivers/src/nrfx_gpiote.c.obj
                0x00029470                nrfx_gpiote_is_init
 .text.nrfx_gpiote_out_init
                0x00029484       0xe0 examples/dimming/dimming_server/CMakeFiles/dimming_server_nrf52840_xxAA_s140_7.0.1.dir/C_/mesh/deps/nRF5_SDK_16.0.0_98a08e2/modules/nrfx/drivers/src/nrfx_gpiote.c.obj
                0x00029484                nrfx_gpiote_out_init
 .text.nrfx_gpiote_out_uninit
                0x00029564       0x6c examples/dimming/dimming_server/CMakeFiles/dimming_server_nrf52840_xxAA_s140_7.0.1.dir/C_/mesh/deps/nRF5_SDK_16.0.0_98a08e2/modules/nrfx/drivers/src/nrfx_gpiote.c.obj
                0x00029564                nrfx_gpiote_out_uninit
 .text.nrfx_gpiote_out_task_enable
                0x000295d0       0x24 examples/dimming/dimming_server/CMakeFiles/dimming_server_nrf52840_xxAA_s140_7.0.1.dir/C_/mesh/deps/nRF5_SDK_16.0.0_98a08e2/modules/nrfx/drivers/src/nrfx_gpiote.c.obj
                0x000295d0                nrfx_gpiote_out_task_enable
 .text.nrfx_gpiote_set_task_addr_get
                0x000295f4       0x1c examples/dimming/dimming_server/CMakeFiles/dimming_server_nrf52840_xxAA_s140_7.0.1.dir/C_/mesh/deps/nRF5_SDK_16.0.0_98a08e2/modules/nrfx/drivers/src/nrfx_gpiote.c.obj
                0x000295f4                nrfx_gpiote_set_task_addr_get
 .text.nrfx_gpiote_clr_task_addr_get
                0x00029610       0x1c examples/dimming/dimming_server/CMakeFiles/dimming_server_nrf52840_xxAA_s140_7.0.1.dir/C_/mesh/deps/nRF5_SDK_16.0.0_98a08e2/modules/nrfx/drivers/src/nrfx_gpiote.c.obj
                0x00029610                nrfx_gpiote_clr_task_addr_get
 .text.nrfx_gpiote_out_task_force
                0x0002962c       0x30 examples/dimming/dimming_server/CMakeFiles/dimming_server_nrf52840_xxAA_s140_7.0.1.dir/C_/mesh/deps/nRF5_SDK_16.0.0_98a08e2/modules/nrfx/drivers/src/nrfx_gpiote.c.obj
                0x0002962c                nrfx_gpiote_out_task_force
 .text.GPIOTE_IRQHandler
                0x0002965c      0x198 examples/dimming/dimming_server/CMakeFiles/dimming_server_nrf52840_xxAA_s140_7.0.1.dir/C_/mesh/deps/nRF5_SDK_16.0.0_98a08e2/modules/nrfx/drivers/src/nrfx_gpiote.c.obj
                0x0002965c                GPIOTE_IRQHandler
 .text.nrf_drv_ppi_init
                0x000297f4       0x14 examples/dimming/dimming_server/CMakeFiles/dimming_server_nrf52840_xxAA_s140_7.0.1.dir/C_/mesh/deps/nRF5_SDK_16.0.0_98a08e2/integration/nrfx/legacy/nrf_drv_ppi.c.obj
                0x000297f4                nrf_drv_ppi_init
 .text.sd_ble_gap_adv_set_configure
                0x00029808        0x4 examples/dimming/dimming_server/CMakeFiles/dimming_server_nrf52840_xxAA_s140_7.0.1.dir/__/__/common/src/mesh_adv.c.obj
 .text.sd_ble_gap_adv_start
                0x0002980c        0x4 examples/dimming/dimming_server/CMakeFiles/dimming_server_nrf52840_xxAA_s140_7.0.1.dir/__/__/common/src/mesh_adv.c.obj
 .text.sd_ble_gap_adv_stop
                0x00029810        0x4 examples/dimming/dimming_server/CMakeFiles/dimming_server_nrf52840_xxAA_s140_7.0.1.dir/__/__/common/src/mesh_adv.c.obj
 .text.mesh_adv_data_set
                0x00029814       0xe0 examples/dimming/dimming_server/CMakeFiles/dimming_server_nrf52840_xxAA_s140_7.0.1.dir/__/__/common/src/mesh_adv.c.obj
                0x00029814                mesh_adv_data_set
 .text.mesh_adv_params_set
                0x000298f4       0x28 examples/dimming/dimming_server/CMakeFiles/dimming_server_nrf52840_xxAA_s140_7.0.1.dir/__/__/common/src/mesh_adv.c.obj
                0x000298f4                mesh_adv_params_set
 .text.mesh_adv_start
                0x0002991c       0x20 examples/dimming/dimming_server/CMakeFiles/dimming_server_nrf52840_xxAA_s140_7.0.1.dir/__/__/common/src/mesh_adv.c.obj
                0x0002991c                mesh_adv_start
 .text.mesh_adv_stop
                0x0002993c       0x1c examples/dimming/dimming_server/CMakeFiles/dimming_server_nrf52840_xxAA_s140_7.0.1.dir/__/__/common/src/mesh_adv.c.obj
                0x0002993c                mesh_adv_stop
 .text.sd_ble_gap_disconnect
                0x00029958        0x4 examples/dimming/dimming_server/CMakeFiles/dimming_server_nrf52840_xxAA_s140_7.0.1.dir/__/__/common/src/ble_softdevice_support.c.obj
 .text.sd_ble_gap_ppcp_set
                0x0002995c        0x4 examples/dimming/dimming_server/CMakeFiles/dimming_server_nrf52840_xxAA_s140_7.0.1.dir/__/__/common/src/ble_softdevice_support.c.obj
 .text.sd_ble_gap_device_name_set
                0x00029960        0x4 examples/dimming/dimming_server/CMakeFiles/dimming_server_nrf52840_xxAA_s140_7.0.1.dir/__/__/common/src/ble_softdevice_support.c.obj
 .text.sd_ble_cfg_set
                0x00029964        0x4 examples/dimming/dimming_server/CMakeFiles/dimming_server_nrf52840_xxAA_s140_7.0.1.dir/__/__/common/src/ble_softdevice_support.c.obj
 .text.conn_params_error_handler
                0x00029968        0x4 examples/dimming/dimming_server/CMakeFiles/dimming_server_nrf52840_xxAA_s140_7.0.1.dir/__/__/common/src/ble_softdevice_support.c.obj
 .text.on_sd_evt
                0x0002996c        0x4 examples/dimming/dimming_server/CMakeFiles/dimming_server_nrf52840_xxAA_s140_7.0.1.dir/__/__/common/src/ble_softdevice_support.c.obj
 .text.on_conn_params_evt
                0x00029970       0x80 examples/dimming/dimming_server/CMakeFiles/dimming_server_nrf52840_xxAA_s140_7.0.1.dir/__/__/common/src/ble_softdevice_support.c.obj
 .text.ble_stack_init
                0x000299f0       0x78 examples/dimming/dimming_server/CMakeFiles/dimming_server_nrf52840_xxAA_s140_7.0.1.dir/__/__/common/src/ble_softdevice_support.c.obj
                0x000299f0                ble_stack_init
 .text.gap_params_init
                0x00029a68       0x50 examples/dimming/dimming_server/CMakeFiles/dimming_server_nrf52840_xxAA_s140_7.0.1.dir/__/__/common/src/ble_softdevice_support.c.obj
                0x00029a68                gap_params_init
 .text.conn_params_init
                0x00029ab8       0x68 examples/dimming/dimming_server/CMakeFiles/dimming_server_nrf52840_xxAA_s140_7.0.1.dir/__/__/common/src/ble_softdevice_support.c.obj
                0x00029ab8                conn_params_init
 .text.app_util_critical_region_enter
                0x00029b20       0x48 examples/dimming/dimming_server/CMakeFiles/dimming_server_nrf52840_xxAA_s140_7.0.1.dir/C_/mesh/deps/nRF5_SDK_16.0.0_98a08e2/components/libraries/util/app_util_platform.c.obj
                0x00029b20                app_util_critical_region_enter
 .text.app_util_critical_region_exit
                0x00029b68       0x2c examples/dimming/dimming_server/CMakeFiles/dimming_server_nrf52840_xxAA_s140_7.0.1.dir/C_/mesh/deps/nRF5_SDK_16.0.0_98a08e2/components/libraries/util/app_util_platform.c.obj
                0x00029b68                app_util_critical_region_exit
 .text.sd_ble_gap_addr_get
                0x00029b94        0x4 examples/dimming/dimming_server/CMakeFiles/dimming_server_nrf52840_xxAA_s140_7.0.1.dir/C_/mesh/deps/nRF5_SDK_16.0.0_98a08e2/components/ble/common/ble_advdata.c.obj
 .text.sd_ble_gap_appearance_get
                0x00029b98        0x4 examples/dimming/dimming_server/CMakeFiles/dimming_server_nrf52840_xxAA_s140_7.0.1.dir/C_/mesh/deps/nRF5_SDK_16.0.0_98a08e2/components/ble/common/ble_advdata.c.obj
 .text.sd_ble_gap_device_name_get
                0x00029b9c        0x4 examples/dimming/dimming_server/CMakeFiles/dimming_server_nrf52840_xxAA_s140_7.0.1.dir/C_/mesh/deps/nRF5_SDK_16.0.0_98a08e2/components/ble/common/ble_advdata.c.obj
 .text.sd_ble_uuid_encode
                0x00029ba0        0x4 examples/dimming/dimming_server/CMakeFiles/dimming_server_nrf52840_xxAA_s140_7.0.1.dir/C_/mesh/deps/nRF5_SDK_16.0.0_98a08e2/components/ble/common/ble_advdata.c.obj
 .text.uuid_list_sized_encode
                0x00029ba4       0xac examples/dimming/dimming_server/CMakeFiles/dimming_server_nrf52840_xxAA_s140_7.0.1.dir/C_/mesh/deps/nRF5_SDK_16.0.0_98a08e2/components/ble/common/ble_advdata.c.obj
 .text.uuid_list_encode
                0x00029c50       0x38 examples/dimming/dimming_server/CMakeFiles/dimming_server_nrf52840_xxAA_s140_7.0.1.dir/C_/mesh/deps/nRF5_SDK_16.0.0_98a08e2/components/ble/common/ble_advdata.c.obj
 .text.ble_advdata_encode
                0x00029c88      0x394 examples/dimming/dimming_server/CMakeFiles/dimming_server_nrf52840_xxAA_s140_7.0.1.dir/C_/mesh/deps/nRF5_SDK_16.0.0_98a08e2/components/ble/common/ble_advdata.c.obj
                0x00029c88                ble_advdata_encode
 .text.nrf_section_iter_init
                0x0002a01c       0x12 examples/dimming/dimming_server/CMakeFiles/dimming_server_nrf52840_xxAA_s140_7.0.1.dir/C_/mesh/deps/nRF5_SDK_16.0.0_98a08e2/components/libraries/experimental_section_vars/nrf_section_iter.c.obj
                0x0002a01c                nrf_section_iter_init
 .text.nrf_section_iter_next
                0x0002a02e       0x18 examples/dimming/dimming_server/CMakeFiles/dimming_server_nrf52840_xxAA_s140_7.0.1.dir/C_/mesh/deps/nRF5_SDK_16.0.0_98a08e2/components/libraries/experimental_section_vars/nrf_section_iter.c.obj
                0x0002a02e                nrf_section_iter_next
 .text.sd_evt_get
                0x0002a046        0x4 examples/dimming/dimming_server/CMakeFiles/dimming_server_nrf52840_xxAA_s140_7.0.1.dir/C_/mesh/deps/nRF5_SDK_16.0.0_98a08e2/components/softdevice/common/nrf_sdh_soc.c.obj
 *fill*         0x0002a04a        0x2 
 .text.nrf_sdh_soc_evts_poll
                0x0002a04c       0x3c examples/dimming/dimming_server/CMakeFiles/dimming_server_nrf52840_xxAA_s140_7.0.1.dir/C_/mesh/deps/nRF5_SDK_16.0.0_98a08e2/components/softdevice/common/nrf_sdh_soc.c.obj
 .text.sd_ble_enable
                0x0002a088        0x4 examples/dimming/dimming_server/CMakeFiles/dimming_server_nrf52840_xxAA_s140_7.0.1.dir/C_/mesh/deps/nRF5_SDK_16.0.0_98a08e2/components/softdevice/common/nrf_sdh_ble.c.obj
 .text.sd_ble_cfg_set
                0x0002a08c        0x4 examples/dimming/dimming_server/CMakeFiles/dimming_server_nrf52840_xxAA_s140_7.0.1.dir/C_/mesh/deps/nRF5_SDK_16.0.0_98a08e2/components/softdevice/common/nrf_sdh_ble.c.obj
 .text.sd_ble_evt_get
                0x0002a090        0x4 examples/dimming/dimming_server/CMakeFiles/dimming_server_nrf52840_xxAA_s140_7.0.1.dir/C_/mesh/deps/nRF5_SDK_16.0.0_98a08e2/components/softdevice/common/nrf_sdh_ble.c.obj
 .text.nrf_sdh_ble_evts_poll
                0x0002a094       0x50 examples/dimming/dimming_server/CMakeFiles/dimming_server_nrf52840_xxAA_s140_7.0.1.dir/C_/mesh/deps/nRF5_SDK_16.0.0_98a08e2/components/softdevice/common/nrf_sdh_ble.c.obj
 .text.nrf_sdh_ble_default_cfg_set
                0x0002a0e4       0xd0 examples/dimming/dimming_server/CMakeFiles/dimming_server_nrf52840_xxAA_s140_7.0.1.dir/C_/mesh/deps/nRF5_SDK_16.0.0_98a08e2/components/softdevice/common/nrf_sdh_ble.c.obj
                0x0002a0e4                nrf_sdh_ble_default_cfg_set
 .text.nrf_sdh_ble_enable
                0x0002a1b4       0x14 examples/dimming/dimming_server/CMakeFiles/dimming_server_nrf52840_xxAA_s140_7.0.1.dir/C_/mesh/deps/nRF5_SDK_16.0.0_98a08e2/components/softdevice/common/nrf_sdh_ble.c.obj
                0x0002a1b4                nrf_sdh_ble_enable
 .text.sd_softdevice_enable
                0x0002a1c8        0x4 examples/dimming/dimming_server/CMakeFiles/dimming_server_nrf52840_xxAA_s140_7.0.1.dir/C_/mesh/deps/nRF5_SDK_16.0.0_98a08e2/components/softdevice/common/nrf_sdh.c.obj
 .text.sd_softdevice_disable
                0x0002a1cc        0x4 examples/dimming/dimming_server/CMakeFiles/dimming_server_nrf52840_xxAA_s140_7.0.1.dir/C_/mesh/deps/nRF5_SDK_16.0.0_98a08e2/components/softdevice/common/nrf_sdh.c.obj
 .text.sdh_request_observer_notify
                0x0002a1d0       0x30 examples/dimming/dimming_server/CMakeFiles/dimming_server_nrf52840_xxAA_s140_7.0.1.dir/C_/mesh/deps/nRF5_SDK_16.0.0_98a08e2/components/softdevice/common/nrf_sdh.c.obj
 .text.sdh_state_observer_notify
                0x0002a200       0x28 examples/dimming/dimming_server/CMakeFiles/dimming_server_nrf52840_xxAA_s140_7.0.1.dir/C_/mesh/deps/nRF5_SDK_16.0.0_98a08e2/components/softdevice/common/nrf_sdh.c.obj
 .text.softdevice_evt_irq_disable
                0x0002a228       0x24 examples/dimming/dimming_server/CMakeFiles/dimming_server_nrf52840_xxAA_s140_7.0.1.dir/C_/mesh/deps/nRF5_SDK_16.0.0_98a08e2/components/softdevice/common/nrf_sdh.c.obj
 .text.softdevices_evt_irq_enable
                0x0002a24c       0x38 examples/dimming/dimming_server/CMakeFiles/dimming_server_nrf52840_xxAA_s140_7.0.1.dir/C_/mesh/deps/nRF5_SDK_16.0.0_98a08e2/components/softdevice/common/nrf_sdh.c.obj
 .text.nrf_sdh_enable_request
                0x0002a284       0x7c examples/dimming/dimming_server/CMakeFiles/dimming_server_nrf52840_xxAA_s140_7.0.1.dir/C_/mesh/deps/nRF5_SDK_16.0.0_98a08e2/components/softdevice/common/nrf_sdh.c.obj
                0x0002a284                nrf_sdh_enable_request
 .text.nrf_sdh_disable_request
                0x0002a300       0x60 examples/dimming/dimming_server/CMakeFiles/dimming_server_nrf52840_xxAA_s140_7.0.1.dir/C_/mesh/deps/nRF5_SDK_16.0.0_98a08e2/components/softdevice/common/nrf_sdh.c.obj
                0x0002a300                nrf_sdh_disable_request
 .text.nrf_sdh_evts_poll
                0x0002a360       0x28 examples/dimming/dimming_server/CMakeFiles/dimming_server_nrf52840_xxAA_s140_7.0.1.dir/C_/mesh/deps/nRF5_SDK_16.0.0_98a08e2/components/softdevice/common/nrf_sdh.c.obj
                0x0002a360                nrf_sdh_evts_poll
 .text.SWI2_EGU2_IRQHandler
                0x0002a388        0x4 examples/dimming/dimming_server/CMakeFiles/dimming_server_nrf52840_xxAA_s140_7.0.1.dir/C_/mesh/deps/nRF5_SDK_16.0.0_98a08e2/components/softdevice/common/nrf_sdh.c.obj
                0x0002a388                SWI2_EGU2_IRQHandler
 .text.sd_ble_gap_conn_param_update
                0x0002a38c        0x4 examples/dimming/dimming_server/CMakeFiles/dimming_server_nrf52840_xxAA_s140_7.0.1.dir/C_/mesh/deps/nRF5_SDK_16.0.0_98a08e2/components/ble/common/ble_conn_params.c.obj
 .text.sd_ble_gap_disconnect
                0x0002a390        0x4 examples/dimming/dimming_server/CMakeFiles/dimming_server_nrf52840_xxAA_s140_7.0.1.dir/C_/mesh/deps/nRF5_SDK_16.0.0_98a08e2/components/ble/common/ble_conn_params.c.obj
 .text.sd_ble_gap_ppcp_set
                0x0002a394        0x4 examples/dimming/dimming_server/CMakeFiles/dimming_server_nrf52840_xxAA_s140_7.0.1.dir/C_/mesh/deps/nRF5_SDK_16.0.0_98a08e2/components/ble/common/ble_conn_params.c.obj
 .text.sd_ble_gap_ppcp_get
                0x0002a398        0x4 examples/dimming/dimming_server/CMakeFiles/dimming_server_nrf52840_xxAA_s140_7.0.1.dir/C_/mesh/deps/nRF5_SDK_16.0.0_98a08e2/components/ble/common/ble_conn_params.c.obj
 .text.instance_get
                0x0002a39c       0x14 examples/dimming/dimming_server/CMakeFiles/dimming_server_nrf52840_xxAA_s140_7.0.1.dir/C_/mesh/deps/nRF5_SDK_16.0.0_98a08e2/components/ble/common/ble_conn_params.c.obj
 .text.send_error_evt
                0x0002a3b0       0x10 examples/dimming/dimming_server/CMakeFiles/dimming_server_nrf52840_xxAA_s140_7.0.1.dir/C_/mesh/deps/nRF5_SDK_16.0.0_98a08e2/components/ble/common/ble_conn_params.c.obj
 .text.update_timeout_handler
                0x0002a3c0       0x6c examples/dimming/dimming_server/CMakeFiles/dimming_server_nrf52840_xxAA_s140_7.0.1.dir/C_/mesh/deps/nRF5_SDK_16.0.0_98a08e2/components/ble/common/ble_conn_params.c.obj
 .text.conn_params_negotiation
                0x0002a42c       0x48 examples/dimming/dimming_server/CMakeFiles/dimming_server_nrf52840_xxAA_s140_7.0.1.dir/C_/mesh/deps/nRF5_SDK_16.0.0_98a08e2/components/ble/common/ble_conn_params.c.obj
 .text.is_conn_params_ok.constprop.0
                0x0002a474       0x34 examples/dimming/dimming_server/CMakeFiles/dimming_server_nrf52840_xxAA_s140_7.0.1.dir/C_/mesh/deps/nRF5_SDK_16.0.0_98a08e2/components/ble/common/ble_conn_params.c.obj
 .text.ble_evt_handler
                0x0002a4a8       0xe0 examples/dimming/dimming_server/CMakeFiles/dimming_server_nrf52840_xxAA_s140_7.0.1.dir/C_/mesh/deps/nRF5_SDK_16.0.0_98a08e2/components/ble/common/ble_conn_params.c.obj
 .text.ble_conn_params_init
                0x0002a588       0x74 examples/dimming/dimming_server/CMakeFiles/dimming_server_nrf52840_xxAA_s140_7.0.1.dir/C_/mesh/deps/nRF5_SDK_16.0.0_98a08e2/components/ble/common/ble_conn_params.c.obj
                0x0002a588                ble_conn_params_init
 .text.ble_srv_is_notification_enabled
                0x0002a5fc        0x8 examples/dimming/dimming_server/CMakeFiles/dimming_server_nrf52840_xxAA_s140_7.0.1.dir/C_/mesh/deps/nRF5_SDK_16.0.0_98a08e2/components/ble/common/ble_srv_common.c.obj
                0x0002a5fc                ble_srv_is_notification_enabled
 .text._weak_handler
                0x0002a604        0x4 examples/dimming/dimming_server/CMakeFiles/dimming_server_nrf52840_xxAA_s140_7.0.1.dir/__/__/nrf_mesh_weak.c.obj
                0x0002a604                nrf_mesh_dfu_init
                0x0002a604                nrf_mesh_dfu_jump_to_bootloader
                0x0002a604                nrf_mesh_dfu_rx
                0x0002a604                prov_provisioner_provision
                0x0002a604                nrf_mesh_dfu_bank_info_get
                0x0002a604                prov_provisioner_oob_pubkey
                0x0002a604                nrf_mesh_dfu_request
                0x0002a604                nrf_mesh_dfu_bank_flash
                0x0002a604                nrf_mesh_dfu_enable
                0x0002a604                _weak_handler
                0x0002a604                nrf_mesh_dfu_relay
                0x0002a604                nrf_mesh_dfu_abort
                0x0002a604                mesh_flash_op_execute
                0x0002a604                prov_provisionee_init
                0x0002a604                nrf_mesh_dfu_state_get
                0x0002a604                prov_provisioner_shared_secret
                0x0002a604                prov_provisioner_auth_data
                0x0002a604                prov_bearer_adv_packet_in
                0x0002a604                prov_provisioner_oob_use
 .text.app_error_fault_handler
                0x0002a608      0x200 examples/dimming/dimming_server/CMakeFiles/dimming_server_nrf52840_xxAA_s140_7.0.1.dir/__/__/common/src/app_error_weak.c.obj
                0x0002a608                app_error_fault_handler
 .text.mesh_assertion_handler
                0x0002a808       0x24 examples/dimming/dimming_server/CMakeFiles/dimming_server_nrf52840_xxAA_s140_7.0.1.dir/__/__/common/src/assertion_handler_weak.c.obj
                0x0002a808                mesh_assertion_handler
 .text.nrf_mesh_configure_device_uuid_set
                0x0002a82c       0x10 examples/dimming/dimming_server/CMakeFiles/dimming_server_nrf52840_xxAA_s140_7.0.1.dir/__/__/__/mesh/core/src/nrf_mesh_configure.c.obj
                0x0002a82c                nrf_mesh_configure_device_uuid_set
 .text.nrf_mesh_configure_device_uuid_reset
                0x0002a83c       0x40 examples/dimming/dimming_server/CMakeFiles/dimming_server_nrf52840_xxAA_s140_7.0.1.dir/__/__/__/mesh/core/src/nrf_mesh_configure.c.obj
                0x0002a83c                nrf_mesh_configure_device_uuid_reset
 .text.nrf_mesh_configure_device_uuid_get
                0x0002a87c        0x8 examples/dimming/dimming_server/CMakeFiles/dimming_server_nrf52840_xxAA_s140_7.0.1.dir/__/__/__/mesh/core/src/nrf_mesh_configure.c.obj
                0x0002a87c                nrf_mesh_configure_device_uuid_get
 .text.msg_cache_init
                0x0002a884       0x24 examples/dimming/dimming_server/CMakeFiles/dimming_server_nrf52840_xxAA_s140_7.0.1.dir/__/__/__/mesh/core/src/msg_cache.c.obj
                0x0002a884                msg_cache_init
 .text.msg_cache_entry_exists
                0x0002a8a8       0x3c examples/dimming/dimming_server/CMakeFiles/dimming_server_nrf52840_xxAA_s140_7.0.1.dir/__/__/__/mesh/core/src/msg_cache.c.obj
                0x0002a8a8                msg_cache_entry_exists
 .text.msg_cache_entry_add
                0x0002a8e4       0x30 examples/dimming/dimming_server/CMakeFiles/dimming_server_nrf52840_xxAA_s140_7.0.1.dir/__/__/__/mesh/core/src/msg_cache.c.obj
                0x0002a8e4                msg_cache_entry_add
 .text.transport_sar_first_seq_num_get
                0x0002a914       0x12 examples/dimming/dimming_server/CMakeFiles/dimming_server_nrf52840_xxAA_s140_7.0.1.dir/__/__/__/mesh/core/src/transport.c.obj
 *fill*         0x0002a926        0x2 
 .text.control_packet_callback_get
                0x0002a928       0x40 examples/dimming/dimming_server/CMakeFiles/dimming_server_nrf52840_xxAA_s140_7.0.1.dir/__/__/__/mesh/core/src/transport.c.obj
 .text.tx_complete
                0x0002a968       0x2c examples/dimming/dimming_server/CMakeFiles/dimming_server_nrf52840_xxAA_s140_7.0.1.dir/__/__/__/mesh/core/src/transport.c.obj
 .text.block_ack_full
                0x0002a994       0x1a examples/dimming/dimming_server/CMakeFiles/dimming_server_nrf52840_xxAA_s140_7.0.1.dir/__/__/__/mesh/core/src/transport.c.obj
 .text.upper_trs_packet_encrypt
                0x0002a9ae       0x86 examples/dimming/dimming_server/CMakeFiles/dimming_server_nrf52840_xxAA_s140_7.0.1.dir/__/__/__/mesh/core/src/transport.c.obj
 .text.sar_ctx_alloc
                0x0002aa34       0xbc examples/dimming/dimming_server/CMakeFiles/dimming_server_nrf52840_xxAA_s140_7.0.1.dir/__/__/__/mesh/core/src/transport.c.obj
 .text.sar_ctx_free
                0x0002aaf0       0x3a examples/dimming/dimming_server/CMakeFiles/dimming_server_nrf52840_xxAA_s140_7.0.1.dir/__/__/__/mesh/core/src/transport.c.obj
 .text.sar_ctx_tx_complete
                0x0002ab2a       0x34 examples/dimming/dimming_server/CMakeFiles/dimming_server_nrf52840_xxAA_s140_7.0.1.dir/__/__/__/mesh/core/src/transport.c.obj
 .text.transport_metadata_validate
                0x0002ab5e       0x54 examples/dimming/dimming_server/CMakeFiles/dimming_server_nrf52840_xxAA_s140_7.0.1.dir/__/__/__/mesh/core/src/transport.c.obj
 *fill*         0x0002abb2        0x2 
 .text.test_transport_decrypt
                0x0002abb4       0x88 examples/dimming/dimming_server/CMakeFiles/dimming_server_nrf52840_xxAA_s140_7.0.1.dir/__/__/__/mesh/core/src/transport.c.obj
 .text.replay_list_add
                0x0002ac3c       0x4c examples/dimming/dimming_server/CMakeFiles/dimming_server_nrf52840_xxAA_s140_7.0.1.dir/__/__/__/mesh/core/src/transport.c.obj
 .text.upper_transport_access_packet_in
                0x0002ac88      0x1a0 examples/dimming/dimming_server/CMakeFiles/dimming_server_nrf52840_xxAA_s140_7.0.1.dir/__/__/__/mesh/core/src/transport.c.obj
 .text.trs_packet_header_build
                0x0002ae28       0xa4 examples/dimming/dimming_server/CMakeFiles/dimming_server_nrf52840_xxAA_s140_7.0.1.dir/__/__/__/mesh/core/src/transport.c.obj
 .text.trs_sar_packet_out
                0x0002aecc      0x10c examples/dimming/dimming_server/CMakeFiles/dimming_server_nrf52840_xxAA_s140_7.0.1.dir/__/__/__/mesh/core/src/transport.c.obj
 .text.tx_retry_timer_reset
                0x0002afd8       0x3c examples/dimming/dimming_server/CMakeFiles/dimming_server_nrf52840_xxAA_s140_7.0.1.dir/__/__/__/mesh/core/src/transport.c.obj
 .text.segmented_packet_tx
                0x0002b014      0x148 examples/dimming/dimming_server/CMakeFiles/dimming_server_nrf52840_xxAA_s140_7.0.1.dir/__/__/__/mesh/core/src/transport.c.obj
 .text.sar_ctx_cancel
                0x0002b15c       0xe0 examples/dimming/dimming_server/CMakeFiles/dimming_server_nrf52840_xxAA_s140_7.0.1.dir/__/__/__/mesh/core/src/transport.c.obj
 .text.abort_timeout
                0x0002b23c        0x8 examples/dimming/dimming_server/CMakeFiles/dimming_server_nrf52840_xxAA_s140_7.0.1.dir/__/__/__/mesh/core/src/transport.c.obj
 .text.retry_timeout
                0x0002b244       0x4c examples/dimming/dimming_server/CMakeFiles/dimming_server_nrf52840_xxAA_s140_7.0.1.dir/__/__/__/mesh/core/src/transport.c.obj
 .text.transport_control_packet_in
                0x0002b290      0x1d8 examples/dimming/dimming_server/CMakeFiles/dimming_server_nrf52840_xxAA_s140_7.0.1.dir/__/__/__/mesh/core/src/transport.c.obj
 .text.upper_transport_tx
                0x0002b468       0x8e examples/dimming/dimming_server/CMakeFiles/dimming_server_nrf52840_xxAA_s140_7.0.1.dir/__/__/__/mesh/core/src/transport.c.obj
 *fill*         0x0002b4f6        0x2 
 .text.transport_init
                0x0002b4f8       0x84 examples/dimming/dimming_server/CMakeFiles/dimming_server_nrf52840_xxAA_s140_7.0.1.dir/__/__/__/mesh/core/src/transport.c.obj
                0x0002b4f8                transport_init
 .text.transport_enable
                0x0002b57c        0x4 examples/dimming/dimming_server/CMakeFiles/dimming_server_nrf52840_xxAA_s140_7.0.1.dir/__/__/__/mesh/core/src/transport.c.obj
                0x0002b57c                transport_enable
 .text.transport_tx
                0x0002b580       0xd4 examples/dimming/dimming_server/CMakeFiles/dimming_server_nrf52840_xxAA_s140_7.0.1.dir/__/__/__/mesh/core/src/transport.c.obj
                0x0002b580                transport_tx
 .text.transport_control_tx
                0x0002b654       0xe8 examples/dimming/dimming_server/CMakeFiles/dimming_server_nrf52840_xxAA_s140_7.0.1.dir/__/__/__/mesh/core/src/transport.c.obj
                0x0002b654                transport_control_tx
 .text.sar_ack_send
                0x0002b73c      0x11c examples/dimming/dimming_server/CMakeFiles/dimming_server_nrf52840_xxAA_s140_7.0.1.dir/__/__/__/mesh/core/src/transport.c.obj
 .text.ack_timeout
                0x0002b858       0x30 examples/dimming/dimming_server/CMakeFiles/dimming_server_nrf52840_xxAA_s140_7.0.1.dir/__/__/__/mesh/core/src/transport.c.obj
 .text.transport_packet_in
                0x0002b888      0x4cc examples/dimming/dimming_server/CMakeFiles/dimming_server_nrf52840_xxAA_s140_7.0.1.dir/__/__/__/mesh/core/src/transport.c.obj
                0x0002b888                transport_packet_in
 .text.transport_sar_process
                0x0002bd54       0x68 examples/dimming/dimming_server/CMakeFiles/dimming_server_nrf52840_xxAA_s140_7.0.1.dir/__/__/__/mesh/core/src/transport.c.obj
 .text.transport_control_packet_consumer_add
                0x0002bdbc       0x64 examples/dimming/dimming_server/CMakeFiles/dimming_server_nrf52840_xxAA_s140_7.0.1.dir/__/__/__/mesh/core/src/transport.c.obj
                0x0002bdbc                transport_control_packet_consumer_add
 .text.event_handle
                0x0002be20       0x54 examples/dimming/dimming_server/CMakeFiles/dimming_server_nrf52840_xxAA_s140_7.0.1.dir/__/__/__/mesh/core/src/event.c.obj
                0x0002be20                event_handle
 .text.event_handler_add
                0x0002be74       0x20 examples/dimming/dimming_server/CMakeFiles/dimming_server_nrf52840_xxAA_s140_7.0.1.dir/__/__/__/mesh/core/src/event.c.obj
                0x0002be74                event_handler_add
 .text.event_handler_remove
                0x0002be94       0x34 examples/dimming/dimming_server/CMakeFiles/dimming_server_nrf52840_xxAA_s140_7.0.1.dir/__/__/__/mesh/core/src/event.c.obj
                0x0002be94                event_handler_remove
 .text.m_index_increment
                0x0002bec8       0x1e examples/dimming/dimming_server/CMakeFiles/dimming_server_nrf52840_xxAA_s140_7.0.1.dir/__/__/__/mesh/core/src/packet_buffer.c.obj
 .text.m_get_next_packet
                0x0002bee6       0x1e examples/dimming/dimming_server/CMakeFiles/dimming_server_nrf52840_xxAA_s140_7.0.1.dir/__/__/__/mesh/core/src/packet_buffer.c.obj
 .text.packet_buffer_init
                0x0002bf04       0xa8 examples/dimming/dimming_server/CMakeFiles/dimming_server_nrf52840_xxAA_s140_7.0.1.dir/__/__/__/mesh/core/src/packet_buffer.c.obj
                0x0002bf04                packet_buffer_init
 .text.packet_buffer_flush
                0x0002bfac       0x50 examples/dimming/dimming_server/CMakeFiles/dimming_server_nrf52840_xxAA_s140_7.0.1.dir/__/__/__/mesh/core/src/packet_buffer.c.obj
                0x0002bfac                packet_buffer_flush
 .text.packet_buffer_reserve
                0x0002bffc       0xa2 examples/dimming/dimming_server/CMakeFiles/dimming_server_nrf52840_xxAA_s140_7.0.1.dir/__/__/__/mesh/core/src/packet_buffer.c.obj
                0x0002bffc                packet_buffer_reserve
 .text.packet_buffer_commit
                0x0002c09e       0x62 examples/dimming/dimming_server/CMakeFiles/dimming_server_nrf52840_xxAA_s140_7.0.1.dir/__/__/__/mesh/core/src/packet_buffer.c.obj
                0x0002c09e                packet_buffer_commit
 .text.packet_buffer_pop
                0x0002c100       0x5a examples/dimming/dimming_server/CMakeFiles/dimming_server_nrf52840_xxAA_s140_7.0.1.dir/__/__/__/mesh/core/src/packet_buffer.c.obj
                0x0002c100                packet_buffer_pop
 .text.packet_buffer_can_pop
                0x0002c15a       0x34 examples/dimming/dimming_server/CMakeFiles/dimming_server_nrf52840_xxAA_s140_7.0.1.dir/__/__/__/mesh/core/src/packet_buffer.c.obj
                0x0002c15a                packet_buffer_can_pop
 .text.packet_buffer_packets_ready_to_pop
                0x0002c18e       0x36 examples/dimming/dimming_server/CMakeFiles/dimming_server_nrf52840_xxAA_s140_7.0.1.dir/__/__/__/mesh/core/src/packet_buffer.c.obj
                0x0002c18e                packet_buffer_packets_ready_to_pop
 .text.packet_buffer_free
                0x0002c1c4       0x74 examples/dimming/dimming_server/CMakeFiles/dimming_server_nrf52840_xxAA_s140_7.0.1.dir/__/__/__/mesh/core/src/packet_buffer.c.obj
                0x0002c1c4                packet_buffer_free
 .text.packet_buffer_is_empty
                0x0002c238       0x28 examples/dimming/dimming_server/CMakeFiles/dimming_server_nrf52840_xxAA_s140_7.0.1.dir/__/__/__/mesh/core/src/packet_buffer.c.obj
                0x0002c238                packet_buffer_is_empty
 .text.get_last_page
                0x0002c260       0x14 examples/dimming/dimming_server/CMakeFiles/dimming_server_nrf52840_xxAA_s140_7.0.1.dir/__/__/__/mesh/core/src/flash_manager_defrag.c.obj
 .text.defrag_on_end
                0x0002c274       0x1c examples/dimming/dimming_server/CMakeFiles/dimming_server_nrf52840_xxAA_s140_7.0.1.dir/__/__/__/mesh/core/src/flash_manager_defrag.c.obj
 .text.execute_procedure_step
                0x0002c290       0x70 examples/dimming/dimming_server/CMakeFiles/dimming_server_nrf52840_xxAA_s140_7.0.1.dir/__/__/__/mesh/core/src/flash_manager_defrag.c.obj
 .text.get_next_entry
                0x0002c300       0x38 examples/dimming/dimming_server/CMakeFiles/dimming_server_nrf52840_xxAA_s140_7.0.1.dir/__/__/__/mesh/core/src/flash_manager_defrag.c.obj
 .text.get_next_data_entry
                0x0002c338       0x26 examples/dimming/dimming_server/CMakeFiles/dimming_server_nrf52840_xxAA_s140_7.0.1.dir/__/__/__/mesh/core/src/flash_manager_defrag.c.obj
 *fill*         0x0002c35e        0x2 
 .text.on_flash_op_end
                0x0002c360       0x30 examples/dimming/dimming_server/CMakeFiles/dimming_server_nrf52840_xxAA_s140_7.0.1.dir/__/__/__/mesh/core/src/flash_manager_defrag.c.obj
 .text.check_for_invalid_entries
                0x0002c390       0x38 examples/dimming/dimming_server/CMakeFiles/dimming_server_nrf52840_xxAA_s140_7.0.1.dir/__/__/__/mesh/core/src/flash_manager_defrag.c.obj
 .text.erase_recovery_area
                0x0002c3c8       0x34 examples/dimming/dimming_server/CMakeFiles/dimming_server_nrf52840_xxAA_s140_7.0.1.dir/__/__/__/mesh/core/src/flash_manager_defrag.c.obj
 .text.flash.constprop.0
                0x0002c3fc       0x24 examples/dimming/dimming_server/CMakeFiles/dimming_server_nrf52840_xxAA_s140_7.0.1.dir/__/__/__/mesh/core/src/flash_manager_defrag.c.obj
 .text.invalidate_duplicate_entries
                0x0002c420       0xa8 examples/dimming/dimming_server/CMakeFiles/dimming_server_nrf52840_xxAA_s140_7.0.1.dir/__/__/__/mesh/core/src/flash_manager_defrag.c.obj
 .text.seal_storage_page
                0x0002c4c8       0x50 examples/dimming/dimming_server/CMakeFiles/dimming_server_nrf52840_xxAA_s140_7.0.1.dir/__/__/__/mesh/core/src/flash_manager_defrag.c.obj
 .text.copy_metadata
                0x0002c518       0x3c examples/dimming/dimming_server/CMakeFiles/dimming_server_nrf52840_xxAA_s140_7.0.1.dir/__/__/__/mesh/core/src/flash_manager_defrag.c.obj
 .text.write_defrag_start_pointer
                0x0002c554       0x20 examples/dimming/dimming_server/CMakeFiles/dimming_server_nrf52840_xxAA_s140_7.0.1.dir/__/__/__/mesh/core/src/flash_manager_defrag.c.obj
 .text.write_back
                0x0002c574       0x28 examples/dimming/dimming_server/CMakeFiles/dimming_server_nrf52840_xxAA_s140_7.0.1.dir/__/__/__/mesh/core/src/flash_manager_defrag.c.obj
 .text.post_process
                0x0002c59c       0x40 examples/dimming/dimming_server/CMakeFiles/dimming_server_nrf52840_xxAA_s140_7.0.1.dir/__/__/__/mesh/core/src/flash_manager_defrag.c.obj
 .text.backup_entries
                0x0002c5dc       0xd8 examples/dimming/dimming_server/CMakeFiles/dimming_server_nrf52840_xxAA_s140_7.0.1.dir/__/__/__/mesh/core/src/flash_manager_defrag.c.obj
 .text.erase_source
                0x0002c6b4       0x34 examples/dimming/dimming_server/CMakeFiles/dimming_server_nrf52840_xxAA_s140_7.0.1.dir/__/__/__/mesh/core/src/flash_manager_defrag.c.obj
 .text.flash_manager_defrag_init
                0x0002c6e8      0x118 examples/dimming/dimming_server/CMakeFiles/dimming_server_nrf52840_xxAA_s140_7.0.1.dir/__/__/__/mesh/core/src/flash_manager_defrag.c.obj
                0x0002c6e8                flash_manager_defrag_init
 .text.flash_manager_defragging
                0x0002c800       0x38 examples/dimming/dimming_server/CMakeFiles/dimming_server_nrf52840_xxAA_s140_7.0.1.dir/__/__/__/mesh/core/src/flash_manager_defrag.c.obj
                0x0002c800                flash_manager_defragging
 .text.flash_manager_defrag_is_running
                0x0002c838       0x10 examples/dimming/dimming_server/CMakeFiles/dimming_server_nrf52840_xxAA_s140_7.0.1.dir/__/__/__/mesh/core/src/flash_manager_defrag.c.obj
                0x0002c838                flash_manager_defrag_is_running
 .text.flash_manager_defrag
                0x0002c848       0x44 examples/dimming/dimming_server/CMakeFiles/dimming_server_nrf52840_xxAA_s140_7.0.1.dir/__/__/__/mesh/core/src/flash_manager_defrag.c.obj
                0x0002c848                flash_manager_defrag
 .text.flash_manager_defrag_recovery_page_get
                0x0002c88c        0xc examples/dimming/dimming_server/CMakeFiles/dimming_server_nrf52840_xxAA_s140_7.0.1.dir/__/__/__/mesh/core/src/flash_manager_defrag.c.obj
                0x0002c88c                flash_manager_defrag_recovery_page_get
 .text.fifo_init
                0x0002c898       0x34 examples/dimming/dimming_server/CMakeFiles/dimming_server_nrf52840_xxAA_s140_7.0.1.dir/__/__/__/mesh/core/src/fifo.c.obj
                0x0002c898                fifo_init
 .text.fifo_pop
                0x0002c8cc       0x52 examples/dimming/dimming_server/CMakeFiles/dimming_server_nrf52840_xxAA_s140_7.0.1.dir/__/__/__/mesh/core/src/fifo.c.obj
                0x0002c8cc                fifo_pop
 *fill*         0x0002c91e        0x2 
 .text.wait_for_ready
                0x0002c920       0x10 examples/dimming/dimming_server/CMakeFiles/dimming_server_nrf52840_xxAA_s140_7.0.1.dir/__/__/__/mesh/core/src/nrf_flash.c.obj
 .text.nrf_flash_erase
                0x0002c930       0x50 examples/dimming/dimming_server/CMakeFiles/dimming_server_nrf52840_xxAA_s140_7.0.1.dir/__/__/__/mesh/core/src/nrf_flash.c.obj
                0x0002c930                nrf_flash_erase
 .text.nrf_flash_write
                0x0002c980       0x58 examples/dimming/dimming_server/CMakeFiles/dimming_server_nrf52840_xxAA_s140_7.0.1.dir/__/__/__/mesh/core/src/nrf_flash.c.obj
                0x0002c980                nrf_flash_write
 .text.iv_timeout_limit_passed
                0x0002c9d8       0x18 examples/dimming/dimming_server/CMakeFiles/dimming_server_nrf52840_xxAA_s140_7.0.1.dir/__/__/__/mesh/core/src/net_state.c.obj
 .text.seqnum_block_legacy_setter
                0x0002c9f0       0x3c examples/dimming/dimming_server/CMakeFiles/dimming_server_nrf52840_xxAA_s140_7.0.1.dir/__/__/__/mesh/core/src/net_state.c.obj
 .text.iv_index_legacy_setter
                0x0002ca2c       0x3c examples/dimming/dimming_server/CMakeFiles/dimming_server_nrf52840_xxAA_s140_7.0.1.dir/__/__/__/mesh/core/src/net_state.c.obj
 .text.seqnum_block_deleter
                0x0002ca68       0x24 examples/dimming/dimming_server/CMakeFiles/dimming_server_nrf52840_xxAA_s140_7.0.1.dir/__/__/__/mesh/core/src/net_state.c.obj
 .text.iv_index_deleter
                0x0002ca8c       0x24 examples/dimming/dimming_server/CMakeFiles/dimming_server_nrf52840_xxAA_s140_7.0.1.dir/__/__/__/mesh/core/src/net_state.c.obj
 .text.seqnum_block_getter
                0x0002cab0       0x28 examples/dimming/dimming_server/CMakeFiles/dimming_server_nrf52840_xxAA_s140_7.0.1.dir/__/__/__/mesh/core/src/net_state.c.obj
 .text.seqnum_block_setter
                0x0002cad8       0x38 examples/dimming/dimming_server/CMakeFiles/dimming_server_nrf52840_xxAA_s140_7.0.1.dir/__/__/__/mesh/core/src/net_state.c.obj
 .text.iv_index_getter
                0x0002cb10       0x28 examples/dimming/dimming_server/CMakeFiles/dimming_server_nrf52840_xxAA_s140_7.0.1.dir/__/__/__/mesh/core/src/net_state.c.obj
 .text.iv_index_setter
                0x0002cb38       0x38 examples/dimming/dimming_server/CMakeFiles/dimming_server_nrf52840_xxAA_s140_7.0.1.dir/__/__/__/mesh/core/src/net_state.c.obj
 .text.iv_index_notify
                0x0002cb70       0x30 examples/dimming/dimming_server/CMakeFiles/dimming_server_nrf52840_xxAA_s140_7.0.1.dir/__/__/__/mesh/core/src/net_state.c.obj
 .text.persist_completed_notify
                0x0002cba0       0x2c examples/dimming/dimming_server/CMakeFiles/dimming_server_nrf52840_xxAA_s140_7.0.1.dir/__/__/__/mesh/core/src/net_state.c.obj
 .text.seqnum_block_allocate
                0x0002cbcc       0x58 examples/dimming/dimming_server/CMakeFiles/dimming_server_nrf52840_xxAA_s140_7.0.1.dir/__/__/__/mesh/core/src/net_state.c.obj
 .text.iv_index_store
                0x0002cc24       0x44 examples/dimming/dimming_server/CMakeFiles/dimming_server_nrf52840_xxAA_s140_7.0.1.dir/__/__/__/mesh/core/src/net_state.c.obj
 .text.net_state_reset
                0x0002cc68       0x3c examples/dimming/dimming_server/CMakeFiles/dimming_server_nrf52840_xxAA_s140_7.0.1.dir/__/__/__/mesh/core/src/net_state.c.obj
                0x0002cc68                net_state_reset
 .text.net_state_init
                0x0002cca4       0x48 examples/dimming/dimming_server/CMakeFiles/dimming_server_nrf52840_xxAA_s140_7.0.1.dir/__/__/__/mesh/core/src/net_state.c.obj
                0x0002cca4                net_state_init
 .text.net_state_enable
                0x0002ccec       0xc4 examples/dimming/dimming_server/CMakeFiles/dimming_server_nrf52840_xxAA_s140_7.0.1.dir/__/__/__/mesh/core/src/net_state.c.obj
                0x0002ccec                net_state_enable
 .text.net_state_is_seqnum_block_ready
                0x0002cdb0       0x14 examples/dimming/dimming_server/CMakeFiles/dimming_server_nrf52840_xxAA_s140_7.0.1.dir/__/__/__/mesh/core/src/net_state.c.obj
                0x0002cdb0                net_state_is_seqnum_block_ready
 .text.net_state_iv_update_start
                0x0002cdc4       0x40 examples/dimming/dimming_server/CMakeFiles/dimming_server_nrf52840_xxAA_s140_7.0.1.dir/__/__/__/mesh/core/src/net_state.c.obj
                0x0002cdc4                net_state_iv_update_start
 .text.iv_update_trigger_if_pending
                0x0002ce04       0x5c examples/dimming/dimming_server/CMakeFiles/dimming_server_nrf52840_xxAA_s140_7.0.1.dir/__/__/__/mesh/core/src/net_state.c.obj
 .text.iv_update_timer_handler
                0x0002ce60       0x9c examples/dimming/dimming_server/CMakeFiles/dimming_server_nrf52840_xxAA_s140_7.0.1.dir/__/__/__/mesh/core/src/net_state.c.obj
 .text.mesh_evt_handler
                0x0002cefc       0x88 examples/dimming/dimming_server/CMakeFiles/dimming_server_nrf52840_xxAA_s140_7.0.1.dir/__/__/__/mesh/core/src/net_state.c.obj
 .text.net_state_seqnum_alloc
                0x0002cf84       0x74 examples/dimming/dimming_server/CMakeFiles/dimming_server_nrf52840_xxAA_s140_7.0.1.dir/__/__/__/mesh/core/src/net_state.c.obj
                0x0002cf84                net_state_seqnum_alloc
 .text.net_state_iv_index_lock
                0x0002cff8       0x3c examples/dimming/dimming_server/CMakeFiles/dimming_server_nrf52840_xxAA_s140_7.0.1.dir/__/__/__/mesh/core/src/net_state.c.obj
                0x0002cff8                net_state_iv_index_lock
 .text.net_state_key_refresh_phase_changed
                0x0002d034       0x20 examples/dimming/dimming_server/CMakeFiles/dimming_server_nrf52840_xxAA_s140_7.0.1.dir/__/__/__/mesh/core/src/net_state.c.obj
                0x0002d034                net_state_key_refresh_phase_changed
 .text.net_state_beacon_iv_index_get
                0x0002d054        0xc examples/dimming/dimming_server/CMakeFiles/dimming_server_nrf52840_xxAA_s140_7.0.1.dir/__/__/__/mesh/core/src/net_state.c.obj
                0x0002d054                net_state_beacon_iv_index_get
 .text.net_state_tx_iv_index_get
                0x0002d060       0x14 examples/dimming/dimming_server/CMakeFiles/dimming_server_nrf52840_xxAA_s140_7.0.1.dir/__/__/__/mesh/core/src/net_state.c.obj
                0x0002d060                net_state_tx_iv_index_get
 .text.net_state_rx_iv_index_get
                0x0002d074       0x18 examples/dimming/dimming_server/CMakeFiles/dimming_server_nrf52840_xxAA_s140_7.0.1.dir/__/__/__/mesh/core/src/net_state.c.obj
                0x0002d074                net_state_rx_iv_index_get
 .text.net_state_iv_update_get
                0x0002d08c        0xc examples/dimming/dimming_server/CMakeFiles/dimming_server_nrf52840_xxAA_s140_7.0.1.dir/__/__/__/mesh/core/src/net_state.c.obj
                0x0002d08c                net_state_iv_update_get
 .text.net_state_iv_index_set
                0x0002d098       0x44 examples/dimming/dimming_server/CMakeFiles/dimming_server_nrf52840_xxAA_s140_7.0.1.dir/__/__/__/mesh/core/src/net_state.c.obj
                0x0002d098                net_state_iv_index_set
 .text.send_end_events
                0x0002d0dc       0x84 examples/dimming/dimming_server/CMakeFiles/dimming_server_nrf52840_xxAA_s140_7.0.1.dir/__/__/__/mesh/core/src/mesh_flash.c.obj
 .text.flash_op_action_prepare
                0x0002d160       0x78 examples/dimming/dimming_server/CMakeFiles/dimming_server_nrf52840_xxAA_s140_7.0.1.dir/__/__/__/mesh/core/src/mesh_flash.c.obj
 .text.flash_op_schedule
                0x0002d1d8       0x20 examples/dimming/dimming_server/CMakeFiles/dimming_server_nrf52840_xxAA_s140_7.0.1.dir/__/__/__/mesh/core/src/mesh_flash.c.obj
 .text.flash_op_start
                0x0002d1f8      0x138 examples/dimming/dimming_server/CMakeFiles/dimming_server_nrf52840_xxAA_s140_7.0.1.dir/__/__/__/mesh/core/src/mesh_flash.c.obj
 .text.mesh_flash_init
                0x0002d330       0x7c examples/dimming/dimming_server/CMakeFiles/dimming_server_nrf52840_xxAA_s140_7.0.1.dir/__/__/__/mesh/core/src/mesh_flash.c.obj
                0x0002d330                mesh_flash_init
 .text.mesh_flash_user_callback_set
                0x0002d3ac       0x20 examples/dimming/dimming_server/CMakeFiles/dimming_server_nrf52840_xxAA_s140_7.0.1.dir/__/__/__/mesh/core/src/mesh_flash.c.obj
                0x0002d3ac                mesh_flash_user_callback_set
 .text.mesh_flash_op_push
                0x0002d3cc      0x10c examples/dimming/dimming_server/CMakeFiles/dimming_server_nrf52840_xxAA_s140_7.0.1.dir/__/__/__/mesh/core/src/mesh_flash.c.obj
                0x0002d3cc                mesh_flash_op_push
 .text.mesh_flash_set_suspended
                0x0002d4d8       0x70 examples/dimming/dimming_server/CMakeFiles/dimming_server_nrf52840_xxAA_s140_7.0.1.dir/__/__/__/mesh/core/src/mesh_flash.c.obj
                0x0002d4d8                mesh_flash_set_suspended
 .text.nrf_mesh_address_type_get
                0x0002d548       0x10 examples/dimming/dimming_server/CMakeFiles/dimming_server_nrf52840_xxAA_s140_7.0.1.dir/__/__/__/mesh/core/src/nrf_mesh_utils.c.obj
                0x0002d548                nrf_mesh_address_type_get
 .text.sd_softdevice_is_enabled
                0x0002d558        0x4 examples/dimming/dimming_server/CMakeFiles/dimming_server_nrf52840_xxAA_s140_7.0.1.dir/__/__/__/mesh/core/src/nrf_mesh.c.obj
 .text.packet_in
                0x0002d55c       0x6c examples/dimming/dimming_server/CMakeFiles/dimming_server_nrf52840_xxAA_s140_7.0.1.dir/__/__/__/mesh/core/src/nrf_mesh.c.obj
 .text.scanner_packet_process_cb
                0x0002d5c8       0x8c examples/dimming/dimming_server/CMakeFiles/dimming_server_nrf52840_xxAA_s140_7.0.1.dir/__/__/__/mesh/core/src/nrf_mesh.c.obj
 .text.nrf_mesh_enabled_be_cb
                0x0002d654       0x50 examples/dimming/dimming_server/CMakeFiles/dimming_server_nrf52840_xxAA_s140_7.0.1.dir/__/__/__/mesh/core/src/nrf_mesh.c.obj
 .text.bearer_stopped_cb
                0x0002d6a4       0x30 examples/dimming/dimming_server/CMakeFiles/dimming_server_nrf52840_xxAA_s140_7.0.1.dir/__/__/__/mesh/core/src/nrf_mesh.c.obj
 .text.config_stable_catch
                0x0002d6d4       0x24 examples/dimming/dimming_server/CMakeFiles/dimming_server_nrf52840_xxAA_s140_7.0.1.dir/__/__/__/mesh/core/src/nrf_mesh.c.obj
 .text.nrf_mesh_init
                0x0002d6f8       0xdc examples/dimming/dimming_server/CMakeFiles/dimming_server_nrf52840_xxAA_s140_7.0.1.dir/__/__/__/mesh/core/src/nrf_mesh.c.obj
                0x0002d6f8                nrf_mesh_init
 .text.nrf_mesh_enable
                0x0002d7d4       0xb4 examples/dimming/dimming_server/CMakeFiles/dimming_server_nrf52840_xxAA_s140_7.0.1.dir/__/__/__/mesh/core/src/nrf_mesh.c.obj
                0x0002d7d4                nrf_mesh_enable
 .text.nrf_mesh_disable
                0x0002d888       0x2c examples/dimming/dimming_server/CMakeFiles/dimming_server_nrf52840_xxAA_s140_7.0.1.dir/__/__/__/mesh/core/src/nrf_mesh.c.obj
                0x0002d888                nrf_mesh_disable
 .text.nrf_mesh_packet_send
                0x0002d8b4        0x4 examples/dimming/dimming_server/CMakeFiles/dimming_server_nrf52840_xxAA_s140_7.0.1.dir/__/__/__/mesh/core/src/nrf_mesh.c.obj
                0x0002d8b4                nrf_mesh_packet_send
 .text.nrf_mesh_evt_handler_add
                0x0002d8b8        0x4 examples/dimming/dimming_server/CMakeFiles/dimming_server_nrf52840_xxAA_s140_7.0.1.dir/__/__/__/mesh/core/src/nrf_mesh.c.obj
                0x0002d8b8                nrf_mesh_evt_handler_add
 .text.nrf_mesh_evt_handler_remove
                0x0002d8bc        0x4 examples/dimming/dimming_server/CMakeFiles/dimming_server_nrf52840_xxAA_s140_7.0.1.dir/__/__/__/mesh/core/src/nrf_mesh.c.obj
                0x0002d8bc                nrf_mesh_evt_handler_remove
 .text.nrf_mesh_on_sd_evt
                0x0002d8c0        0xa examples/dimming/dimming_server/CMakeFiles/dimming_server_nrf52840_xxAA_s140_7.0.1.dir/__/__/__/mesh/core/src/nrf_mesh.c.obj
                0x0002d8c0                nrf_mesh_on_sd_evt
 .text.nrf_mesh_subnet_added
                0x0002d8ca        0x4 examples/dimming/dimming_server/CMakeFiles/dimming_server_nrf52840_xxAA_s140_7.0.1.dir/__/__/__/mesh/core/src/nrf_mesh.c.obj
                0x0002d8ca                nrf_mesh_subnet_added
 *fill*         0x0002d8ce        0x2 
 .text.nrf_mesh_unique_token_get
                0x0002d8d0       0x18 examples/dimming/dimming_server/CMakeFiles/dimming_server_nrf52840_xxAA_s140_7.0.1.dir/__/__/__/mesh/core/src/nrf_mesh.c.obj
                0x0002d8d0                nrf_mesh_unique_token_get
 .text.queue_init
                0x0002d8e8       0x14 examples/dimming/dimming_server/CMakeFiles/dimming_server_nrf52840_xxAA_s140_7.0.1.dir/__/__/__/mesh/core/src/queue.c.obj
                0x0002d8e8                queue_init
 .text.queue_push
                0x0002d8fc       0x34 examples/dimming/dimming_server/CMakeFiles/dimming_server_nrf52840_xxAA_s140_7.0.1.dir/__/__/__/mesh/core/src/queue.c.obj
                0x0002d8fc                queue_push
 .text.queue_pop
                0x0002d930       0x2a examples/dimming/dimming_server/CMakeFiles/dimming_server_nrf52840_xxAA_s140_7.0.1.dir/__/__/__/mesh/core/src/queue.c.obj
                0x0002d930                queue_pop
 .text.queue_peek
                0x0002d95a       0x10 examples/dimming/dimming_server/CMakeFiles/dimming_server_nrf52840_xxAA_s140_7.0.1.dir/__/__/__/mesh/core/src/queue.c.obj
                0x0002d95a                queue_peek
 .text.sd_power_reset_reason_clr
                0x0002d96a        0x4 examples/dimming/dimming_server/CMakeFiles/dimming_server_nrf52840_xxAA_s140_7.0.1.dir/__/__/__/mesh/core/src/hal.c.obj
 *fill*         0x0002d96e        0x2 
 .text.hal_device_reset
                0x0002d970       0x2c examples/dimming/dimming_server/CMakeFiles/dimming_server_nrf52840_xxAA_s140_7.0.1.dir/__/__/__/mesh/core/src/hal.c.obj
                0x0002d970                hal_device_reset
 .text.hal_lfclk_ppm_get
                0x0002d99c       0x14 examples/dimming/dimming_server/CMakeFiles/dimming_server_nrf52840_xxAA_s140_7.0.1.dir/__/__/__/mesh/core/src/hal.c.obj
                0x0002d99c                hal_lfclk_ppm_get
 .text.hal_irq_active_get
                0x0002d9b0       0x10 examples/dimming/dimming_server/CMakeFiles/dimming_server_nrf52840_xxAA_s140_7.0.1.dir/__/__/__/mesh/core/src/hal.c.obj
                0x0002d9b0                hal_irq_active_get
 .text.hal_irq_is_enabled
                0x0002d9c0       0x30 examples/dimming/dimming_server/CMakeFiles/dimming_server_nrf52840_xxAA_s140_7.0.1.dir/__/__/__/mesh/core/src/hal.c.obj
                0x0002d9c0                hal_irq_is_enabled
 .text.sd_ecb_block_encrypt
                0x0002d9f0        0x4 examples/dimming/dimming_server/CMakeFiles/dimming_server_nrf52840_xxAA_s140_7.0.1.dir/__/__/__/mesh/core/src/aes_cmac.c.obj
 .text.utils_xor.constprop.0
                0x0002d9f4       0x20 examples/dimming/dimming_server/CMakeFiles/dimming_server_nrf52840_xxAA_s140_7.0.1.dir/__/__/__/mesh/core/src/aes_cmac.c.obj
 .text.aes_cmac
                0x0002da14      0x108 examples/dimming/dimming_server/CMakeFiles/dimming_server_nrf52840_xxAA_s140_7.0.1.dir/__/__/__/mesh/core/src/aes_cmac.c.obj
                0x0002da14                aes_cmac
 .text.add_evt  0x0002db1c       0x4c examples/dimming/dimming_server/CMakeFiles/dimming_server_nrf52840_xxAA_s140_7.0.1.dir/__/__/__/mesh/core/src/timer_scheduler.c.obj
 .text.remove_evt
                0x0002db68       0x50 examples/dimming/dimming_server/CMakeFiles/dimming_server_nrf52840_xxAA_s140_7.0.1.dir/__/__/__/mesh/core/src/timer_scheduler.c.obj
 .text.timer_cb
                0x0002dbb8        0xc examples/dimming/dimming_server/CMakeFiles/dimming_server_nrf52840_xxAA_s140_7.0.1.dir/__/__/__/mesh/core/src/timer_scheduler.c.obj
 .text.setup_timeout.isra.0
                0x0002dbc4       0x1c examples/dimming/dimming_server/CMakeFiles/dimming_server_nrf52840_xxAA_s140_7.0.1.dir/__/__/__/mesh/core/src/timer_scheduler.c.obj
 .text.flag_event_cb
                0x0002dbe0       0x98 examples/dimming/dimming_server/CMakeFiles/dimming_server_nrf52840_xxAA_s140_7.0.1.dir/__/__/__/mesh/core/src/timer_scheduler.c.obj
 .text.timer_sch_init
                0x0002dc78       0x2c examples/dimming/dimming_server/CMakeFiles/dimming_server_nrf52840_xxAA_s140_7.0.1.dir/__/__/__/mesh/core/src/timer_scheduler.c.obj
                0x0002dc78                timer_sch_init
 .text.timer_sch_schedule
                0x0002dca4       0x44 examples/dimming/dimming_server/CMakeFiles/dimming_server_nrf52840_xxAA_s140_7.0.1.dir/__/__/__/mesh/core/src/timer_scheduler.c.obj
                0x0002dca4                timer_sch_schedule
 .text.timer_sch_abort
                0x0002dce8       0x2e examples/dimming/dimming_server/CMakeFiles/dimming_server_nrf52840_xxAA_s140_7.0.1.dir/__/__/__/mesh/core/src/timer_scheduler.c.obj
                0x0002dce8                timer_sch_abort
 .text.timer_sch_reschedule
                0x0002dd16       0x38 examples/dimming/dimming_server/CMakeFiles/dimming_server_nrf52840_xxAA_s140_7.0.1.dir/__/__/__/mesh/core/src/timer_scheduler.c.obj
                0x0002dd16                timer_sch_reschedule
 .text.timer_init
                0x0002dd4e       0x1a examples/dimming/dimming_server/CMakeFiles/dimming_server_nrf52840_xxAA_s140_7.0.1.dir/__/__/__/mesh/core/src/timer.c.obj
                0x0002dd4e                timer_init
 .text.timer_now
                0x0002dd68       0x48 examples/dimming/dimming_server/CMakeFiles/dimming_server_nrf52840_xxAA_s140_7.0.1.dir/__/__/__/mesh/core/src/timer.c.obj
                0x0002dd68                timer_now
 .text.nrf_mesh_timer_tail_handle
                0x0002ddb0       0x34 examples/dimming/dimming_server/CMakeFiles/dimming_server_nrf52840_xxAA_s140_7.0.1.dir/__/__/__/mesh/core/src/timer.c.obj
                0x0002ddb0                nrf_mesh_timer_tail_handle
 .text.nrf_mesh_timer_ovfw_handle
                0x0002dde4       0x98 examples/dimming/dimming_server/CMakeFiles/dimming_server_nrf52840_xxAA_s140_7.0.1.dir/__/__/__/mesh/core/src/timer.c.obj
                0x0002dde4                nrf_mesh_timer_ovfw_handle
 .text.timer_start
                0x0002de7c       0xac examples/dimming/dimming_server/CMakeFiles/dimming_server_nrf52840_xxAA_s140_7.0.1.dir/__/__/__/mesh/core/src/timer.c.obj
                0x0002de7c                timer_start
 .text.timer_stop
                0x0002df28       0x30 examples/dimming/dimming_server/CMakeFiles/dimming_server_nrf52840_xxAA_s140_7.0.1.dir/__/__/__/mesh/core/src/timer.c.obj
                0x0002df28                timer_stop
 .text.sd_rand_application_bytes_available_get
                0x0002df58        0x4 examples/dimming/dimming_server/CMakeFiles/dimming_server_nrf52840_xxAA_s140_7.0.1.dir/__/__/__/mesh/core/src/rand.c.obj
 .text.sd_rand_application_vector_get
                0x0002df5c        0x4 examples/dimming/dimming_server/CMakeFiles/dimming_server_nrf52840_xxAA_s140_7.0.1.dir/__/__/__/mesh/core/src/rand.c.obj
 .text.rand_prng_get
                0x0002df60       0x24 examples/dimming/dimming_server/CMakeFiles/dimming_server_nrf52840_xxAA_s140_7.0.1.dir/__/__/__/mesh/core/src/rand.c.obj
                0x0002df60                rand_prng_get
 .text.rand_hw_rng_get
                0x0002df84       0x44 examples/dimming/dimming_server/CMakeFiles/dimming_server_nrf52840_xxAA_s140_7.0.1.dir/__/__/__/mesh/core/src/rand.c.obj
                0x0002df84                rand_hw_rng_get
 .text.rand_prng_seed
                0x0002dfc8       0x34 examples/dimming/dimming_server/CMakeFiles/dimming_server_nrf52840_xxAA_s140_7.0.1.dir/__/__/__/mesh/core/src/rand.c.obj
                0x0002dfc8                rand_prng_seed
 .text.mesh_opt_init
                0x0002dffc        0x2 examples/dimming/dimming_server/CMakeFiles/dimming_server_nrf52840_xxAA_s140_7.0.1.dir/__/__/__/mesh/core/src/mesh_opt.c.obj
                0x0002dffc                mesh_opt_init
 *fill*         0x0002dffe        0x2 
 .text.mesh_opt_clear
                0x0002e000       0xa0 examples/dimming/dimming_server/CMakeFiles/dimming_server_nrf52840_xxAA_s140_7.0.1.dir/__/__/__/mesh/core/src/mesh_opt.c.obj
                0x0002e000                mesh_opt_clear
 .text.sd_radio_session_open
                0x0002e0a0        0x4 examples/dimming/dimming_server/CMakeFiles/dimming_server_nrf52840_xxAA_s140_7.0.1.dir/__/__/__/mesh/core/src/timeslot.c.obj
 .text.sd_radio_session_close
                0x0002e0a4        0x4 examples/dimming/dimming_server/CMakeFiles/dimming_server_nrf52840_xxAA_s140_7.0.1.dir/__/__/__/mesh/core/src/timeslot.c.obj
 .text.sd_radio_request
                0x0002e0a8        0x4 examples/dimming/dimming_server/CMakeFiles/dimming_server_nrf52840_xxAA_s140_7.0.1.dir/__/__/__/mesh/core/src/timeslot.c.obj
 .text.end_timer_handler
                0x0002e0ac       0x28 examples/dimming/dimming_server/CMakeFiles/dimming_server_nrf52840_xxAA_s140_7.0.1.dir/__/__/__/mesh/core/src/timeslot.c.obj
 .text.get_end_time.isra.0
                0x0002e0d4       0x20 examples/dimming/dimming_server/CMakeFiles/dimming_server_nrf52840_xxAA_s140_7.0.1.dir/__/__/__/mesh/core/src/timeslot.c.obj
 .text.on_ts_begin.constprop.0
                0x0002e0f4       0x48 examples/dimming/dimming_server/CMakeFiles/dimming_server_nrf52840_xxAA_s140_7.0.1.dir/__/__/__/mesh/core/src/timeslot.c.obj
 .text.handle_extend_end.constprop.0
                0x0002e13c       0x88 examples/dimming/dimming_server/CMakeFiles/dimming_server_nrf52840_xxAA_s140_7.0.1.dir/__/__/__/mesh/core/src/timeslot.c.obj
 .text.radio_signal_callback
                0x0002e1c4      0x12c examples/dimming/dimming_server/CMakeFiles/dimming_server_nrf52840_xxAA_s140_7.0.1.dir/__/__/__/mesh/core/src/timeslot.c.obj
 .text.timeslot_sd_event_handler
                0x0002e2f0       0x60 examples/dimming/dimming_server/CMakeFiles/dimming_server_nrf52840_xxAA_s140_7.0.1.dir/__/__/__/mesh/core/src/timeslot.c.obj
                0x0002e2f0                timeslot_sd_event_handler
 .text.timeslot_init
                0x0002e350       0x50 examples/dimming/dimming_server/CMakeFiles/dimming_server_nrf52840_xxAA_s140_7.0.1.dir/__/__/__/mesh/core/src/timeslot.c.obj
                0x0002e350                timeslot_init
 .text.timeslot_start
                0x0002e3a0       0x44 examples/dimming/dimming_server/CMakeFiles/dimming_server_nrf52840_xxAA_s140_7.0.1.dir/__/__/__/mesh/core/src/timeslot.c.obj
                0x0002e3a0                timeslot_start
 .text.timeslot_end_is_pending
                0x0002e3e4       0x28 examples/dimming/dimming_server/CMakeFiles/dimming_server_nrf52840_xxAA_s140_7.0.1.dir/__/__/__/mesh/core/src/timeslot.c.obj
                0x0002e3e4                timeslot_end_is_pending
 .text.timeslot_length_get
                0x0002e40c        0xc examples/dimming/dimming_server/CMakeFiles/dimming_server_nrf52840_xxAA_s140_7.0.1.dir/__/__/__/mesh/core/src/timeslot.c.obj
                0x0002e40c                timeslot_length_get
 .text.timeslot_remaining_time_get
                0x0002e418       0x24 examples/dimming/dimming_server/CMakeFiles/dimming_server_nrf52840_xxAA_s140_7.0.1.dir/__/__/__/mesh/core/src/timeslot.c.obj
                0x0002e418                timeslot_remaining_time_get
 .text.timeslot_is_in_ts
                0x0002e43c        0xc examples/dimming/dimming_server/CMakeFiles/dimming_server_nrf52840_xxAA_s140_7.0.1.dir/__/__/__/mesh/core/src/timeslot.c.obj
                0x0002e43c                timeslot_is_in_ts
 .text.timeslot_is_in_cb
                0x0002e448        0xc examples/dimming/dimming_server/CMakeFiles/dimming_server_nrf52840_xxAA_s140_7.0.1.dir/__/__/__/mesh/core/src/timeslot.c.obj
                0x0002e448                timeslot_is_in_cb
 .text.timeslot_session_is_active
                0x0002e454       0x10 examples/dimming/dimming_server/CMakeFiles/dimming_server_nrf52840_xxAA_s140_7.0.1.dir/__/__/__/mesh/core/src/timeslot.c.obj
                0x0002e454                timeslot_session_is_active
 .text.timeslot_trigger
                0x0002e464       0x24 examples/dimming/dimming_server/CMakeFiles/dimming_server_nrf52840_xxAA_s140_7.0.1.dir/__/__/__/mesh/core/src/timeslot.c.obj
                0x0002e464                timeslot_trigger
 .text.timeslot_stop
                0x0002e488       0x1c examples/dimming/dimming_server/CMakeFiles/dimming_server_nrf52840_xxAA_s140_7.0.1.dir/__/__/__/mesh/core/src/timeslot.c.obj
                0x0002e488                timeslot_stop
 .text.timeslot_restart
                0x0002e4a4       0x20 examples/dimming/dimming_server/CMakeFiles/dimming_server_nrf52840_xxAA_s140_7.0.1.dir/__/__/__/mesh/core/src/timeslot.c.obj
                0x0002e4a4                timeslot_restart
 .text.timeslot_state_lock
                0x0002e4c4       0x24 examples/dimming/dimming_server/CMakeFiles/dimming_server_nrf52840_xxAA_s140_7.0.1.dir/__/__/__/mesh/core/src/timeslot.c.obj
                0x0002e4c4                timeslot_state_lock
 .text.timer_mut_unlock
                0x0002e4e8       0x10 examples/dimming/dimming_server/CMakeFiles/dimming_server_nrf52840_xxAA_s140_7.0.1.dir/__/__/__/mesh/core/src/timeslot_timer.c.obj
 .text.ts_timer_order_cb
                0x0002e4f8       0x64 examples/dimming/dimming_server/CMakeFiles/dimming_server_nrf52840_xxAA_s140_7.0.1.dir/__/__/__/mesh/core/src/timeslot_timer.c.obj
                0x0002e4f8                ts_timer_order_cb
 .text.ts_timer_now
                0x0002e55c       0x40 examples/dimming/dimming_server/CMakeFiles/dimming_server_nrf52840_xxAA_s140_7.0.1.dir/__/__/__/mesh/core/src/timeslot_timer.c.obj
                0x0002e55c                ts_timer_now
 .text.ts_timer_event_handler
                0x0002e59c       0x6c examples/dimming/dimming_server/CMakeFiles/dimming_server_nrf52840_xxAA_s140_7.0.1.dir/__/__/__/mesh/core/src/timeslot_timer.c.obj
                0x0002e59c                ts_timer_event_handler
 .text.ts_timer_to_device_time
                0x0002e608        0xc examples/dimming/dimming_server/CMakeFiles/dimming_server_nrf52840_xxAA_s140_7.0.1.dir/__/__/__/mesh/core/src/timeslot_timer.c.obj
                0x0002e608                ts_timer_to_device_time
 .text.ts_timer_on_ts_begin
                0x0002e614       0x64 examples/dimming/dimming_server/CMakeFiles/dimming_server_nrf52840_xxAA_s140_7.0.1.dir/__/__/__/mesh/core/src/timeslot_timer.c.obj
                0x0002e614                ts_timer_on_ts_begin
 .text.ts_timer_on_ts_end
                0x0002e678       0x48 examples/dimming/dimming_server/CMakeFiles/dimming_server_nrf52840_xxAA_s140_7.0.1.dir/__/__/__/mesh/core/src/timeslot_timer.c.obj
                0x0002e678                ts_timer_on_ts_end
 .text.trigger_event_handler
                0x0002e6c0       0x1c examples/dimming/dimming_server/CMakeFiles/dimming_server_nrf52840_xxAA_s140_7.0.1.dir/__/__/__/mesh/core/src/bearer_event.c.obj
 .text.bearer_event_init
                0x0002e6dc       0x58 examples/dimming/dimming_server/CMakeFiles/dimming_server_nrf52840_xxAA_s140_7.0.1.dir/__/__/__/mesh/core/src/bearer_event.c.obj
                0x0002e6dc                bearer_event_init
 .text.bearer_event_start
                0x0002e734       0x44 examples/dimming/dimming_server/CMakeFiles/dimming_server_nrf52840_xxAA_s140_7.0.1.dir/__/__/__/mesh/core/src/bearer_event.c.obj
                0x0002e734                bearer_event_start
 .text.bearer_event_critical_section_begin
                0x0002e778       0x80 examples/dimming/dimming_server/CMakeFiles/dimming_server_nrf52840_xxAA_s140_7.0.1.dir/__/__/__/mesh/core/src/bearer_event.c.obj
                0x0002e778                bearer_event_critical_section_begin
 .text.bearer_event_critical_section_end
                0x0002e7f8       0x60 examples/dimming/dimming_server/CMakeFiles/dimming_server_nrf52840_xxAA_s140_7.0.1.dir/__/__/__/mesh/core/src/bearer_event.c.obj
                0x0002e7f8                bearer_event_critical_section_end
 .text.bearer_event_flag_add
                0x0002e858       0x3c examples/dimming/dimming_server/CMakeFiles/dimming_server_nrf52840_xxAA_s140_7.0.1.dir/__/__/__/mesh/core/src/bearer_event.c.obj
                0x0002e858                bearer_event_flag_add
 .text.bearer_event_flag_set
                0x0002e894       0x44 examples/dimming/dimming_server/CMakeFiles/dimming_server_nrf52840_xxAA_s140_7.0.1.dir/__/__/__/mesh/core/src/bearer_event.c.obj
                0x0002e894                bearer_event_flag_set
 .text.bearer_event_sequential_add
                0x0002e8d8       0x2e examples/dimming/dimming_server/CMakeFiles/dimming_server_nrf52840_xxAA_s140_7.0.1.dir/__/__/__/mesh/core/src/bearer_event.c.obj
                0x0002e8d8                bearer_event_sequential_add
 *fill*         0x0002e906        0x2 
 .text.bearer_event_sequential_post
                0x0002e908       0x44 examples/dimming/dimming_server/CMakeFiles/dimming_server_nrf52840_xxAA_s140_7.0.1.dir/__/__/__/mesh/core/src/bearer_event.c.obj
                0x0002e908                bearer_event_sequential_post
 .text.bearer_event_sequential_pending
                0x0002e94c       0x10 examples/dimming/dimming_server/CMakeFiles/dimming_server_nrf52840_xxAA_s140_7.0.1.dir/__/__/__/mesh/core/src/bearer_event.c.obj
                0x0002e94c                bearer_event_sequential_pending
 .text.bearer_event_handler
                0x0002e95c       0xe8 examples/dimming/dimming_server/CMakeFiles/dimming_server_nrf52840_xxAA_s140_7.0.1.dir/__/__/__/mesh/core/src/bearer_event.c.obj
                0x0002e95c                bearer_event_handler
 .text.QDEC_IRQHandler
                0x0002ea44        0x4 examples/dimming/dimming_server/CMakeFiles/dimming_server_nrf52840_xxAA_s140_7.0.1.dir/__/__/__/mesh/core/src/bearer_event.c.obj
                0x0002ea44                QDEC_IRQHandler
 .text.bearer_event_in_correct_irq_priority
                0x0002ea48       0x74 examples/dimming/dimming_server/CMakeFiles/dimming_server_nrf52840_xxAA_s140_7.0.1.dir/__/__/__/mesh/core/src/bearer_event.c.obj
                0x0002ea48                bearer_event_in_correct_irq_priority
 .text.sd_ecb_block_encrypt
                0x0002eabc        0x4 examples/dimming/dimming_server/CMakeFiles/dimming_server_nrf52840_xxAA_s140_7.0.1.dir/__/__/__/mesh/core/src/enc.c.obj
 .text.enc_aes_encrypt
                0x0002eac0       0x32 examples/dimming/dimming_server/CMakeFiles/dimming_server_nrf52840_xxAA_s140_7.0.1.dir/__/__/__/mesh/core/src/enc.c.obj
                0x0002eac0                enc_aes_encrypt
 .text.enc_aes_cmac
                0x0002eaf2        0x4 examples/dimming/dimming_server/CMakeFiles/dimming_server_nrf52840_xxAA_s140_7.0.1.dir/__/__/__/mesh/core/src/enc.c.obj
                0x0002eaf2                enc_aes_cmac
 .text.enc_aes_ccm_encrypt
                0x0002eaf6        0x4 examples/dimming/dimming_server/CMakeFiles/dimming_server_nrf52840_xxAA_s140_7.0.1.dir/__/__/__/mesh/core/src/enc.c.obj
                0x0002eaf6                enc_aes_ccm_encrypt
 .text.enc_aes_ccm_decrypt
                0x0002eafa        0x4 examples/dimming/dimming_server/CMakeFiles/dimming_server_nrf52840_xxAA_s140_7.0.1.dir/__/__/__/mesh/core/src/enc.c.obj
                0x0002eafa                enc_aes_ccm_decrypt
 .text.enc_nonce_generate
                0x0002eafe       0xcc examples/dimming/dimming_server/CMakeFiles/dimming_server_nrf52840_xxAA_s140_7.0.1.dir/__/__/__/mesh/core/src/enc.c.obj
                0x0002eafe                enc_nonce_generate
 .text.enc_s1   0x0002ebca       0x2c examples/dimming/dimming_server/CMakeFiles/dimming_server_nrf52840_xxAA_s140_7.0.1.dir/__/__/__/mesh/core/src/enc.c.obj
                0x0002ebca                enc_s1
 .text.enc_k1   0x0002ebf6       0x42 examples/dimming/dimming_server/CMakeFiles/dimming_server_nrf52840_xxAA_s140_7.0.1.dir/__/__/__/mesh/core/src/enc.c.obj
                0x0002ebf6                enc_k1
 .text.enc_k2   0x0002ec38       0xc0 examples/dimming/dimming_server/CMakeFiles/dimming_server_nrf52840_xxAA_s140_7.0.1.dir/__/__/__/mesh/core/src/enc.c.obj
                0x0002ec38                enc_k2
 .text.enc_k3   0x0002ecf8       0x5c examples/dimming/dimming_server/CMakeFiles/dimming_server_nrf52840_xxAA_s140_7.0.1.dir/__/__/__/mesh/core/src/enc.c.obj
                0x0002ecf8                enc_k3
 .text.enc_k4   0x0002ed54       0x54 examples/dimming/dimming_server/CMakeFiles/dimming_server_nrf52840_xxAA_s140_7.0.1.dir/__/__/__/mesh/core/src/enc.c.obj
                0x0002ed54                enc_k4
 .text.allocate_packet
                0x0002eda8       0x6e examples/dimming/dimming_server/CMakeFiles/dimming_server_nrf52840_xxAA_s140_7.0.1.dir/__/__/__/mesh/core/src/network.c.obj
 *fill*         0x0002ee16        0x2 
 .text.network_init
                0x0002ee18       0x1c examples/dimming/dimming_server/CMakeFiles/dimming_server_nrf52840_xxAA_s140_7.0.1.dir/__/__/__/mesh/core/src/network.c.obj
                0x0002ee18                network_init
 .text.network_enable
                0x0002ee34        0xe examples/dimming/dimming_server/CMakeFiles/dimming_server_nrf52840_xxAA_s140_7.0.1.dir/__/__/__/mesh/core/src/network.c.obj
                0x0002ee34                network_enable
 .text.network_packet_alloc
                0x0002ee42       0x42 examples/dimming/dimming_server/CMakeFiles/dimming_server_nrf52840_xxAA_s140_7.0.1.dir/__/__/__/mesh/core/src/network.c.obj
                0x0002ee42                network_packet_alloc
 .text.network_packet_send
                0x0002ee84       0xec examples/dimming/dimming_server/CMakeFiles/dimming_server_nrf52840_xxAA_s140_7.0.1.dir/__/__/__/mesh/core/src/network.c.obj
                0x0002ee84                network_packet_send
 .text.network_packet_in
                0x0002ef70      0x2ec examples/dimming/dimming_server/CMakeFiles/dimming_server_nrf52840_xxAA_s140_7.0.1.dir/__/__/__/mesh/core/src/network.c.obj
                0x0002ef70                network_packet_in
 .text.nonce_type_get
                0x0002f25c       0x16 examples/dimming/dimming_server/CMakeFiles/dimming_server_nrf52840_xxAA_s140_7.0.1.dir/__/__/__/mesh/core/src/net_packet.c.obj
 .text.header_transfuscate
                0x0002f272       0x54 examples/dimming/dimming_server/CMakeFiles/dimming_server_nrf52840_xxAA_s140_7.0.1.dir/__/__/__/mesh/core/src/net_packet.c.obj
 *fill*         0x0002f2c6        0x2 
 .text.try_decrypt
                0x0002f2c8      0x18c examples/dimming/dimming_server/CMakeFiles/dimming_server_nrf52840_xxAA_s140_7.0.1.dir/__/__/__/mesh/core/src/net_packet.c.obj
 .text.net_packet_decrypt
                0x0002f454       0x94 examples/dimming/dimming_server/CMakeFiles/dimming_server_nrf52840_xxAA_s140_7.0.1.dir/__/__/__/mesh/core/src/net_packet.c.obj
                0x0002f454                net_packet_decrypt
 .text.net_packet_encrypt
                0x0002f4e8       0x7e examples/dimming/dimming_server/CMakeFiles/dimming_server_nrf52840_xxAA_s140_7.0.1.dir/__/__/__/mesh/core/src/net_packet.c.obj
                0x0002f4e8                net_packet_encrypt
 .text.net_packet_header_set
                0x0002f566       0xaa examples/dimming/dimming_server/CMakeFiles/dimming_server_nrf52840_xxAA_s140_7.0.1.dir/__/__/__/mesh/core/src/net_packet.c.obj
                0x0002f566                net_packet_header_set
 .text.net_packet_payload_len_get
                0x0002f610       0x10 examples/dimming/dimming_server/CMakeFiles/dimming_server_nrf52840_xxAA_s140_7.0.1.dir/__/__/__/mesh/core/src/net_packet.c.obj
                0x0002f610                net_packet_payload_len_get
 .text.net_packet_from_payload
                0x0002f620        0x4 examples/dimming/dimming_server/CMakeFiles/dimming_server_nrf52840_xxAA_s140_7.0.1.dir/__/__/__/mesh/core/src/net_packet.c.obj
                0x0002f620                net_packet_from_payload
 .text.net_packet_payload_get
                0x0002f624        0x4 examples/dimming/dimming_server/CMakeFiles/dimming_server_nrf52840_xxAA_s140_7.0.1.dir/__/__/__/mesh/core/src/net_packet.c.obj
                0x0002f624                net_packet_payload_get
 .text.net_packet_obfuscation_start_get
                0x0002f628        0x4 examples/dimming/dimming_server/CMakeFiles/dimming_server_nrf52840_xxAA_s140_7.0.1.dir/__/__/__/mesh/core/src/net_packet.c.obj
                0x0002f628                net_packet_obfuscation_start_get
 .text.stage_get_available
                0x0002f62c       0x24 examples/dimming/dimming_server/CMakeFiles/dimming_server_nrf52840_xxAA_s140_7.0.1.dir/__/__/__/mesh/core/src/msqueue.c.obj
 .text.msq_get  0x0002f650       0x38 examples/dimming/dimming_server/CMakeFiles/dimming_server_nrf52840_xxAA_s140_7.0.1.dir/__/__/__/mesh/core/src/msqueue.c.obj
                0x0002f650                msq_get
 .text.msq_move
                0x0002f688       0x2e examples/dimming/dimming_server/CMakeFiles/dimming_server_nrf52840_xxAA_s140_7.0.1.dir/__/__/__/mesh/core/src/msqueue.c.obj
                0x0002f688                msq_move
 .text.msq_reset
                0x0002f6b6       0x20 examples/dimming/dimming_server/CMakeFiles/dimming_server_nrf52840_xxAA_s140_7.0.1.dir/__/__/__/mesh/core/src/msqueue.c.obj