Component: ARM Compiler 5.06 update 1 (build 61) Tool: armlink [4d35a8]

==============================================================================

Section Cross References

    main.o(.text) refers to rt_memcpy_w.o(.text) for __aeabi_memcpy4
    main.o(.text) refers to mesh_stack.o(.text) for mesh_stack_init
    main.o(.text) refers to app_error_handler_keil.o(.emb_text) for app_error_handler
    main.o(.text) refers to log.o(.text) for log_printf
    main.o(.text) refers to prov_utils.o(.text) for mesh_opt_prov_ecdh_offloading_set
    main.o(.text) refers to nrf_mesh_serial.o(.text) for nrf_mesh_serial_init
    main.o(.text) refers to app_timer_mesh.o(.text) for app_timer_init
    main.o(.text) refers to simple_hal.o(.text) for hal_leds_init
    main.o(.text) refers to ble_softdevice_support.o(.text) for ble_stack_init
    main.o(.text) refers to nrf_mesh_configure.o(.text) for nrf_mesh_configure_device_uuid_get
    main.o(.text) refers to mesh_app_utils.o(.text) for mesh_app_uuid_print
    main.o(.text) refers to main.o(.constdata) for .constdata
    main.o(.text) refers to main.o(.data) for .data
    main.o(.text) refers to log.o(.data) for g_log_dbg_msk
    main.o(.text) refers to main.o(.conststring) for .conststring
    mesh_stack.o(.text) refers to device_state_manager.o(.text) for nrf_mesh_is_device_provisioned
    mesh_stack.o(.text) refers to mesh_opt.o(.text) for mesh_opt_clear
    mesh_stack.o(.text) refers to access.o(.text) for access_clear
    mesh_stack.o(.text) refers to net_state.o(.text) for net_state_reset
    mesh_stack.o(.text) refers to nrf_mesh.o(.text) for nrf_mesh_init
    mesh_stack.o(.text) refers to config_server.o(.text) for config_server_init
    mesh_stack.o(.text) refers to health_server.o(.text) for health_server_init
    mesh_stack.o(.text) refers to mesh_config.o(.text) for mesh_config_load
    mesh_stack.o(.text) refers to assertion_handler_weak.o(.text) for mesh_assertion_handler
    mesh_stack.o(.text) refers to log.o(.text) for log_printf
    mesh_stack.o(.text) refers to hal.o(.text) for hal_device_reset
    mesh_stack.o(.text) refers to mesh_stack.o(.bss) for .bss
    mesh_stack.o(.text) refers to log.o(.data) for g_log_dbg_msk
    simple_hal.o(.text) refers to app_error.o(.text) for app_error_handler_bare
    simple_hal.o(.text) refers to app_timer_mesh.o(.text) for app_timer_stop
    simple_hal.o(.text) refers to lludivv7m.o(.text) for __aeabi_uldivmod
    simple_hal.o(.text) refers to simple_hal.o(.data) for .data
    simple_hal.o(.text) refers to simple_hal.o(.constdata) for .constdata
    simple_hal.o(.constdata) refers to simple_hal.o(.bss) for m_blink_timer_data
    mesh_app_utils.o(.text) refers to log.o(.text) for log_printf
    mesh_app_utils.o(.text) refers to mesh_app_utils.o(.rev16_text) for __asm___16_mesh_app_utils_c_72fc5aff____REV16
    mesh_app_utils.o(.text) refers to log.o(.data) for g_log_dbg_msk
    mesh_app_utils.o(.text) refers to log.o(.data) for g_log_hex_digits
    mesh_adv.o(.text) refers to rt_memclr_w.o(.text) for __aeabi_memclr4
    mesh_adv.o(.text) refers to ble_advdata.o(.text) for ble_advdata_encode
    mesh_adv.o(.text) refers to app_error.o(.text) for app_error_handler_bare
    mesh_adv.o(.text) refers to timeslot.o(.text) for timeslot_restart
    mesh_adv.o(.text) refers to mesh_adv.o(.bss) for .bss
    mesh_adv.o(.text) refers to mesh_adv.o(.data) for .data
    mesh_adv.o(.text) refers to mesh_adv.o(.constdata) for .constdata
    ble_softdevice_support.o(.text) refers to nrf_mesh.o(.text) for nrf_mesh_on_sd_evt
    ble_softdevice_support.o(.text) refers to nrf_sdh.o(.text) for nrf_sdh_enable_request
    ble_softdevice_support.o(.text) refers to app_error.o(.text) for app_error_handler_bare
    ble_softdevice_support.o(.text) refers to log.o(.text) for log_printf
    ble_softdevice_support.o(.text) refers to log.o(.data) for g_log_dbg_msk
    ble_softdevice_support.o(sdh_soc_observers0) refers to ble_softdevice_support.o(.text) for on_sd_evt
    app_util_platform.o(.text) refers to app_util_platform.o(.data) for .data
    app_util_platform.o(.text) refers to app_util_platform.o(.bss) for .bss
    ble_advdata.o(.text) refers to strlen.o(.text) for strlen
    ble_advdata.o(.text) refers to memcmp.o(.text) for memcmp
    ble_advdata.o(.text) refers to rt_memcpy_v6.o(.text) for __aeabi_memcpy
    nrf_sdh_soc.o(.text) refers to app_error.o(.text) for app_error_handler_bare
    nrf_sdh_soc.o(.text) refers to nrf_section_iter.o(.text) for nrf_section_iter_init
    nrf_sdh_soc.o(.text) refers to nrf_sdh_soc.o(.constdata) for .constdata
    nrf_sdh_soc.o(.constdata) refers to nrf_sdh_soc.o(.constdata) for sdh_soc_observers_array
    nrf_sdh_soc.o(sdh_stack_observers0) refers to nrf_sdh_soc.o(.text) for nrf_sdh_soc_evts_poll
    nrf_sdh_ble.o(.text) refers to app_error.o(.text) for app_error_handler_bare
[...]
    list_add                                 0x00038689   Thumb Code    70  list.o(.text)
    list_remove                              0x000386cf   Thumb Code    62  list.o(.text)
    list_size_get                            0x0003870d   Thumb Code    22  list.o(.text)
    list_sorted_add                          0x00038723   Thumb Code   106  list.o(.text)
    list_compare_add                         0x0003878d   Thumb Code    88  list.o(.text)
    log_callback_rtt                         0x00038801   Thumb Code    34  log.o(.text)
    log_callback_logview                     0x00038823   Thumb Code    44  log.o(.text)
    log_init                                 0x0003884f   Thumb Code     8  log.o(.text)
    log_set_callback                         0x00038857   Thumb Code     6  log.o(.text)
    log_vprintf                              0x0003885d   Thumb Code    22  log.o(.text)
    log_printf                               0x00038873   Thumb Code    16  log.o(.text)
    flash_manager_entry_invalidate           0x00038955   Thumb Code    66  flash_manager.o(.text)
    flash_manager_init                       0x00038c83   Thumb Code    64  flash_manager.o(.text)
    flash_manager_add                        0x00038cc3   Thumb Code   362  flash_manager.o(.text)
    flash_manager_remove                     0x00038e2d   Thumb Code    48  flash_manager.o(.text)
    flash_manager_entry_get                  0x00038e5d   Thumb Code    56  flash_manager.o(.text)
    flash_manager_entries_read               0x00038e95   Thumb Code   236  flash_manager.o(.text)
    flash_manager_entry_read                 0x00038f81   Thumb Code    82  flash_manager.o(.text)
    flash_manager_entry_next_get             0x00038fd3   Thumb Code   110  flash_manager.o(.text)
    flash_manager_entry_count_get            0x00039041   Thumb Code    28  flash_manager.o(.text)
    flash_manager_entry_alloc                0x0003905d   Thumb Code    96  flash_manager.o(.text)
    flash_manager_entry_commit               0x000390bd   Thumb Code    18  flash_manager.o(.text)
    flash_manager_entry_release              0x000390cf   Thumb Code    16  flash_manager.o(.text)
    flash_manager_mem_listener_register      0x000390df   Thumb Code    44  flash_manager.o(.text)
    flash_manager_is_stable                  0x0003910b   Thumb Code    24  flash_manager.o(.text)
    flash_manager_on_defrag_end              0x00039123   Thumb Code    70  flash_manager.o(.text)
    flash_manager_recovery_page_get          0x00039169   Thumb Code     4  flash_manager.o(.text)
    flash_manager_action_queue_empty_cb_set  0x0003916d   Thumb Code    32  flash_manager.o(.text)
    ccm_soft_encrypt                         0x000396b9   Thumb Code    50  ccm_soft.o(.text)
    ccm_soft_decrypt                         0x000396eb   Thumb Code   110  ccm_soft.o(.text)
    replay_cache_clear                       0x000398a9   Thumb Code    16  replay_cache.o(.text)
    replay_cache_init                        0x000398b9   Thumb Code    16  replay_cache.o(.text)
    replay_cache_enable                      0x000398c9   Thumb Code    12  replay_cache.o(.text)
    replay_cache_add                         0x000398d5   Thumb Code     4  replay_cache.o(.text)
    replay_cache_seqauth_add                 0x000398d9   Thumb Code    78  replay_cache.o(.text)
    replay_cache_has_elem                    0x00039927   Thumb Code    54  replay_cache.o(.text)
    replay_cache_has_seqauth                 0x0003995d   Thumb Code    84  replay_cache.o(.text)
    replay_cache_is_seqauth_last             0x000399b1   Thumb Code   114  replay_cache.o(.text)
    beacon_create                            0x00039b8d   Thumb Code    76  beacon.o(.text)
    entry_get                                0x00039c39   Thumb Code   108  flash_manager_internal.o(.text)
    core_tx_complete_cb_set                  0x00039ca5   Thumb Code     6  core_tx.o(.text)
    core_tx_packet_alloc                     0x00039cab   Thumb Code   164  core_tx.o(.text)
    core_tx_packet_send                      0x00039d4f   Thumb Code    62  core_tx.o(.text)
    core_tx_packet_discard                   0x00039d8d   Thumb Code    56  core_tx.o(.text)
    core_tx_bearer_type_get                  0x00039dc5   Thumb Code    30  core_tx.o(.text)
    core_tx_bearer_count_get                 0x00039de3   Thumb Code     6  core_tx.o(.text)
    core_tx_complete                         0x00039de9   Thumb Code    50  core_tx.o(.text)
    core_tx_bearer_add                       0x00039e1b   Thumb Code   114  core_tx.o(.text)
    heartbeat_init                           0x0003a10b   Thumb Code    62  heartbeat.o(.text)
    heartbeat_subscription_set               0x0003a149   Thumb Code   194  heartbeat.o(.text)
    heartbeat_subscription_get               0x0003a20b   Thumb Code     4  heartbeat.o(.text)
    heartbeat_publication_get                0x0003a20f   Thumb Code     6  heartbeat.o(.text)
    heartbeat_publication_set                0x0003a215   Thumb Code    18  heartbeat.o(.text)
    heartbeat_public_info_getter_register    0x0003a227   Thumb Code    16  heartbeat.o(.text)
    net_beacon_init                          0x0003a517   Thumb Code    90  net_beacon.o(.text)
    net_beacon_enable                        0x0003a571   Thumb Code    32  net_beacon.o(.text)
    net_beacon_state_set                     0x0003a591   Thumb Code    24  net_beacon.o(.text)
    net_beacon_state_get                     0x0003a5a9   Thumb Code    26  net_beacon.o(.text)
    net_beacon_build                         0x0003a5c3   Thumb Code    34  net_beacon.o(.text)
    net_beacon_packet_in                     0x0003a5e5   Thumb Code   248  net_beacon.o(.text)
    mesh_config_init                         0x0003a867   Thumb Code     4  mesh_config.o(.text)
    mesh_config_load                         0x0003a86b   Thumb Code     6  mesh_config.o(.text)
    mesh_config_is_busy                      0x0003a871   Thumb Code     4  mesh_config.o(.text)
    mesh_config_power_down                   0x0003a875   Thumb Code    32  mesh_config.o(.text)
    mesh_config_entry_available_id           0x0003a895   Thumb Code    54  mesh_config.o(.text)
    mesh_config_entry_set                    0x0003a8cb   Thumb Code    88  mesh_config.o(.text)
    mesh_config_entry_get                    0x0003a923   Thumb Code    60  mesh_config.o(.text)
    mesh_config_entry_delete                 0x0003a95f   Thumb Code    66  mesh_config.o(.text)
    mesh_config_power_down_time_get          0x0003a9a1   Thumb Code     4  mesh_config.o(.text)
    mesh_config_clear                        0x0003a9a5   Thumb Code    50  mesh_config.o(.text)
    mesh_config_backend_init                 0x0003aad7   Thumb Code   256  mesh_config_backend.o(.text)
    mesh_config_backend_store                0x0003abd7   Thumb Code    74  mesh_config_backend.o(.text)
    mesh_config_backend_erase                0x0003ac21   Thumb Code    48  mesh_config_backend.o(.text)
    mesh_config_backend_read                 0x0003ac51   Thumb Code    84  mesh_config_backend.o(.text)
    mesh_config_backend_read_all             0x0003aca5   Thumb Code    46  mesh_config_backend.o(.text)
    mesh_config_backend_power_down_time_get  0x0003acd3   Thumb Code     6  mesh_config_backend.o(.text)
    mesh_config_backend_glue_init            0x0003ad73   Thumb Code    24  mesh_config_flashman_glue.o(.text)
    mesh_config_backend_file_create          0x0003ad8b   Thumb Code   120  mesh_config_flashman_glue.o(.text)
    mesh_config_backend_record_write         0x0003ae03   Thumb Code    42  mesh_config_flashman_glue.o(.text)
    mesh_config_backend_record_erase         0x0003ae2d   Thumb Code    44  mesh_config_flashman_glue.o(.text)
    mesh_config_backend_record_read          0x0003ae59   Thumb Code    50  mesh_config_flashman_glue.o(.text)
    mesh_config_backend_records_read         0x0003ae8b   Thumb Code    42  mesh_config_flashman_glue.o(.text)
    mesh_config_record_size_calculate        0x0003aeb5   Thumb Code    10  mesh_config_flashman_glue.o(.text)
    mesh_config_backend_flash_usage_get      0x0003aebf   Thumb Code    32  mesh_config_flashman_glue.o(.text)
    mesh_config_backend_file_power_down_time_get 0x0003aedf   Thumb Code    46  mesh_config_flashman_glue.o(.text)
    core_tx_local_init                       0x0003b073   Thumb Code    36  core_tx_local.o(.text)
    mesh_opt_core_adv_set                    0x0003b371   Thumb Code    26  core_tx_adv.o(.text)
    mesh_opt_core_adv_get                    0x0003b38b   Thumb Code    26  core_tx_adv.o(.text)
    mesh_opt_core_adv_delete                 0x0003b3a5   Thumb Code    26  core_tx_adv.o(.text)
    mesh_opt_core_adv_addr_set               0x0003b3bf   Thumb Code    26  core_tx_adv.o(.text)
    mesh_opt_core_adv_addr_get               0x0003b3d9   Thumb Code    26  core_tx_adv.o(.text)
    mesh_opt_core_adv_addr_delete            0x0003b3f3   Thumb Code    26  core_tx_adv.o(.text)
    mesh_opt_core_tx_power_set               0x0003b40d   Thumb Code    32  core_tx_adv.o(.text)
    mesh_opt_core_tx_power_get               0x0003b42d   Thumb Code    26  core_tx_adv.o(.text)
    mesh_opt_core_tx_power_delete            0x0003b447   Thumb Code    26  core_tx_adv.o(.text)
    core_tx_adv_init                         0x0003b461   Thumb Code    96  core_tx_adv.o(.text)
    core_tx_adv_is_enabled                   0x0003b4c1   Thumb Code    28  core_tx_adv.o(.text)
    mesh_mem_init                            0x0003b4e1   Thumb Code     2  mesh_mem_stdlib.o(.text)
    mesh_mem_alloc                           0x0003b4e3   Thumb Code     4  mesh_mem_stdlib.o(.text)
    mesh_mem_free                            0x0003b4e7   Thumb Code     4  mesh_mem_stdlib.o(.text)
    mesh_mem_calloc                          0x0003b4eb   Thumb Code     4  mesh_mem_stdlib.o(.text)
    ad_listener_init                         0x0003b4f1   Thumb Code    76  ad_listener.o(.text)
    ad_listener_process                      0x0003b53d   Thumb Code    78  ad_listener.o(.text)
    bearer_adtype_filtering_set              0x0003b607   Thumb Code    22  ad_type_filter.o(.text)
    bearer_adtype_add                        0x0003b61d   Thumb Code    28  ad_type_filter.o(.text)
    bearer_adtype_remove                     0x0003b639   Thumb Code    28  ad_type_filter.o(.text)
    bearer_adtype_clear                      0x0003b655   Thumb Code    10  ad_type_filter.o(.text)
    bearer_adtype_mode_set                   0x0003b65f   Thumb Code    22  ad_type_filter.o(.text)
    bearer_invalid_length_amount_get         0x0003b675   Thumb Code     6  ad_type_filter.o(.text)
    bearer_adtype_filtered_amount_get        0x0003b67b   Thumb Code     6  ad_type_filter.o(.text)
    advertiser_address_default_get           0x0003b765   Thumb Code    70  advertiser.o(.text)
    advertiser_init                          0x0003b7cf   Thumb Code     6  advertiser.o(.text)
    advertiser_instance_init                 0x0003b7d5   Thumb Code   156  advertiser.o(.text)
    advertiser_enable                        0x0003b871   Thumb Code    50  advertiser.o(.text)
    advertiser_disable                       0x0003b8a3   Thumb Code    10  advertiser.o(.text)
    advertiser_packet_alloc                  0x0003b8ad   Thumb Code   112  advertiser.o(.text)
    advertiser_packet_send                   0x0003b91d   Thumb Code    86  advertiser.o(.text)
    advertiser_packet_discard                0x0003b973   Thumb Code    30  advertiser.o(.text)
    advertiser_interval_set                  0x0003b991   Thumb Code    80  advertiser.o(.text)
    advertiser_address_set                   0x0003b9e1   Thumb Code    78  advertiser.o(.text)
    advertiser_channels_set                  0x0003ba2f   Thumb Code    94  advertiser.o(.text)
    advertiser_config_set                    0x0003ba8d   Thumb Code    84  advertiser.o(.text)
    advertiser_config_get                    0x0003bae1   Thumb Code    32  advertiser.o(.text)
    advertiser_tx_power_set                  0x0003bb01   Thumb Code    20  advertiser.o(.text)
    advertiser_flush                         0x0003bb15   Thumb Code    36  advertiser.o(.text)
    TIMER2_IRQHandler                        0x0003bd67   Thumb Code    68  bearer_handler.o(.text)
    bearer_handler_init                      0x0003bdab   Thumb Code    34  bearer_handler.o(.text)
    bearer_handler_wake_up                   0x0003bdcd   Thumb Code    44  bearer_handler.o(.text)
    bearer_handler_start                     0x0003bdf9   Thumb Code    28  bearer_handler.o(.text)
    bearer_handler_stop                      0x0003be15   Thumb Code    56  bearer_handler.o(.text)
    bearer_handler_action_enqueue            0x0003be4d   Thumb Code    88  bearer_handler.o(.text)
    bearer_handler_action_fire               0x0003bea5   Thumb Code    88  bearer_handler.o(.text)
    bearer_handler_action_end                0x0003befd   Thumb Code    54  bearer_handler.o(.text)
    bearer_handler_radio_irq_handler         0x0003bf33   Thumb Code    92  bearer_handler.o(.text)
    bearer_handler_timer_irq_handler         0x0003bf8f   Thumb Code    44  bearer_handler.o(.text)
    bearer_handler_on_ts_begin               0x0003bfbb   Thumb Code    46  bearer_handler.o(.text)
    bearer_handler_on_ts_end                 0x0003bfe9   Thumb Code    58  bearer_handler.o(.text)
    bearer_handler_on_ts_session_closed      0x0003c023   Thumb Code    54  bearer_handler.o(.text)
    broadcast_send                           0x0003c26f   Thumb Code    94  broadcast.o(.text)
    fen_filter_start                         0x0003c305   Thumb Code    56  filter_engine.o(.text)
    fen_filter_stop                          0x0003c33d   Thumb Code    46  filter_engine.o(.text)
    fen_filters_apply                        0x0003c36b   Thumb Code    76  filter_engine.o(.text)
    fen_accepted_amount_get                  0x0003c3b7   Thumb Code    26  filter_engine.o(.text)
    radio_config_reset                       0x0003c3d5   Thumb Code    54  radio_config.o(.text)
    radio_config_channel_set                 0x0003c40b   Thumb Code    32  radio_config.o(.text)
    radio_config_config                      0x0003c42b   Thumb Code   136  radio_config.o(.text)
    radio_config_access_addr_set             0x0003c4b3   Thumb Code    76  radio_config.o(.text)
    radio_config_access_addr_get             0x0003c4ff   Thumb Code    82  radio_config.o(.text)
    scanner_radio_start                      0x0003c763   Thumb Code    36  scanner.o(.text)
    scanner_radio_stop                       0x0003c787   Thumb Code     8  scanner.o(.text)
    scanner_radio_irq_handler                0x0003c78f   Thumb Code    32  scanner.o(.text)
    scanner_timer_irq_handler                0x0003c7af   Thumb Code    42  scanner.o(.text)
    scanner_config_scan_time_set             0x0003c82f   Thumb Code    66  scanner.o(.text)
    scanner_config_radio_mode_set            0x0003c871   Thumb Code    12  scanner.o(.text)
    scanner_config_access_addresses_set      0x0003c87d   Thumb Code    48  scanner.o(.text)
    scanner_config_channels_set              0x0003c8ad   Thumb Code   100  scanner.o(.text)
    scanner_config_reset                     0x0003c911   Thumb Code    44  scanner.o(.text)
    scanner_init                             0x0003c93d   Thumb Code   128  scanner.o(.text)
    scanner_rx_callback_set                  0x0003c9bd   Thumb Code    26  scanner.o(.text)
    scanner_enable                           0x0003c9d7   Thumb Code    38  scanner.o(.text)
    scanner_disable                          0x0003c9fd   Thumb Code    50  scanner.o(.text)
    scanner_is_enabled                       0x0003ca2f   Thumb Code    16  scanner.o(.text)
    scanner_packet_release                   0x0003ca3f   Thumb Code    40  scanner.o(.text)
    scanner_rx                               0x0003ca67   Thumb Code    48  scanner.o(.text)
    scanner_stats_get                        0x0003ca97   Thumb Code     6  scanner.o(.text)
    scanner_rx_pending                       0x0003ca9d   Thumb Code     8  scanner.o(.text)
    mesh_pa_lna_gpiote_enable                0x0003cb99   Thumb Code   104  mesh_pa_lna.o(.text)
    mesh_pa_lna_cleanup                      0x0003cc01   Thumb Code    60  mesh_pa_lna.o(.text)
    mesh_pa_lna_gpiote_disable               0x0003cc3d   Thumb Code    34  mesh_pa_lna.o(.text)
    mesh_pa_lna_gpiote_params_get            0x0003cc5f   Thumb Code    12  mesh_pa_lna.o(.text)
    mesh_pa_setup_start                      0x0003cc6b   Thumb Code    52  mesh_pa_lna.o(.text)
    mesh_lna_setup_start                     0x0003cc9f   Thumb Code    54  mesh_pa_lna.o(.text)
    mesh_pa_lna_disable_start                0x0003ccd5   Thumb Code    22  mesh_pa_lna.o(.text)
    mesh_pa_lna_setup_stop                   0x0003cceb   Thumb Code    54  mesh_pa_lna.o(.text)
    RTC1_IRQHandler                          0x0003cf1f   Thumb Code    72  app_timer_mesh.o(.text)
    SWI0_EGU0_IRQHandler                     0x0003cf67   Thumb Code     4  app_timer_mesh.o(.text)
    app_timer_init                           0x0003cf6b   Thumb Code   150  app_timer_mesh.o(.text)
    app_timer_create                         0x0003d001   Thumb Code    32  app_timer_mesh.o(.text)
    app_timer_start                          0x0003d021   Thumb Code   130  app_timer_mesh.o(.text)
    app_timer_stop                           0x0003d0a3   Thumb Code    24  app_timer_mesh.o(.text)
    app_timer_stop_all                       0x0003d0bb   Thumb Code    16  app_timer_mesh.o(.text)
    app_timer_cnt_get                        0x0003d0cb   Thumb Code     8  app_timer_mesh.o(.text)
    app_timer_cnt_diff_compute               0x0003d0d3   Thumb Code     8  app_timer_mesh.o(.text)
    app_timer_pause                          0x0003d0db   Thumb Code     8  app_timer_mesh.o(.text)
    app_timer_resume                         0x0003d0e3   Thumb Code     8  app_timer_mesh.o(.text)
    is_app_timer_init                        0x0003d0eb   Thumb Code     6  app_timer_mesh.o(.text)
    app_timer_workaround_apply               0x0003d343   Thumb Code    52  app_timer_workaround.o(.text)
    SystemCoreClockUpdate                    0x0003d3b5   Thumb Code     8  system_nrf52840.o(.text)
    SystemInit                               0x0003d3bd   Thumb Code   424  system_nrf52840.o(.text)
    Reset_Handler                            0x0003d5a1   Thumb Code     8  arm_startup_nrf52840.o(.text)
    NMI_Handler                              0x0003d5a9   Thumb Code     2  arm_startup_nrf52840.o(.text)
    HardFault_Handler                        0x0003d5ab   Thumb Code     2  arm_startup_nrf52840.o(.text)
    MemoryManagement_Handler                 0x0003d5ad   Thumb Code     2  arm_startup_nrf52840.o(.text)
    BusFault_Handler                         0x0003d5af   Thumb Code     2  arm_startup_nrf52840.o(.text)
    UsageFault_Handler                       0x0003d5b1   Thumb Code     2  arm_startup_nrf52840.o(.text)
    SVC_Handler                              0x0003d5b3   Thumb Code     2  arm_startup_nrf52840.o(.text)
    DebugMon_Handler                         0x0003d5b5   Thumb Code     2  arm_startup_nrf52840.o(.text)
    PendSV_Handler                           0x0003d5b7   Thumb Code     2  arm_startup_nrf52840.o(.text)
    SysTick_Handler                          0x0003d5b9   Thumb Code     2  arm_startup_nrf52840.o(.text)
    CCM_AAR_IRQHandler                       0x0003d5bb   Thumb Code     0  arm_startup_nrf52840.o(.text)
    COMP_LPCOMP_IRQHandler                   0x0003d5bb   Thumb Code     0  arm_startup_nrf52840.o(.text)
    CRYPTOCELL_IRQHandler                    0x0003d5bb   Thumb Code     0  arm_startup_nrf52840.o(.text)
    ECB_IRQHandler                           0x0003d5bb   Thumb Code     0  arm_startup_nrf52840.o(.text)
    FPU_IRQHandler                           0x0003d5bb   Thumb Code     0  arm_startup_nrf52840.o(.text)
    I2S_IRQHandler                           0x0003d5bb   Thumb Code     0  arm_startup_nrf52840.o(.text)
    MWU_IRQHandler                           0x0003d5bb   Thumb Code     0  arm_startup_nrf52840.o(.text)
    NFCT_IRQHandler                          0x0003d5bb   Thumb Code     0  arm_startup_nrf52840.o(.text)
    PDM_IRQHandler                           0x0003d5bb   Thumb Code     0  arm_startup_nrf52840.o(.text)
    POWER_CLOCK_IRQHandler                   0x0003d5bb   Thumb Code     0  arm_startup_nrf52840.o(.text)
    PWM0_IRQHandler                          0x0003d5bb   Thumb Code     0  arm_startup_nrf52840.o(.text)
    PWM1_IRQHandler                          0x0003d5bb   Thumb Code     0  arm_startup_nrf52840.o(.text)
    PWM2_IRQHandler                          0x0003d5bb   Thumb Code     0  arm_startup_nrf52840.o(.text)
    PWM3_IRQHandler                          0x0003d5bb   Thumb Code     0  arm_startup_nrf52840.o(.text)
    QSPI_IRQHandler                          0x0003d5bb   Thumb Code     0  arm_startup_nrf52840.o(.text)
    RADIO_IRQHandler                         0x0003d5bb   Thumb Code     0  arm_startup_nrf52840.o(.text)
    RNG_IRQHandler                           0x0003d5bb   Thumb Code     0  arm_startup_nrf52840.o(.text)
    RTC0_IRQHandler                          0x0003d5bb   Thumb Code     0  arm_startup_nrf52840.o(.text)
    RTC2_IRQHandler                          0x0003d5bb   Thumb Code     0  arm_startup_nrf52840.o(.text)
    SAADC_IRQHandler                         0x0003d5bb   Thumb Code     0  arm_startup_nrf52840.o(.text)
    SPIM0_SPIS0_TWIM0_TWIS0_SPI0_TWI0_IRQHandler 0x0003d5bb   Thumb Code     0  arm_startup_nrf52840.o(.text)
    SPIM1_SPIS1_TWIM1_TWIS1_SPI1_TWI1_IRQHandler 0x0003d5bb   Thumb Code     0  arm_startup_nrf52840.o(.text)
    SPIM2_SPIS2_SPI2_IRQHandler              0x0003d5bb   Thumb Code     0  arm_startup_nrf52840.o(.text)
    SPIM3_IRQHandler                         0x0003d5bb   Thumb Code     0  arm_startup_nrf52840.o(.text)
    SWI1_EGU1_IRQHandler                     0x0003d5bb   Thumb Code     0  arm_startup_nrf52840.o(.text)
    SWI3_EGU3_IRQHandler                     0x0003d5bb   Thumb Code     0  arm_startup_nrf52840.o(.text)
    SWI4_EGU4_IRQHandler                     0x0003d5bb   Thumb Code     0  arm_startup_nrf52840.o(.text)
    SWI5_EGU5_IRQHandler                     0x0003d5bb   Thumb Code     0  arm_startup_nrf52840.o(.text)
    TEMP_IRQHandler                          0x0003d5bb   Thumb Code     0  arm_startup_nrf52840.o(.text)
    TIMER0_IRQHandler                        0x0003d5bb   Thumb Code     0  arm_startup_nrf52840.o(.text)
    TIMER1_IRQHandler                        0x0003d5bb   Thumb Code     0  arm_startup_nrf52840.o(.text)
    TIMER3_IRQHandler                        0x0003d5bb   Thumb Code     0  arm_startup_nrf52840.o(.text)
    TIMER4_IRQHandler                        0x0003d5bb   Thumb Code     0  arm_startup_nrf52840.o(.text)
    UARTE1_IRQHandler                        0x0003d5bb   Thumb Code     0  arm_startup_nrf52840.o(.text)
    USBD_IRQHandler                          0x0003d5bb   Thumb Code     0  arm_startup_nrf52840.o(.text)
    WDT_IRQHandler                           0x0003d5bb   Thumb Code     0  arm_startup_nrf52840.o(.text)
    __user_initial_stackheap                 0x0003d5bd   Thumb Code    10  arm_startup_nrf52840.o(.text)
    app_error_handler_bare                   0x0003d5e1   Thumb Code    22  app_error.o(.text)
    app_error_save_and_stop                  0x0003d5f7   Thumb Code    94  app_error.o(.text)
    uECC_set_rng                             0x0003d665   Thumb Code     6  uECC.o(.text)
    uECC_get_rng                             0x0003d66b   Thumb Code     6  uECC.o(.text)
    uECC_curve_private_key_size              0x0003d671   Thumb Code    16  uECC.o(.text)
    uECC_curve_public_key_size               0x0003d681   Thumb Code     8  uECC.o(.text)
    uECC_secp256r1                           0x0003dc65   Thumb Code     6  uECC.o(.text)
    uECC_make_key                            0x0003e2e3   Thumb Code   128  uECC.o(.text)
    uECC_shared_secret                       0x0003e363   Thumb Code   188  uECC.o(.text)
    uECC_valid_point                         0x0003e41f   Thumb Code    96  uECC.o(.text)
    uECC_valid_public_key                    0x0003e47f   Thumb Code    52  uECC.o(.text)
    uECC_compute_public_key                  0x0003e4b3   Thumb Code   140  uECC.o(.text)
    uECC_sign                                0x0003e747   Thumb Code    84  uECC.o(.text)
    uECC_sign_deterministic                  0x0003e83d   Thumb Code   368  uECC.o(.text)
    uECC_verify                              0x0003e9ad   Thumb Code   674  uECC.o(.text)
    SEGGER_RTT_ReadNoLock                    0x0003ef25   Thumb Code   114  SEGGER_RTT.o(.text)
    SEGGER_RTT_Read                          0x0003ef97   Thumb Code    24  SEGGER_RTT.o(.text)
    SEGGER_RTT_WriteWithOverwriteNoLock      0x0003efaf   Thumb Code   142  SEGGER_RTT.o(.text)
    SEGGER_RTT_WriteSkipNoLock               0x0003f03d   Thumb Code   108  SEGGER_RTT.o(.text)
    SEGGER_RTT_WriteNoLock                   0x0003f0a9   Thumb Code    86  SEGGER_RTT.o(.text)
    SEGGER_RTT_Write                         0x0003f0ff   Thumb Code    48  SEGGER_RTT.o(.text)
    SEGGER_RTT_WriteString                   0x0003f12f   Thumb Code    24  SEGGER_RTT.o(.text)
    SEGGER_RTT_PutCharSkipNoLock             0x0003f147   Thumb Code    48  SEGGER_RTT.o(.text)
    SEGGER_RTT_PutCharSkip                   0x0003f177   Thumb Code    76  SEGGER_RTT.o(.text)
    SEGGER_RTT_PutChar                       0x0003f1c3   Thumb Code   118  SEGGER_RTT.o(.text)
    SEGGER_RTT_GetKey                        0x0003f239   Thumb Code    28  SEGGER_RTT.o(.text)
    SEGGER_RTT_WaitKey                       0x0003f255   Thumb Code    12  SEGGER_RTT.o(.text)
    SEGGER_RTT_HasKey                        0x0003f261   Thumb Code    28  SEGGER_RTT.o(.text)
    SEGGER_RTT_HasData                       0x0003f27d   Thumb Code    18  SEGGER_RTT.o(.text)
    SEGGER_RTT_HasDataUp                     0x0003f28f   Thumb Code    18  SEGGER_RTT.o(.text)
    SEGGER_RTT_AllocDownBuffer               0x0003f2a1   Thumb Code    96  SEGGER_RTT.o(.text)
    SEGGER_RTT_AllocUpBuffer                 0x0003f301   Thumb Code    96  SEGGER_RTT.o(.text)
    SEGGER_RTT_ConfigUpBuffer                0x0003f361   Thumb Code    46  SEGGER_RTT.o(.text)
    SEGGER_RTT_ConfigDownBuffer              0x0003f38f   Thumb Code    46  SEGGER_RTT.o(.text)
    SEGGER_RTT_SetNameUpBuffer               0x0003f3bd   Thumb Code    58  SEGGER_RTT.o(.text)
    SEGGER_RTT_SetNameDownBuffer             0x0003f3f7   Thumb Code    58  SEGGER_RTT.o(.text)
    SEGGER_RTT_SetFlagsUpBuffer              0x0003f431   Thumb Code    58  SEGGER_RTT.o(.text)
    SEGGER_RTT_SetFlagsDownBuffer            0x0003f46b   Thumb Code    58  SEGGER_RTT.o(.text)
    SEGGER_RTT_Init                          0x0003f4a5   Thumb Code     2  SEGGER_RTT.o(.text)
    SEGGER_RTT_SetTerminal                   0x0003f4a7   Thumb Code   132  SEGGER_RTT.o(.text)
    SEGGER_RTT_TerminalOut                   0x0003f52b   Thumb Code   170  SEGGER_RTT.o(.text)
    SEGGER_RTT_vprintf                       0x0003f713   Thumb Code   382  SEGGER_RTT_printf.o(.text)
    SEGGER_RTT_printf                        0x0003f891   Thumb Code    22  SEGGER_RTT_printf.o(.text)
    calloc                                   0x0003f971   Thumb Code    40  calloc.o(.text)
    malloc                                   0x0003f999   Thumb Code    94  h1_alloc.o(.text)
    free                                     0x0003f9f7   Thumb Code    78  h1_free.o(.text)
    __aeabi_uldivmod                         0x0003fa45   Thumb Code     0  lludivv7m.o(.text)
    _ll_udiv                                 0x0003fa45   Thumb Code   238  lludivv7m.o(.text)
    memcmp                                   0x0003fb33   Thumb Code    88  memcmp.o(.text)
    strcpy                                   0x0003fb8b   Thumb Code    72  strcpy.o(.text)
    strlen                                   0x0003fbd3   Thumb Code    62  strlen.o(.text)
    __aeabi_memcpy                           0x0003fc11   Thumb Code     0  rt_memcpy_v6.o(.text)
    __rt_memcpy                              0x0003fc11   Thumb Code   138  rt_memcpy_v6.o(.text)
    _memcpy_lastbytes                        0x0003fc77   Thumb Code     0  rt_memcpy_v6.o(.text)
    __aeabi_memcpy4                          0x0003fc9b   Thumb Code     0  rt_memcpy_w.o(.text)
    __aeabi_memcpy8                          0x0003fc9b   Thumb Code     0  rt_memcpy_w.o(.text)
    __rt_memcpy_w                            0x0003fc9b   Thumb Code   100  rt_memcpy_w.o(.text)
    _memcpy_lastbytes_aligned                0x0003fce3   Thumb Code     0  rt_memcpy_w.o(.text)
    __aeabi_memclr                           0x0003fcff   Thumb Code     0  rt_memclr.o(.text)
    __rt_memclr                              0x0003fcff   Thumb Code    68  rt_memclr.o(.text)
    _memset                                  0x0003fd03   Thumb Code     0  rt_memclr.o(.text)
    __aeabi_memclr4                          0x0003fd43   Thumb Code     0  rt_memclr_w.o(.text)
    __aeabi_memclr8                          0x0003fd43   Thumb Code     0  rt_memclr_w.o(.text)
    __rt_memclr_w                            0x0003fd43   Thumb Code    78  rt_memclr_w.o(.text)
    _memset_w                                0x0003fd47   Thumb Code     0  rt_memclr_w.o(.text)
    __use_two_region_memory                  0x0003fd91   Thumb Code     2  heapauxi.o(.text)
    __rt_heap_escrow                         0x0003fd93   Thumb Code     2  heapauxi.o(.text)
    __rt_heap_expand                         0x0003fd95   Thumb Code     2  heapauxi.o(.text)
    __rt_heap_descriptor                     0x0003fd99   Thumb Code     8  rt_heap_descriptor_intlibspace.o(.text)
    __use_no_heap                            0x0003fda1   Thumb Code     2  hguard.o(.text)
    __heap$guard                             0x0003fda3   Thumb Code     2  hguard.o(.text)
    _terminate_user_alloc                    0x0003fda5   Thumb Code     2  init_alloc.o(.text)
    _init_user_alloc                         0x0003fda7   Thumb Code     2  init_alloc.o(.text)
    __Heap_Full                              0x0003fda9   Thumb Code    34  init_alloc.o(.text)
    __Heap_Broken                            0x0003fdcb   Thumb Code     6  init_alloc.o(.text)
    _init_alloc                              0x0003fdd1   Thumb Code    94  init_alloc.o(.text)
    __Heap_Initialize                        0x0003fe2f   Thumb Code    10  h1_init.o(.text)
    __Heap_DescSize                          0x0003fe39   Thumb Code     4  h1_init.o(.text)
    __user_libspace                          0x0003fe3d   Thumb Code     8  libspace.o(.text)
    __user_perproc_libspace                  0x0003fe3d   Thumb Code     0  libspace.o(.text)
    __user_perthread_libspace                0x0003fe3d   Thumb Code     0  libspace.o(.text)
    __Heap_ProvideMemory                     0x0003fe45   Thumb Code    52  h1_extend.o(.text)
    __rt_SIGRTMEM                            0x0003fe79   Thumb Code    14  defsig_rtmem_outer.o(.text)
    __I$use$semihosting                      0x0003fe87   Thumb Code     0  use_no_semi.o(.text)
    __use_no_semihosting_swi                 0x0003fe87   Thumb Code     2  use_no_semi.o(.text)
    __semihosting_library_function           0x0003fe89   Thumb Code     0  indicate_semi.o(.text)
    __user_setup_stackheap                   0x0003fe89   Thumb Code    74  sys_stackheap_outer.o(.text)
    exit                                     0x0003fed3   Thumb Code    18  exit.o(.text)
    __sig_exit                               0x0003fee5   Thumb Code    10  defsig_exit.o(.text)
    __rt_SIGRTMEM_inner                      0x0003fef1   Thumb Code    22  defsig_rtmem_inner.o(.text)
    _sys_exit                                0x0003ff41   Thumb Code     8  sys_exit.o(.text)
    __default_signal_display                 0x0003ff4d   Thumb Code    50  defsig_general.o(.text)
    _ttywrch                                 0x0003ff7f   Thumb Code    14  sys_wrch.o(.text)
    _fp_init                                 0x0003ff8d   Thumb Code    10  fpinit.o(x$fpl$fpinit)
    __fplib_config_fpu_vfp                   0x0003ff95   Thumb Code     0  fpinit.o(x$fpl$fpinit)
    __fplib_config_pureend_doubles           0x0003ff95   Thumb Code     0  fpinit.o(x$fpl$fpinit)
    m_ram_start                              0x0003fffc   Data           4  nrf_sdh_ble.o(.constdata)
    INVALID_HEADER                           0x00040924   Data           4  flash_manager.o(.constdata)
    PADDING_HEADER                           0x00040928   Data           4  flash_manager.o(.constdata)
    SEAL_HEADER                              0x0004092c   Data           4  flash_manager.o(.constdata)
    Region$$Table$$Base                      0x00040e54   Number         0  anon$$obj.o(Region$$Table)
    Region$$Table$$Limit                     0x00040e74   Number         0  anon$$obj.o(Region$$Table)
    ad_listeners$$Base                       0x00040e74   Number         0  prov_bearer_adv.o(ad_listeners)
    m_pb_adv_ad_listener                     0x00040e74   Data           8  prov_bearer_adv.o(ad_listeners)
    m_mesh_packet_listener                   0x00040e7c   Data           8  nrf_mesh.o(ad_listeners)
    m_beacon_listener                        0x00040e84   Data           8  beacon.o(ad_listeners)
    ad_listeners$$Limit                      0x00040e8c   Number         0  beacon.o(ad_listeners)
    m_ecdh_offloading_params                 0x00040e8c   Data          28  prov_utils.o(mesh_config_entries)
    mesh_config_entries$$Base                0x00040e8c   Number         0  prov_utils.o(mesh_config_entries)
    m_access_metadata_params                 0x00040ea8   Data          28  access.o(mesh_config_entries)
    m_subscriptions_params                   0x00040ec4   Data          28  access.o(mesh_config_entries)
    m_elements_params                        0x00040ee0   Data          28  access.o(mesh_config_entries)
    m_models_params                          0x00040efc   Data          28  access.o(mesh_config_entries)
    m_dsm_metadata_params                    0x00040f18   Data          28  device_state_manager.o(mesh_config_entries)
    m_dsm_unicast_addr_params                0x00040f34   Data          28  device_state_manager.o(mesh_config_entries)
    m_dsm_nonvirtual_addr_params             0x00040f50   Data          28  device_state_manager.o(mesh_config_entries)
    m_dsm_virtual_addr_params                0x00040f6c   Data          28  device_state_manager.o(mesh_config_entries)
    m_dsm_subnet_params                      0x00040f88   Data          28  device_state_manager.o(mesh_config_entries)
    m_dsm_appkey_params                      0x00040fa4   Data          28  device_state_manager.o(mesh_config_entries)
    m_dsm_devkey_params                      0x00040fc0   Data          28  device_state_manager.o(mesh_config_entries)
    m_dsm_legacy_subnet_params               0x00040fdc   Data          28  device_state_manager.o(mesh_config_entries)
    m_dsm_reduced_legacy_appkey_params       0x00040ff8   Data          28  device_state_manager.o(mesh_config_entries)
    m_dsm_full_legacy_appkey_params          0x00041014   Data          28  device_state_manager.o(mesh_config_entries)
    m_mesh_opt_health_params                 0x00041030   Data          28  health_server.o(mesh_config_entries)
    m_heartbeat_publication_params           0x0004104c   Data          28  heartbeat.o(mesh_config_entries)
    m_net_beacon_enable_params               0x00041068   Data          28  net_beacon.o(mesh_config_entries)
    m_mesh_opt_core_adv_params               0x00041084   Data          28  core_tx_adv.o(mesh_config_entries)
    m_mesh_opt_core_tx_power_params          0x000410a0   Data          28  core_tx_adv.o(mesh_config_entries)
    m_mesh_opt_core_adv_addr_params          0x000410bc   Data          28  core_tx_adv.o(mesh_config_entries)
    m_heartbeat_relay_listener               0x000410d8   Data           8  heartbeat.o(mesh_config_entry_listeners)
    mesh_config_entries$$Limit               0x000410d8   Number         0  core_tx_adv.o(mesh_config_entries)
    mesh_config_entry_listeners$$Base        0x000410d8   Number         0  heartbeat.o(mesh_config_entry_listeners)
    m_access_file                            0x000410e0   Data           8  access.o(mesh_config_files)
    mesh_config_entry_listeners$$Limit       0x000410e0   Number         0  heartbeat.o(mesh_config_entry_listeners)
    mesh_config_files$$Base                  0x000410e0   Number         0  access.o(mesh_config_files)
    m_dsm_file                               0x000410e8   Data           8  device_state_manager.o(mesh_config_files)
    m_mesh_opt_core_file                     0x000410f0   Data           8  mesh_opt.o(mesh_config_files)
    mesh_config_files$$Limit                 0x000410f8   Number         0  mesh_opt.o(mesh_config_files)
    sdh_soc_observers0$$Base                 0x000410f8   Number         0  ble_softdevice_support.o(sdh_soc_observers0)
    sdh_soc_observers0$$Limit                0x00041100   Number         0  ble_softdevice_support.o(sdh_soc_observers0)
    sdh_stack_observers0$$Base               0x00041100   Number         0  nrf_sdh_soc.o(sdh_stack_observers0)
    sdh_stack_observers0$$Limit              0x00041110   Number         0  nrf_sdh_ble.o(sdh_stack_observers0)
    Image$$RW_IRAM1$$Base                    0x20002e00   Number         0  anon$$obj.o ABSOLUTE
    g_log_hex_digits                         0x20002fb0   Data           4  log.o(.data)
    g_log_dbg_msk                            0x20002fb4   Data           4  log.o(.data)
    g_log_dbg_lvl                            0x20002fb8   Data           4  log.o(.data)
    m_log_callback                           0x20002fbc   Data           4  log.o(.data)
    SystemCoreClock                          0x20003088   Data           4  system_nrf52840.o(.data)
    nrf_nvic_state                           0x2000311c   Data          12  app_util_platform.o(.bss)
    m_packet                                 0x20005244   Data          36  core_tx.o(.bss)
    _SEGGER_RTT                              0x20005ad8   Data          72  SEGGER_RTT.o(.bss)
    __libspace_start                         0x200063a0   Data          96  libspace.o(.bss)
    __temporary_stack_top$libspace           0x20006400   Data           0  libspace.o(.bss)



==============================================================================

Memory Map of the image

  Image Entry point : 0x00027201

  Load Region LR_IROM1 (Base: 0x00027000, Size: 0x0001a3b4, Max: 0x000d0000, ABSOLUTE, COMPRESSED[0x0001a15c])

    Execution Region ER_IROM1 (Base: 0x00027000, Size: 0x0001a110, Max: 0x000d0000, ABSOLUTE)

    Base Addr    Size         Type   Attr      Idx    E Section Name        Object

    0x00027000   0x00000200   Data   RO         4330    RESET               arm_startup_nrf52840.o
    0x00027200   0x00000008   Code   RO         4533  * !!!main             c_w.l(__main.o)
    0x00027208   0x00000034   Code   RO         4746    !!!scatter          c_w.l(__scatter.o)
    0x0002723c   0x0000003a   Code   RO         4744    !!dczerorl          c_w.l(__dczerorl.o)
    0x00027276   0x00000002   PAD
    0x00027278   0x0000001c   Code   RO         4748    !!handler_zi        c_w.l(__scatter_zi.o)
    0x00027294   0x00000002   Code   RO         4683    .ARM.Collect$$libinit$$00000000  c_w.l(libinit.o)
    0x00027296   0x00000004   Code   RO         4569    .ARM.Collect$$libinit$$00000001  c_w.l(libinit2.o)
    0x0002729a   0x00000000   Code   RO         4572    .ARM.Collect$$libinit$$00000004  c_w.l(libinit2.o)
    0x0002729a   0x00000008   Code   RO         4573    .ARM.Collect$$libinit$$00000005  c_w.l(libinit2.o)
    0x000272a2   0x00000000   Code   RO         4575    .ARM.Collect$$libinit$$0000000A  c_w.l(libinit2.o)
    0x000272a2   0x00000000   Code   RO         4577    .ARM.Collect$$libinit$$0000000C  c_w.l(libinit2.o)
    0x000272a2   0x00000000   Code   RO         4579    .ARM.Collect$$libinit$$0000000E  c_w.l(libinit2.o)
    0x000272a2   0x00000000   Code   RO         4582    .ARM.Collect$$libinit$$00000011  c_w.l(libinit2.o)
    0x000272a2   0x00000000   Code   RO         4584    .ARM.Collect$$libinit$$00000013  c_w.l(libinit2.o)
    0x000272a2   0x00000000   Code   RO         4586    .ARM.Collect$$libinit$$00000015  c_w.l(libinit2.o)
    0x000272a2   0x00000000   Code   RO         4588    .ARM.Collect$$libinit$$00000017  c_w.l(libinit2.o)
    0x000272a2   0x00000000   Code   RO         4590    .ARM.Collect$$libinit$$00000019  c_w.l(libinit2.o)
    0x000272a2   0x00000000   Code   RO         4592    .ARM.Collect$$libinit$$0000001B  c_w.l(libinit2.o)
    0x000272a2   0x00000000   Code   RO         4594    .ARM.Collect$$libinit$$0000001D  c_w.l(libinit2.o)
    0x000272a2   0x00000000   Code   RO         4596    .ARM.Collect$$libinit$$0000001F  c_w.l(libinit2.o)
    0x000272a2   0x00000000   Code   RO         4598    .ARM.Collect$$libinit$$00000021  c_w.l(libinit2.o)
    0x000272a2   0x00000000   Code   RO         4600    .ARM.Collect$$libinit$$00000023  c_w.l(libinit2.o)
    0x000272a2   0x00000000   Code   RO         4602    .ARM.Collect$$libinit$$00000025  c_w.l(libinit2.o)
    0x000272a2   0x00000000   Code   RO         4606    .ARM.Collect$$libinit$$0000002C  c_w.l(libinit2.o)
    0x000272a2   0x00000000   Code   RO         4608    .ARM.Collect$$libinit$$0000002E  c_w.l(libinit2.o)
    0x000272a2   0x00000000   Code   RO         4610    .ARM.Collect$$libinit$$00000030  c_w.l(libinit2.o)
    0x000272a2   0x00000000   Code   RO         4612    .ARM.Collect$$libinit$$00000032  c_w.l(libinit2.o)
    0x000272a2   0x00000002   Code   RO         4613    .ARM.Collect$$libinit$$00000033  c_w.l(libinit2.o)
    0x000272a4   0x00000002   Code   RO         4741    .ARM.Collect$$libshutdown$$00000000  c_w.l(libshutdown.o)
    0x000272a6   0x00000000   Code   RO         4699    .ARM.Collect$$libshutdown$$00000002  c_w.l(libshutdown2.o)
    0x000272a6   0x00000000   Code   RO         4701    .ARM.Collect$$libshutdown$$00000004  c_w.l(libshutdown2.o)
    0x000272a6   0x00000000   Code   RO         4704    .ARM.Collect$$libshutdown$$00000007  c_w.l(libshutdown2.o)
    0x000272a6   0x00000000   Code   RO         4707    .ARM.Collect$$libshutdown$$0000000A  c_w.l(libshutdown2.o)
    0x000272a6   0x00000000   Code   RO         4709    .ARM.Collect$$libshutdown$$0000000C  c_w.l(libshutdown2.o)
    0x000272a6   0x00000000   Code   RO         4712    .ARM.Collect$$libshutdown$$0000000F  c_w.l(libshutdown2.o)
    0x000272a6   0x00000002   Code   RO         4713    .ARM.Collect$$libshutdown$$00000010  c_w.l(libshutdown2.o)
    0x000272a8   0x00000000   Code   RO         4537    .ARM.Collect$$rtentry$$00000000  c_w.l(__rtentry.o)
    0x000272a8   0x00000000   Code   RO         4620    .ARM.Collect$$rtentry$$00000002  c_w.l(__rtentry2.o)
    0x000272a8   0x00000006   Code   RO         4632    .ARM.Collect$$rtentry$$00000004  c_w.l(__rtentry4.o)
    0x000272ae   0x00000000   Code   RO         4622    .ARM.Collect$$rtentry$$00000009  c_w.l(__rtentry2.o)
    0x000272ae   0x00000004   Code   RO         4623    .ARM.Collect$$rtentry$$0000000A  c_w.l(__rtentry2.o)
    0x000272b2   0x00000000   Code   RO         4625    .ARM.Collect$$rtentry$$0000000C  c_w.l(__rtentry2.o)
    0x000272b2   0x00000008   Code   RO         4626    .ARM.Collect$$rtentry$$0000000D  c_w.l(__rtentry2.o)
    0x000272ba   0x00000002   Code   RO         4686    .ARM.Collect$$rtexit$$00000000  c_w.l(rtexit.o)
    0x000272bc   0x00000000   Code   RO         4717    .ARM.Collect$$rtexit$$00000002  c_w.l(rtexit2.o)
    0x000272bc   0x00000004   Code   RO         4718    .ARM.Collect$$rtexit$$00000003  c_w.l(rtexit2.o)
    0x000272c0   0x00000006   Code   RO         4719    .ARM.Collect$$rtexit$$00000004  c_w.l(rtexit2.o)
    0x000272c6   0x00000002   PAD
    0x000272c8   0x0000001a   Code   RO         4364    .emb_text           app_error_handler_keil.o
    0x000272e2   0x00000002   PAD
    0x000272e4   0x00000000   Code   RO         4638    .emb_text           c_w.l(maybetermalloc1.o)
    0x000272e4   0x00000004   Code   RO          529    .rev16_text         mesh_app_utils.o
    0x000272e8   0x00000004   Code   RO          998    .rev16_text         prov_provisioner.o
    0x000272ec   0x00000004   Code   RO         1078    .rev16_text         prov_provisionee.o
    0x000272f0   0x00000004   Code   RO         1182    .rev16_text         prov_beacon.o
    0x000272f4   0x00000004   Code   RO         1252    .rev16_text         prov_bearer_adv.o
    0x000272f8   0x00000004   Code   RO         3058    .rev16_text         enc.o
    0x000272fc   0x00000004   Code   RO         3187    .rev16_text         nrf_mesh_keygen.o
    0x00027300   0x00000004   Code   RO         3325    .rev16_text         ccm_soft.o
    0x00027304   0x00000304   Code   RO            4    .text               main.o
    0x00027608   0x00000180   Code   RO          395    .text               mesh_stack.o
    0x00027788   0x000001e0   Code   RO          470    .text               simple_hal.o
    0x00027968   0x00000148   Code   RO          532    .text               mesh_app_utils.o
    0x00027ab0   0x000000f0   Code   RO          630    .text               ble_softdevice_support.o
    0x00027ba0   0x000000dc   Code   RO          690    .text               app_util_platform.o
    0x00027c7c   0x0000004a   Code   RO          763    .text               nrf_section_iter.o
    0x00027cc6   0x00000002   PAD
    0x00027cc8   0x0000003c   Code   RO          790    .text               nrf_sdh_soc.o
    0x00027d04   0x000000fc   Code   RO          839    .text               nrf_sdh_ble.o
    0x00027e00   0x0000026c   Code   RO          877    .text               nrf_sdh.o
    0x0002806c   0x000005d0   Code   RO         1001    .text               prov_provisioner.o
    0x0002863c   0x0000072a   Code   RO         1081    .text               prov_provisionee.o
    0x00028d66   0x00000002   PAD
    0x00028d68   0x00000360   Code   RO         1116    .text               nrf_mesh_prov.o
    0x000290c8   0x00000130   Code   RO         1157    .text               provisioning.o
    0x000291f8   0x000000e0   Code   RO         1185    .text               prov_beacon.o
    0x000292d8   0x0000040c   Code   RO         1217    .text               prov_utils.o
    0x000296e4   0x00000f5a   Code   RO         1255    .text               prov_bearer_adv.o
    0x0002a63e   0x00000002   PAD
    0x0002a640   0x00000360   Code   RO         1289    .text               access_publish.o
    0x0002a9a0   0x0000028c   Code   RO         1319    .text               access_publish_retransmission.o
    0x0002ac2c   0x00001790   Code   RO         1366    .text               access.o
    0x0002c3bc   0x000005e0   Code   RO         1453    .text               access_reliable.o
    0x0002c99c   0x000020a4   Code   RO         1485    .text               device_state_manager.o
    0x0002ea40   0x0000017c   Code   RO         1547    .text               composition_data.o
    0x0002ebbc   0x00002314   Code   RO         1574    .text               config_server.o
    0x00030ed0   0x00000036   Code   RO         1642    .text               packed_index_list.o
    0x00030f06   0x00000002   PAD
    0x00030f08   0x00000668   Code   RO         1657    .text               health_server.o
    0x00031570   0x00000178   Code   RO         1702    .text               serial_uart.o
    0x000316e8   0x000002f4   Code   RO         1737    .text               serial_bearer.o
    0x000319dc   0x00000078   Code   RO         1817    .text               serial_handler_common.o
    0x00031a54   0x0000035c   Code   RO         1844    .text               serial_handler_access.o
    0x00031db0   0x000000b4   Code   RO         1876    .text               serial_handler_config.o
    0x00031e64   0x00000032   Code   RO         1903    .text               serial_handler_openmesh.o
    0x00031e96   0x00000002   PAD
    0x00031e98   0x000002e0   Code   RO         1930    .text               serial.o
    0x00032178   0x00000568   Code   RO         1976    .text               serial_handler_prov.o
    0x000326e0   0x000002b0   Code   RO         2019    .text               serial_handler_dfu.o
    0x00032990   0x00000668   Code   RO         2046    .text               serial_handler_mesh.o
    0x00032ff8   0x00000184   Code   RO         2110    .text               serial_handler_models.o
    0x0003317c   0x000002ac   Code   RO         2137    .text               serial_handler_device.o
    0x00033428   0x00000088   Code   RO         2165    .text               nrf_mesh_serial.o
    0x000334b0   0x00000038   Code   RO         2189    .text               serial_handler_app.o
    0x000334e8   0x00000008   Code   RO         2215    .text               nrf_mesh_weak.o
    0x000334f0   0x000001a8   Code   RO         2239    .text               app_error_weak.o
    0x00033698   0x00000020   Code   RO         2268    .text               assertion_handler_weak.o
    0x000336b8   0x00000048   Code   RO         2312    .text               nrf_mesh_configure.o
    0x00033700   0x00000090   Code   RO         2359    .text               msg_cache.o
    0x00033790   0x00001500   Code   RO         2389    .text               transport.o
    0x00034c90   0x000000a0   Code   RO         2434    .text               event.o
    0x00034d30   0x0000040e   Code   RO         2460    .text               packet_buffer.o
    0x0003513e   0x00000002   PAD
    0x00035140   0x000005e4   Code   RO         2484    .text               flash_manager_defrag.o
    0x00035724   0x0000015a   Code   RO         2522    .text               fifo.o
    0x0003587e   0x00000002   PAD
    0x00035880   0x000000a4   Code   RO         2550    .text               nrf_flash.o
    0x00035924   0x000003b0   Code   RO         2577    .text               net_state.o
    0x00035cd4   0x000004a4   Code   RO         2608    .text               mesh_flash.o
    0x00036178   0x00000054   Code   RO         2639    .text               nrf_mesh_utils.o
    0x000361cc   0x00000330   Code   RO         2664    .text               nrf_mesh.o
    0x000364fc   0x00000152   Code   RO         2717    .text               queue.o
    0x0003664e   0x00000002   PAD
    0x00036650   0x00000090   Code   RO         2745    .text               hal.o
    0x000366e0   0x0000014e   Code   RO         2777    .text               aes_cmac.o
    0x0003682e   0x00000002   PAD
    0x00036830   0x00000240   Code   RO         2807    .text               timer_scheduler.o
    0x00036a70   0x000001d4   Code   RO         2833    .text               timer.o
    0x00036c44   0x00000094   Code   RO         2859    .text               rand.o
    0x00036cd8   0x0000005c   Code   RO         2907    .text               mesh_opt.o
    0x00036d34   0x000003d4   Code   RO         2936    .text               timeslot.o
    0x00037108   0x000002b0   Code   RO         2989    .text               timeslot_timer.o
    0x000373b8   0x00000448   Code   RO         3020    .text               bearer_event.o
    0x00037800   0x000002a4   Code   RO         3061    .text               enc.o
    0x00037aa4   0x000005a8   Code   RO         3086    .text               network.o
    0x0003804c   0x000003c0   Code   RO         3131    .text               net_packet.o
    0x0003840c   0x00000114   Code   RO         3162    .text               msqueue.o
    0x00038520   0x00000168   Code   RO         3190    .text               nrf_mesh_keygen.o
    0x00038688   0x00000178   Code   RO         3226    .text               list.o
    0x00038800   0x000000b4   Code   RO         3253    .text               log.o
    0x000388b4   0x00000cc8   Code   RO         3293    .text               flash_manager.o
    0x0003957c   0x0000023c   Code   RO         3328    .text               ccm_soft.o
    0x000397b8   0x0000030c   Code   RO         3370    .text               replay_cache.o
    0x00039ac4   0x00000174   Code   RO         3401    .text               beacon.o
    0x00039c38   0x0000006c   Code   RO         3429    .text               flash_manager_internal.o
    0x00039ca4   0x000001f0   Code   RO         3457    .text               core_tx.o
    0x00039e94   0x0000045e   Code   RO         3485    .text               heartbeat.o
    0x0003a2f2   0x00000002   PAD
    0x0003a2f4   0x00000494   Code   RO         3531    .text               net_beacon.o
    0x0003a788   0x00000324   Code   RO         3576    .text               mesh_config.o
    0x0003aaac   0x00000234   Code   RO         3634    .text               mesh_config_backend.o
    0x0003ace0   0x00000290   Code   RO         3669    .text               mesh_config_flashman_glue.o
    0x0003af70   0x00000138   Code   RO         3777    .text               core_tx_local.o
    0x0003b0a8   0x00000438   Code   RO         3805    .text               core_tx_adv.o
    0x0003b4e0   0x0000000e   Code   RO         3841    .text               mesh_mem_stdlib.o
    0x0003b4ee   0x00000002   PAD
    0x0003b4f0   0x000000a4   Code   RO         3856    .text               ad_listener.o
    0x0003b594   0x000000f4   Code   RO         3890    .text               ad_type_filter.o
    0x0003b688   0x000005bc   Code   RO         3960    .text               advertiser.o
    0x0003bc44   0x000004fc   Code   RO         3999    .text               bearer_handler.o
    0x0003c140   0x000001c4   Code   RO         4033    .text               broadcast.o
    0x0003c304   0x000000d0   Code   RO         4066    .text               filter_engine.o
    0x0003c3d4   0x00000194   Code   RO         4121    .text               radio_config.o
    0x0003c568   0x000005e4   Code   RO         4175    .text               scanner.o
    0x0003cb4c   0x00000244   Code   RO         4209    .text               mesh_pa_lna.o
    0x0003cd90   0x000005b0   Code   RO         4238    .text               app_timer_mesh.o
    0x0003d340   0x00000074   Code   RO         4273    .text               app_timer_workaround.o
    0x0003d3b4   0x000001ec   Code   RO         4300    .text               system_nrf52840.o
    0x0003d5a0   0x00000040   Code   RO         4331    .text               arm_startup_nrf52840.o
    0x0003d5e0   0x00000078   Code   RO         4336    .text               app_error.o
    0x0003d658   0x000017e2   Code   RO         4383    .text               libuECC_nrf52840_xxAA.a(uECC.o)
    0x0003ee3a   0x00000002   PAD
    0x0003ee3c   0x000007d0   Code   RO         4416    .text               librtt_nrf52840_xxAA.a(SEGGER_RTT.o)
    0x0003f60c   0x00000364   Code   RO         4436    .text               librtt_nrf52840_xxAA.a(SEGGER_RTT_printf.o)
    0x0003f970   0x00000028   Code   RO         4455    .text               c_w.l(calloc.o)
    0x0003f998   0x0000005e   Code   RO         4457    .text               c_w.l(h1_alloc.o)
    0x0003f9f6   0x0000004e   Code   RO         4459    .text               c_w.l(h1_free.o)
    0x0003fa44   0x000000ee   Code   RO         4515    .text               c_w.l(lludivv7m.o)
    0x0003fb32   0x00000058   Code   RO         4517    .text               c_w.l(memcmp.o)
    0x0003fb8a   0x00000048   Code   RO         4519    .text               c_w.l(strcpy.o)
    0x0003fbd2   0x0000003e   Code   RO         4521    .text               c_w.l(strlen.o)
    0x0003fc10   0x0000008a   Code   RO         4523    .text               c_w.l(rt_memcpy_v6.o)
    0x0003fc9a   0x00000064   Code   RO         4525    .text               c_w.l(rt_memcpy_w.o)
    0x0003fcfe   0x00000044   Code   RO         4527    .text               c_w.l(rt_memclr.o)
    0x0003fd42   0x0000004e   Code   RO         4529    .text               c_w.l(rt_memclr_w.o)
    0x0003fd90   0x00000006   Code   RO         4531    .text               c_w.l(heapauxi.o)
    0x0003fd96   0x00000002   PAD
    0x0003fd98   0x00000008   Code   RO         4545    .text               c_w.l(rt_heap_descriptor_intlibspace.o)
    0x0003fda0   0x00000004   Code   RO         4547    .text               c_w.l(hguard.o)
    0x0003fda4   0x0000008a   Code   RO         4549    .text               c_w.l(init_alloc.o)
    0x0003fe2e   0x0000000e   Code   RO         4553    .text               c_w.l(h1_init.o)
    0x0003fe3c   0x00000008   Code   RO         4616    .text               c_w.l(libspace.o)
    0x0003fe44   0x00000034   Code   RO         4640    .text               c_w.l(h1_extend.o)
    0x0003fe78   0x0000000e   Code   RO         4644    .text               c_w.l(defsig_rtmem_outer.o)
    0x0003fe86   0x00000002   Code   RO         4655    .text               c_w.l(use_no_semi.o)
    0x0003fe88   0x00000000   Code   RO         4657    .text               c_w.l(indicate_semi.o)
    0x0003fe88   0x0000004a   Code   RO         4658    .text               c_w.l(sys_stackheap_outer.o)
    0x0003fed2   0x00000012   Code   RO         4664    .text               c_w.l(exit.o)
    0x0003fee4   0x0000000a   Code   RO         4666    .text               c_w.l(defsig_exit.o)
    0x0003feee   0x00000002   PAD
    0x0003fef0   0x00000050   Code   RO         4672    .text               c_w.l(defsig_rtmem_inner.o)
    0x0003ff40   0x0000000c   Code   RO         4684    .text               c_w.l(sys_exit.o)
    0x0003ff4c   0x00000032   Code   RO         4694    .text               c_w.l(defsig_general.o)
    0x0003ff7e   0x0000000e   Code   RO         4714    .text               c_w.l(sys_wrch.o)
    0x0003ff8c   0x0000000a   Code   RO         4653    x$fpl$fpinit        fz_wm.l(fpinit.o)
    0x0003ff96   0x00000002   PAD
    0x0003ff98   0x00000024   Data   RO            5    .constdata          main.o
    0x0003ffbc   0x00000004   Data   RO          472    .constdata          simple_hal.o
    0x0003ffc0   0x00000010   Data   RO          791    .constdata          nrf_sdh_soc.o
    0x0003ffd0   0x0000000c   Data   RO          792    .constdata          nrf_sdh_soc.o
    0x0003ffdc   0x00000020   Data   RO          840    .constdata          nrf_sdh_ble.o
    0x0003fffc   0x00000010   Data   RO          841    .constdata          nrf_sdh_ble.o
    0x0004000c   0x00000010   Data   RO          878    .constdata          nrf_sdh.o
    0x0004001c   0x00000028   Data   RO          879    .constdata          nrf_sdh.o
    0x00040044   0x00000010   Data   RO          880    .constdata          nrf_sdh.o
    0x00040054   0x00000010   Data   RO          881    .constdata          nrf_sdh.o
    0x00040064   0x00000010   Data   RO         1002    .constdata          prov_provisioner.o
    0x00040074   0x00000010   Data   RO         1082    .constdata          prov_provisionee.o
    0x00040084   0x00000020   Data   RO         1117    .constdata          nrf_mesh_prov.o
    0x000400a4   0x0000000a   Data   RO         1158    .constdata          provisioning.o
    0x000400ae   0x00000004   Data   RO         1218    .constdata          prov_utils.o
    0x000400b2   0x00000002   PAD
    0x000400b4   0x00000067   Data   RO         1219    .constdata          prov_utils.o
    0x0004011b   0x00000001   PAD
    0x0004011c   0x00000114   Data   RO         1256    .constdata          prov_bearer_adv.o
    0x00040230   0x00000004   Data   RO         1369    .constdata          access.o
    0x00040234   0x00000004   Data   RO         1370    .constdata          access.o
    0x00040238   0x00000004   Data   RO         1371    .constdata          access.o
    0x0004023c   0x00000004   Data   RO         1372    .constdata          access.o
    0x00040240   0x0000004a   Data   RO         1373    .constdata          access.o
    0x0004028a   0x00000004   Data   RO         1490    .constdata          device_state_manager.o
    0x0004028e   0x00000004   Data   RO         1491    .constdata          device_state_manager.o
    0x00040292   0x00000004   Data   RO         1492    .constdata          device_state_manager.o
    0x00040296   0x00000004   Data   RO         1493    .constdata          device_state_manager.o
    0x0004029a   0x00000004   Data   RO         1494    .constdata          device_state_manager.o
    0x0004029e   0x00000004   Data   RO         1495    .constdata          device_state_manager.o
    0x000402a2   0x00000004   Data   RO         1496    .constdata          device_state_manager.o
    0x000402a6   0x00000004   Data   RO         1497    .constdata          device_state_manager.o
    0x000402aa   0x00000004   Data   RO         1498    .constdata          device_state_manager.o
    0x000402ae   0x00000004   Data   RO         1499    .constdata          device_state_manager.o
    0x000402b2   0x00000002   PAD
    0x000402b4   0x00000052   Data   RO         1500    .constdata          device_state_manager.o
    0x00040306   0x00000002   PAD
    0x00040308   0x00000178   Data   RO         1575    .constdata          config_server.o
    0x00040480   0x00000054   Data   RO         1576    .constdata          config_server.o
    0x000404d4   0x00000004   Data   RO         1659    .constdata          health_server.o
    0x000404d8   0x00000058   Data   RO         1660    .constdata          health_server.o
    0x00040530   0x00000074   Data   RO         1661    .constdata          health_server.o
    0x000405a4   0x000000a8   Data   RO         1845    .constdata          serial_handler_access.o
    0x0004064c   0x00000048   Data   RO         1931    .constdata          serial.o
    0x00040694   0x00000007   Data   RO         2021    .constdata          serial_handler_dfu.o
    0x0004069b   0x00000001   PAD
    0x0004069c   0x000000f0   Data   RO         2048    .constdata          serial_handler_mesh.o
    0x0004078c   0x00000018   Data   RO         2112    .constdata          serial_handler_models.o
    0x000407a4   0x00000058   Data   RO         2139    .constdata          serial_handler_device.o
    0x000407fc   0x00000008   Data   RO         2269    .constdata          assertion_handler_weak.o
    0x00040804   0x00000070   Data   RO         2391    .constdata          transport.o
    0x00040874   0x00000028   Data   RO         2486    .constdata          flash_manager_defrag.o
    0x0004089c   0x00000010   Data   RO         2610    .constdata          mesh_flash.o
    0x000408ac   0x00000004   Data   RO         2640    .constdata          nrf_mesh_utils.o
    0x000408b0   0x00000058   Data   RO         2665    .constdata          nrf_mesh.o
    0x00040908   0x0000001c   Data   RO         2909    .constdata          mesh_opt.o
    0x00040924   0x0000001c   Data   RO         3295    .constdata          flash_manager.o
    0x00040940   0x00000004   Data   RO         3487    .constdata          heartbeat.o
    0x00040944   0x00000004   Data   RO         3488    .constdata          heartbeat.o
    0x00040948   0x00000064   Data   RO         3489    .constdata          heartbeat.o
    0x000409ac   0x00000004   Data   RO         3533    .constdata          net_beacon.o
    0x000409b0   0x00000008   Data   RO         3534    .constdata          net_beacon.o
    0x000409b8   0x00000058   Data   RO         3577    .constdata          mesh_config.o
    0x00040a10   0x00000020   Data   RO         3670    .constdata          mesh_config_flashman_glue.o
    0x00040a30   0x00000024   Data   RO         3779    .constdata          core_tx_local.o
    0x00040a54   0x00000004   Data   RO         3807    .constdata          core_tx_adv.o
    0x00040a58   0x00000004   Data   RO         3808    .constdata          core_tx_adv.o
    0x00040a5c   0x00000004   Data   RO         3809    .constdata          core_tx_adv.o
    0x00040a60   0x00000030   Data   RO         3810    .constdata          core_tx_adv.o
    0x00040a90   0x00000003   Data   RO         3962    .constdata          advertiser.o
    0x00040a93   0x00000006   Data   RO         4034    .constdata          broadcast.o
    0x00040a99   0x00000028   Data   RO         4122    .constdata          radio_config.o
    0x00040ac1   0x0000000f   PAD
    0x00040ad0   0x00000006   Data   RO         4240    .constdata          app_timer_mesh.o
    0x00040ad6   0x00000002   PAD
    0x00040ad8   0x00000004   Data   RO         4275    .constdata          app_timer_workaround.o
    0x00040adc   0x000000b4   Data   RO         4384    .constdata          libuECC_nrf52840_xxAA.a(uECC.o)
    0x00040b90   0x00000010   Data   RO         4437    .constdata          librtt_nrf52840_xxAA.a(SEGGER_RTT_printf.o)
    0x00040ba0   0x0000004e   Data   RO            6    .conststring        main.o
    0x00040bee   0x00000002   PAD
    0x00040bf0   0x000000e4   Data   RO         1257    .conststring        prov_bearer_adv.o
    0x00040cd4   0x00000055   Data   RO         1374    .conststring        access.o
    0x00040d29   0x00000003   PAD
    0x00040d2c   0x00000045   Data   RO         1577    .conststring        config_server.o
    0x00040d71   0x00000003   PAD
    0x00040d74   0x00000041   Data   RO         2392    .conststring        transport.o
    0x00040db5   0x00000003   PAD
    0x00040db8   0x00000011   Data   RO         3254    .conststring        log.o
    0x00040dc9   0x00000003   PAD
    0x00040dcc   0x00000087   Data   RO         3535    .conststring        net_beacon.o
    0x00040e53   0x00000001   PAD
    0x00040e54   0x00000020   Data   RO         4742    Region$$Table       anon$$obj.o
    0x00040e74   0x00000008   Data   RO         1259    ad_listeners        prov_bearer_adv.o
    0x00040e7c   0x00000008   Data   RO         2667    ad_listeners        nrf_mesh.o
    0x00040e84   0x00000008   Data   RO         3402    ad_listeners        beacon.o
    0x00040e8c   0x0000001c   Data   RO         1222    mesh_config_entries  prov_utils.o
    0x00040ea8   0x00000070   Data   RO         1380    mesh_config_entries  access.o
    0x00040f18   0x00000118   Data   RO         1510    mesh_config_entries  device_state_manager.o
    0x00041030   0x0000001c   Data   RO         1664    mesh_config_entries  health_server.o
    0x0004104c   0x0000001c   Data   RO         3492    mesh_config_entries  heartbeat.o
    0x00041068   0x0000001c   Data   RO         3538    mesh_config_entries  net_beacon.o
    0x00041084   0x00000054   Data   RO         3815    mesh_config_entries  core_tx_adv.o
    0x000410d8   0x00000008   Data   RO         3493    mesh_config_entry_listeners  heartbeat.o
    0x000410e0   0x00000008   Data   RO         1381    mesh_config_files   access.o
    0x000410e8   0x00000008   Data   RO         1511    mesh_config_files   device_state_manager.o
    0x000410f0   0x00000008   Data   RO         2910    mesh_config_files   mesh_opt.o
    0x000410f8   0x00000008   Data   RO          631    sdh_soc_observers0  ble_softdevice_support.o
    0x00041100   0x00000008   Data   RO          793    sdh_stack_observers0  nrf_sdh_soc.o
    0x00041108   0x00000008   Data   RO          843    sdh_stack_observers0  nrf_sdh_ble.o


    Execution Region RW_IRAM1 (Base: 0x20002e00, Size: 0x00005a00, Max: 0x0003cf00, ABSOLUTE, COMPRESSED[0x0000004c])

    Base Addr    Size         Type   Attr      Idx    E Section Name        Object

    0x20002e00   0x00000001   Data   RW            7    .data               main.o
    0x20002e01   0x00000003   PAD
    0x20002e04   0x00000018   Data   RW          473    .data               simple_hal.o
    0x20002e1c   0x00000004   Data   RW          692    .data               app_util_platform.o
    0x20002e20   0x00000001   Data   RW          842    .data               nrf_sdh_ble.o
    0x20002e21   0x00000003   Data   RW          882    .data               nrf_sdh.o
    0x20002e24   0x00000004   Data   RW         1186    .data               prov_beacon.o
    0x20002e28   0x00000001   Data   RW         1220    .data               prov_utils.o
    0x20002e29   0x00000001   Data   RW         1221    .data               prov_utils.o
    0x20002e2a   0x00000002   PAD
    0x20002e2c   0x00000008   Data   RW         1258    .data               prov_bearer_adv.o
    0x20002e34   0x0000000c   Data   RW         1291    .data               access_publish.o
    0x20002e40   0x00000008   Data   RW         1375    .data               access.o
    0x20002e48   0x00000001   Data   RW         1376    .data               access.o
    0x20002e49   0x00000002   Data   RW         1377    .data               access.o
    0x20002e4b   0x00000001   Data   RW         1378    .data               access.o
    0x20002e4c   0x00000002   Data   RW         1379    .data               access.o
    0x20002e4e   0x00000002   PAD
    0x20002e50   0x00000020   Data   RW         1501    .data               device_state_manager.o
    0x20002e70   0x00000001   Data   RW         1502    .data               device_state_manager.o
    0x20002e71   0x00000001   Data   RW         1503    .data               device_state_manager.o
    0x20002e72   0x00000008   Data   RW         1504    .data               device_state_manager.o
    0x20002e7a   0x00000008   Data   RW         1505    .data               device_state_manager.o
    0x20002e82   0x00000008   Data   RW         1506    .data               device_state_manager.o
    0x20002e8a   0x00000008   Data   RW         1507    .data               device_state_manager.o
    0x20002e92   0x00000008   Data   RW         1508    .data               device_state_manager.o
    0x20002e9a   0x00000008   Data   RW         1509    .data               device_state_manager.o
    0x20002ea2   0x00000002   PAD
    0x20002ea4   0x00000018   Data   RW         1578    .data               config_server.o
    0x20002ebc   0x00000008   Data   RW         1662    .data               health_server.o
    0x20002ec4   0x00000001   Data   RW         1663    .data               health_server.o
    0x20002ec5   0x00000003   PAD
    0x20002ec8   0x0000000c   Data   RW         1703    .data               serial_uart.o
    0x20002ed4   0x00000018   Data   RW         1739    .data               serial_bearer.o
    0x20002eec   0x00000002   Data   RW         1932    .data               serial.o
    0x20002eee   0x00000001   Data   RW         1978    .data               serial_handler_prov.o
    0x20002eef   0x00000001   PAD
    0x20002ef0   0x00000004   Data   RW         2049    .data               serial_handler_mesh.o
    0x20002ef4   0x00000004   Data   RW         2140    .data               serial_handler_device.o
    0x20002ef8   0x00000004   Data   RW         2190    .data               serial_handler_app.o
    0x20002efc   0x00000001   Data   RW         2240    .data               app_error_weak.o
    0x20002efd   0x00000003   PAD
    0x20002f00   0x00000004   Data   RW         2361    .data               msg_cache.o
    0x20002f04   0x00000014   Data   RW         2393    .data               transport.o
    0x20002f18   0x00000008   Data   RW         2435    .data               event.o
    0x20002f20   0x0000000c   Data   RW         2487    .data               flash_manager_defrag.o
    0x20002f2c   0x00000008   Data   RW         2579    .data               net_state.o
    0x20002f34   0x0000000c   Data   RW         2611    .data               mesh_flash.o
    0x20002f40   0x0000001c   Data   RW         2666    .data               nrf_mesh.o
    0x20002f5c   0x0000000c   Data   RW         2808    .data               timer_scheduler.o
    0x20002f68   0x00000010   Data   RW         2834    .data               timer.o
    0x20002f78   0x0000000c   Data   RW         2938    .data               timeslot.o
    0x20002f84   0x00000010   Data   RW         2991    .data               timeslot_timer.o
    0x20002f94   0x00000018   Data   RW         3022    .data               bearer_event.o
    0x20002fac   0x00000004   Data   RW         3087    .data               network.o
    0x20002fb0   0x00000004   Data   RW         3255    .data               log.o
    0x20002fb4   0x0000000c   Data   RW         3256    .data               log.o
    0x20002fc0   0x0000001c   Data   RW         3296    .data               flash_manager.o
    0x20002fdc   0x00000014   Data   RW         3372    .data               replay_cache.o
    0x20002ff0   0x0000000c   Data   RW         3459    .data               core_tx.o
    0x20002ffc   0x00000008   Data   RW         3490    .data               heartbeat.o
    0x20003004   0x00000001   Data   RW         3491    .data               heartbeat.o
    0x20003005   0x00000003   PAD
    0x20003008   0x00000008   Data   RW         3536    .data               net_beacon.o
    0x20003010   0x00000001   Data   RW         3537    .data               net_beacon.o
    0x20003011   0x00000001   Data   RW         3578    .data               mesh_config.o
    0x20003012   0x00000002   PAD
    0x20003014   0x0000000c   Data   RW         3635    .data               mesh_config_backend.o
    0x20003020   0x00000008   Data   RW         3671    .data               mesh_config_flashman_glue.o
    0x20003028   0x00000010   Data   RW         3780    .data               core_tx_local.o
    0x20003038   0x00000008   Data   RW         3811    .data               core_tx_adv.o
    0x20003040   0x00000002   Data   RW         3812    .data               core_tx_adv.o
    0x20003042   0x00000002   Data   RW         3813    .data               core_tx_adv.o
    0x20003044   0x00000002   Data   RW         3814    .data               core_tx_adv.o
    0x20003046   0x00000002   PAD
    0x20003048   0x00000018   Data   RW         4000    .data               bearer_handler.o
    0x20003060   0x00000008   Data   RW         4035    .data               broadcast.o
    0x20003068   0x00000006   Data   RW         4210    .data               mesh_pa_lna.o
    0x2000306e   0x00000002   PAD
    0x20003070   0x00000018   Data   RW         4241    .data               app_timer_mesh.o
    0x20003088   0x00000004   Data   RW         4301    .data               system_nrf52840.o
    0x2000308c   0x00000004   Data   RW         4385    .data               libuECC_nrf52840_xxAA.a(uECC.o)
    0x20003090   0x00000011   Data   RW         4418    .data               librtt_nrf52840_xxAA.a(SEGGER_RTT.o)
    0x200030a1   0x00000003   PAD
    0x200030a4   0x00000058   Zero   RW          396    .bss                mesh_stack.o
    0x200030fc   0x00000020   Zero   RW          471    .bss                simple_hal.o
    0x2000311c   0x0000000c   Zero   RW          691    .bss                app_util_platform.o
    0x20003128   0x00000018   Zero   RW         1290    .bss                access_publish.o
    0x20003140   0x00000064   Zero   RW         1320    .bss                access_publish_retransmission.o
    0x200031a4   0x00000094   Zero   RW         1367    .bss                access.o
    0x20003238   0x0000002c   Zero   RW         1368    .bss                access.o
    0x20003264   0x00000074   Zero   RW         1454    .bss                access_reliable.o
    0x200032d8   0x000008b8   Zero   RW         1486    .bss                device_state_manager.o
    0x20003b90   0x00000020   Zero   RW         1487    .bss                device_state_manager.o
    0x20003bb0   0x0000000a   Zero   RW         1488    .bss                device_state_manager.o
    0x20003bba   0x00000002   PAD
    0x20003bbc   0x0000002c   Zero   RW         1489    .bss                device_state_manager.o
    0x20003be8   0x00000018   Zero   RW         1658    .bss                health_server.o
    0x20003c00   0x00000428   Zero   RW         1738    .bss                serial_bearer.o
    0x20004028   0x00000664   Zero   RW         1977    .bss                serial_handler_prov.o
    0x2000468c   0x0000000c   Zero   RW         2020    .bss                serial_handler_dfu.o
    0x20004698   0x0000000c   Zero   RW         2047    .bss                serial_handler_mesh.o
    0x200046a4   0x00000018   Zero   RW         2111    .bss                serial_handler_models.o
    0x200046bc   0x0000013c   Zero   RW         2138    .bss                serial_handler_device.o
    0x200047f8   0x00000010   Zero   RW         2313    .bss                nrf_mesh_configure.o
    0x20004808   0x00000100   Zero   RW         2360    .bss                msg_cache.o
    0x20004908   0x00000258   Zero   RW         2390    .bss                transport.o
    0x20004b60   0x0000001c   Zero   RW         2485    .bss                flash_manager_defrag.o
    0x20004b7c   0x00000038   Zero   RW         2578    .bss                net_state.o
    0x20004bb4   0x00000234   Zero   RW         2609    .bss                mesh_flash.o
    0x20004de8   0x0000002c   Zero   RW         2908    .bss                mesh_opt.o
    0x20004e14   0x0000002c   Zero   RW         2937    .bss                timeslot.o
    0x20004e40   0x00000018   Zero   RW         2990    .bss                timeslot_timer.o
    0x20004e58   0x0000014c   Zero   RW         3021    .bss                bearer_event.o
    0x20004fa4   0x00000110   Zero   RW         3294    .bss                flash_manager.o
    0x200050b4   0x00000190   Zero   RW         3371    .bss                replay_cache.o
    0x20005244   0x00000024   Zero   RW         3458    .bss                core_tx.o
    0x20005268   0x00000064   Zero   RW         3486    .bss                heartbeat.o
    0x200052cc   0x000000f8   Zero   RW         3532    .bss                net_beacon.o
    0x200053c4   0x0000000c   Zero   RW         3778    .bss                core_tx_local.o
    0x200053d0   0x000002cc   Zero   RW         3806    .bss                core_tx_adv.o
    0x2000569c   0x0000003c   Zero   RW         3891    .bss                ad_type_filter.o
    0x200056d8   0x00000010   Zero   RW         3961    .bss                advertiser.o
    0x200056e8   0x00000010   Zero   RW         4067    .bss                filter_engine.o
    0x200056f8   0x00000294   Zero   RW         4176    .bss                scanner.o
    0x2000598c   0x0000010c   Zero   RW         4239    .bss                app_timer_mesh.o
    0x20005a98   0x00000020   Zero   RW         4274    .bss                app_timer_workaround.o
    0x20005ab8   0x00000020   Zero   RW         4337    .bss                app_error.o
    0x20005ad8   0x000008c8   Zero   RW         4417    .bss                librtt_nrf52840_xxAA.a(SEGGER_RTT.o)
    0x200063a0   0x00000060   Zero   RW         4617    .bss                c_w.l(libspace.o)
    0x20006400   0x00000400   Zero   RW         4329    HEAP                arm_startup_nrf52840.o
    0x20006800   0x00002000   Zero   RW         4328    STACK               arm_startup_nrf52840.o


==============================================================================

Image component sizes


      Code (inc. data)   RO Data    RW Data    ZI Data      Debug   Object Name

      6032        180        295         14        192      55688   access.o
       864         28          0         12         24       5931   access_publish.o
       652         10          0          0        100      11487   access_publish_retransmission.o
      1504        100          0          0        116       9033   access_reliable.o
       164         10          0          0          0       4848   ad_listener.o
       244          8          0          0         60       8663   ad_type_filter.o
         0          0          0          0          0        656   adv_packet_filter.o
      1468         32          3          0         16      14740   advertiser.o
         0          0          0          0          0        536   aes.o
       334          0          0          0          0       5263   aes_cmac.o
       120          4          0          0         32       3493   app_error.o
        26          0          0          0          0        528   app_error_handler_keil.o
       424        202          0          1          0       2038   app_error_weak.o
      1456         46          6         24        268      40338   app_timer_mesh.o
       116         62          4          0         32       1509   app_timer_workaround.o
       220         14          0          4         12      36469   app_util_platform.o
        64         26        512          0       9216        292   arm_startup_nrf52840.o
        32          6          8          0          0        605   assertion_handler_weak.o
       372         96          8          0          0       2871   beacon.o
      1096         32          0         24        332      43242   bearer_event.o
      1276         52          0         24          0      33890   bearer_handler.o
       240        106          8          0          0       8049   ble_softdevice_support.o
       452         44          6          8          0       3725   broadcast.o
       576          0          0          0          0       4564   ccm_soft.o
       380          0          0          0          0       3938   composition_data.o
      8980        160        529         24          0      65020   config_server.o
       496          8          0         12         36       4382   core_tx.o
      1080         26        144         14        716      10840   core_tx_adv.o
       312         18         36         16         12       2637   core_tx_local.o
      8356        266        410         82       2318      52298   device_state_manager.o
       680         26          0          0          0       5368   enc.o
       160          4          0          8          0       2142   event.o
       346          0          0          0          0       4247   fifo.o
       208          4          0          0         16       2269   filter_engine.o
      3272        104         28         28        272      25195   flash_manager.o
      1508        136         40         12         28      11677   flash_manager_defrag.o
       108          0          0          0          0       2824   flash_manager_internal.o
       144         22          0          0          0      30547   hal.o
      1640         38        236          9         24      17064   health_server.o
      1118         28        144          9        100      31985   heartbeat.o
       376          0          0          0          0       3794   list.o
       180         50         17         16          0       5661   log.o
       772        366        114          1          0     172025   main.o
         0          0          0          0          0       1552   mesh_adv.o
       332        130          0          0          0       2329   mesh_app_utils.o
       804         38         88          1          0      13782   mesh_config.o
       564          8          0         12          0       4629   mesh_config_backend.o
       656        100         32          8          0      20082   mesh_config_flashman_glue.o
      1188         28         16         12        564       8268   mesh_flash.o
        14          0          0          0          0       1029   mesh_mem_stdlib.o
        92          6         36          0         44       1474   mesh_opt.o
       580         40          0          6          0       4415   mesh_pa_lna.o
       384         64          0          0         88      17721   mesh_stack.o
       144          8          0          4        256       2252   msg_cache.o
       276          0          0          0          0       5194   msqueue.o
      1172         70        175          9        248      10385   net_beacon.o
       960         62          0          0          0      25921   net_packet.o
       944         28          0          8         56       8345   net_state.o
      1448        162          0          4          0      26619   network.o
       164         10          0          0          0       1858   nrf_flash.o
       816        130         96         28          0       6940   nrf_mesh.o
        72          8          0          0         16       2353   nrf_mesh_configure.o
       364         22          0          0          0       3921   nrf_mesh_keygen.o
       864         12         32          0          0      12301   nrf_mesh_prov.o
       136          0          0          0          0       2075   nrf_mesh_serial.o
        84          4          4          0          0       1848   nrf_mesh_utils.o
         8          0          0          0          0        610   nrf_mesh_weak.o
       620         26         88          3          0      35752   nrf_sdh.o
       252         10         56          1          0       4137   nrf_sdh_ble.o
        60          4         36          0          0       3956   nrf_sdh_soc.o
        74          0          0          0          0       3198   nrf_section_iter.o
        54          0          0          0          0       1139   packed_index_list.o
      1038          0          0          0          0       8730   packet_buffer.o
       228          6          0          4          0       5109   prov_beacon.o
      3934        594        512          8          0      19337   prov_bearer_adv.o
      1838        182         16          0          0       9292   prov_provisionee.o
      1492         86         16          0          0      28524   prov_provisioner.o
      1036         46        135          2          0       9255   prov_utils.o
       304          4         10          0          0       4496   provisioning.o
       338          0          0          0          0       4148   queue.o
       404         24         40          0          0       2880   radio_config.o
       148          6          0          0          0       1867   rand.o
       780         12          0         20        400       8119   replay_cache.o
      1508         78          0          0        660      36312   scanner.o
       736        150         72          2          0       5603   serial.o
       756         36          0         24       1064      69343   serial_bearer.o
       860          4        168          0          0       7051   serial_handler_access.o
        56          6          0          4          0       1450   serial_handler_app.o
       120          0          0          0          0       2341   serial_handler_common.o
       180          0          0          0          0       1279   serial_handler_config.o
       684         14         88          4        316       5106   serial_handler_device.o
       688         28          7          0         12       2492   serial_handler_dfu.o
      1640         24        240          4         12      38622   serial_handler_mesh.o
       388         10         24          0         24       3982   serial_handler_models.o
        50          0          0          0          0       1125   serial_handler_openmesh.o
      1384        120          0          1       1636      16264   serial_handler_prov.o
       376         24          0         12          0       6691   serial_uart.o
       480         34          4         24         32      67161   simple_hal.o
       492         60          0          4          0       2375   system_nrf52840.o
       468         22          0         16          0       3480   timer.o
       576         14          0         12          0       4072   timer_scheduler.o
       980         44          0         12         44      41206   timeslot.o
       688         28          0         16         24      31778   timeslot_timer.o
      5376        482        177         20        600      52961   transport.o

    ----------------------------------------------------------------------
     91024       5422       4788        652      20020    1488907   Object Totals
         0          0         32          0          0          0   (incl. Generated)
        24          0         40         25          2          0   (incl. Padding)

    ----------------------------------------------------------------------

      Code (inc. data)   RO Data    RW Data    ZI Data      Debug   Library Member Name

        58          0          0          0          0          0   __dczerorl.o
         8          0          0          0          0         68   __main.o
         0          0          0          0          0          0   __rtentry.o
        12          0          0          0          0          0   __rtentry2.o
         6          0          0          0          0          0   __rtentry4.o
        52          8          0          0          0          0   __scatter.o
        28          0          0          0          0          0   __scatter_zi.o
        40          0          0          0          0         80   calloc.o
        10          0          0          0          0         68   defsig_exit.o
        50          0          0          0          0         88   defsig_general.o
        80         58          0          0          0         76   defsig_rtmem_inner.o
        14          0          0          0          0         80   defsig_rtmem_outer.o
        18          0          0          0          0         80   exit.o
        94          0          0          0          0         80   h1_alloc.o
        52          0          0          0          0         68   h1_extend.o
        78          0          0          0          0         80   h1_free.o
        14          0          0          0          0         84   h1_init.o
         6          0          0          0          0        152   heapauxi.o
         4          0          0          0          0        136   hguard.o
         0          0          0          0          0          0   indicate_semi.o
       138          0          0          0          0        168   init_alloc.o
         2          0          0          0          0          0   libinit.o
        14          0          0          0          0          0   libinit2.o
         2          0          0          0          0          0   libshutdown.o
         2          0          0          0          0          0   libshutdown2.o
         8          4          0          0         96         68   libspace.o
       238          0          0          0          0        100   lludivv7m.o
         0          0          0          0          0          0   maybetermalloc1.o
        88          0          0          0          0         76   memcmp.o
         8          4          0          0          0         68   rt_heap_descriptor_intlibspace.o
        68          0          0          0          0         68   rt_memclr.o
        78          0          0          0          0         80   rt_memclr_w.o
       138          0          0          0          0         68   rt_memcpy_v6.o
       100          0          0          0          0         80   rt_memcpy_w.o
         2          0          0          0          0          0   rtexit.o
        10          0          0          0          0          0   rtexit2.o
        72          0          0          0          0         80   strcpy.o
        62          0          0          0          0         76   strlen.o
        12          4          0          0          0         68   sys_exit.o
        74          0          0          0          0         80   sys_stackheap_outer.o
        14          0          0          0          0         76   sys_wrch.o
         2          0          0          0          0         68   use_no_semi.o
        10          0          0          0          0        116   fpinit.o
      2000         38          0         17       2248      17106   SEGGER_RTT.o
       868          6         16          0          0       4259   SEGGER_RTT_printf.o
      6114         12        180          4          0      30816   uECC.o

    ----------------------------------------------------------------------
     10760        134        196         24       2344      54661   Library Totals
        12          0          0          3          0          0   (incl. Padding)

    ----------------------------------------------------------------------

      Code (inc. data)   RO Data    RW Data    ZI Data      Debug   Library Name

      1756         78          0          0         96       2364   c_w.l
        10          0          0          0          0        116   fz_wm.l
      2868         44         16         17       2248      21365   librtt_nrf52840_xxAA.a
      6114         12        180          4          0      30816   libuECC_nrf52840_xxAA.a

    ----------------------------------------------------------------------
     10760        134        196         24       2344      54661   Library Totals

    ----------------------------------------------------------------------

==============================================================================


      Code (inc. data)   RO Data    RW Data    ZI Data      Debug   

    101784       5556       4984        676      22364    1522968   Grand Totals
    101784       5556       4984         76      22364    1522968   ELF Image Totals (compressed)
    101784       5556       4984         76          0          0   ROM Totals

==============================================================================

    Total RO  Size (Code + RO Data)               106768 ( 104.27kB)
    Total RW  Size (RW Data + ZI Data)             23040 (  22.50kB)
    Total ROM Size (Code + RO Data + RW Data)     106844 ( 104.34kB)

==============================================================================

