Archive member included to satisfy reference by file (symbol)

external/rtt/librtt_nrf52832_xxAA.a(SEGGER_RTT.c.obj)
                              examples/light_ctl/ctl_lc_server/CMakeFiles/light_ctl_lc_server_nrf52832_xxAA_s132_7.0.1.dir/__/__/__/mesh/core/src/log.c.obj (SEGGER_RTT_Write)
external/rtt/librtt_nrf52832_xxAA.a(SEGGER_RTT_printf.c.obj)
                              examples/light_ctl/ctl_lc_server/CMakeFiles/light_ctl_lc_server_nrf52832_xxAA_s132_7.0.1.dir/__/__/__/mesh/core/src/log.c.obj (SEGGER_RTT_vprintf)
external/micro-ecc/libuECC_nrf52832_xxAA.a(uECC.c.obj)
                              examples/light_ctl/ctl_lc_server/CMakeFiles/light_ctl_lc_server_nrf52832_xxAA_s132_7.0.1.dir/__/__/__/mesh/prov/src/prov_utils.c.obj (uECC_secp256r1)
c:/mesh/arm_gcc/bin/../lib/gcc/arm-none-eabi/9.2.1/thumb/v7e-m+fp/hard\libgcc.a(_aeabi_ldivmod.o)
                              examples/light_ctl/ctl_lc_server/CMakeFiles/light_ctl_lc_server_nrf52832_xxAA_s132_7.0.1.dir/__/__/common/src/app_light_ctl.c.obj (__aeabi_ldivmod)
c:/mesh/arm_gcc/bin/../lib/gcc/arm-none-eabi/9.2.1/thumb/v7e-m+fp/hard\libgcc.a(_aeabi_uldivmod.o)
                              examples/light_ctl/ctl_lc_server/CMakeFiles/light_ctl_lc_server_nrf52832_xxAA_s132_7.0.1.dir/__/__/common/src/app_transition.c.obj (__aeabi_uldivmod)
c:/mesh/arm_gcc/bin/../lib/gcc/arm-none-eabi/9.2.1/thumb/v7e-m+fp/hard\libgcc.a(_udivmoddi4.o)
                              c:/mesh/arm_gcc/bin/../lib/gcc/arm-none-eabi/9.2.1/thumb/v7e-m+fp/hard\libgcc.a(_aeabi_ldivmod.o) (__udivmoddi4)
c:/mesh/arm_gcc/bin/../lib/gcc/arm-none-eabi/9.2.1/thumb/v7e-m+fp/hard\libgcc.a(_dvmd_tls.o)
                              c:/mesh/arm_gcc/bin/../lib/gcc/arm-none-eabi/9.2.1/thumb/v7e-m+fp/hard\libgcc.a(_aeabi_ldivmod.o) (__aeabi_ldiv0)
c:/mesh/arm_gcc/bin/../lib/gcc/arm-none-eabi/9.2.1/../../../../arm-none-eabi/lib/thumb/v7e-m+fp/hard\libg_nano.a(lib_a-abs.o)
                              examples/light_ctl/ctl_lc_server/CMakeFiles/light_ctl_lc_server_nrf52832_xxAA_s132_7.0.1.dir/__/__/common/src/app_light_ctl.c.obj (abs)
c:/mesh/arm_gcc/bin/../lib/gcc/arm-none-eabi/9.2.1/../../../../arm-none-eabi/lib/thumb/v7e-m+fp/hard\libg_nano.a(lib_a-calloc.o)
                              examples/light_ctl/ctl_lc_server/CMakeFiles/light_ctl_lc_server_nrf52832_xxAA_s132_7.0.1.dir/__/__/__/mesh/core/src/mesh_mem_stdlib.c.obj (calloc)
c:/mesh/arm_gcc/bin/../lib/gcc/arm-none-eabi/9.2.1/../../../../arm-none-eabi/lib/thumb/v7e-m+fp/hard\libg_nano.a(lib_a-exit.o)
                              c:/mesh/arm_gcc/bin/../lib/gcc/arm-none-eabi/9.2.1/../../../../arm-none-eabi/lib/thumb/v7e-m+fp/hard/crt0.o (exit)
c:/mesh/arm_gcc/bin/../lib/gcc/arm-none-eabi/9.2.1/../../../../arm-none-eabi/lib/thumb/v7e-m+fp/hard\libg_nano.a(lib_a-impure.o)
                              c:/mesh/arm_gcc/bin/../lib/gcc/arm-none-eabi/9.2.1/../../../../arm-none-eabi/lib/thumb/v7e-m+fp/hard\libg_nano.a(lib_a-exit.o) (_global_impure_ptr)
c:/mesh/arm_gcc/bin/../lib/gcc/arm-none-eabi/9.2.1/../../../../arm-none-eabi/lib/thumb/v7e-m+fp/hard\libg_nano.a(lib_a-init.o)
                              c:/mesh/arm_gcc/bin/../lib/gcc/arm-none-eabi/9.2.1/../../../../arm-none-eabi/lib/thumb/v7e-m+fp/hard/crt0.o (__libc_init_array)
c:/mesh/arm_gcc/bin/../lib/gcc/arm-none-eabi/9.2.1/../../../../arm-none-eabi/lib/thumb/v7e-m+fp/hard\libg_nano.a(lib_a-malloc.o)
                              examples/light_ctl/ctl_lc_server/CMakeFiles/light_ctl_lc_server_nrf52832_xxAA_s132_7.0.1.dir/__/__/__/mesh/core/src/mesh_mem_stdlib.c.obj (malloc)
c:/mesh/arm_gcc/bin/../lib/gcc/arm-none-eabi/9.2.1/../../../../arm-none-eabi/lib/thumb/v7e-m+fp/hard\libg_nano.a(lib_a-memcmp.o)
                              examples/light_ctl/ctl_lc_server/CMakeFiles/light_ctl_lc_server_nrf52832_xxAA_s132_7.0.1.dir/C_/mesh/deps/nRF5_SDK_16.0.0_98a08e2/components/ble/common/ble_advdata.c.obj (memcmp)
c:/mesh/arm_gcc/bin/../lib/gcc/arm-none-eabi/9.2.1/../../../../arm-none-eabi/lib/thumb/v7e-m+fp/hard\libg_nano.a(lib_a-memcpy-stub.o)
                              examples/light_ctl/ctl_lc_server/CMakeFiles/light_ctl_lc_server_nrf52832_xxAA_s132_7.0.1.dir/C_/mesh/deps/nRF5_SDK_16.0.0_98a08e2/components/ble/common/ble_advdata.c.obj (memcpy)
c:/mesh/arm_gcc/bin/../lib/gcc/arm-none-eabi/9.2.1/../../../../arm-none-eabi/lib/thumb/v7e-m+fp/hard\libg_nano.a(lib_a-memset.o)
                              c:/mesh/arm_gcc/bin/../lib/gcc/arm-none-eabi/9.2.1/../../../../arm-none-eabi/lib/thumb/v7e-m+fp/hard/crt0.o (memset)
c:/mesh/arm_gcc/bin/../lib/gcc/arm-none-eabi/9.2.1/../../../../arm-none-eabi/lib/thumb/v7e-m+fp/hard\libg_nano.a(lib_a-nano-callocr.o)
                              c:/mesh/arm_gcc/bin/../lib/gcc/arm-none-eabi/9.2.1/../../../../arm-none-eabi/lib/thumb/v7e-m+fp/hard\libg_nano.a(lib_a-calloc.o) (_calloc_r)
c:/mesh/arm_gcc/bin/../lib/gcc/arm-none-eabi/9.2.1/../../../../arm-none-eabi/lib/thumb/v7e-m+fp/hard\libg_nano.a(lib_a-nano-freer.o)
[...]
Memory Configuration

Name             Origin             Length             Attributes
FLASH            0x00026000         0x00051000         xr
RAM              0x20002df0         0x0000cf10         xrw
*default*        0x00000000         0xffffffff

Linker script and memory map


.text           0x00026000    0x23ce4
 *(.isr_vector)
 .isr_vector    0x00026000      0x200 examples/light_ctl/ctl_lc_server/CMakeFiles/light_ctl_lc_server_nrf52832_xxAA_s132_7.0.1.dir/C_/mesh/deps/nRF5_SDK_16.0.0_98a08e2/modules/nrfx/mdk/gcc_startup_nrf52.S.obj
                0x00026000                __isr_vector
 *(.text*)
 .text          0x00026200       0x40 c:/mesh/arm_gcc/bin/../lib/gcc/arm-none-eabi/9.2.1/thumb/v7e-m+fp/hard/crtbegin.o
 .text          0x00026240       0x74 c:/mesh/arm_gcc/bin/../lib/gcc/arm-none-eabi/9.2.1/../../../../arm-none-eabi/lib/thumb/v7e-m+fp/hard/crt0.o
                0x00026240                _start
                0x00026240                _mainCRTStartup
 .text.sd_app_evt_wait
                0x000262b4        0x4 examples/light_ctl/ctl_lc_server/CMakeFiles/light_ctl_lc_server_nrf52832_xxAA_s132_7.0.1.dir/src/main.c.obj
 .text.light_ctl_get_cb
                0x000262b8       0x10 examples/light_ctl/ctl_lc_server/CMakeFiles/light_ctl_lc_server_nrf52832_xxAA_s132_7.0.1.dir/src/main.c.obj
 .text.light_ctl_lightness_get_cb
                0x000262c8        0xc examples/light_ctl/ctl_lc_server/CMakeFiles/light_ctl_lc_server_nrf52832_xxAA_s132_7.0.1.dir/src/main.c.obj
 .text.temperature32_range_listener_cb
                0x000262d4       0x3c examples/light_ctl/ctl_lc_server/CMakeFiles/light_ctl_lc_server_nrf52832_xxAA_s132_7.0.1.dir/src/main.c.obj
 .text.ligth_ctl_transition_cb
                0x00026310       0x84 examples/light_ctl/ctl_lc_server/CMakeFiles/light_ctl_lc_server_nrf52832_xxAA_s132_7.0.1.dir/src/main.c.obj
 .text.models_init_cb
                0x00026394      0x160 examples/light_ctl/ctl_lc_server/CMakeFiles/light_ctl_lc_server_nrf52832_xxAA_s132_7.0.1.dir/src/main.c.obj
 .text.pwm_lightness_ctemp_duv_set
                0x000264f4      0x130 examples/light_ctl/ctl_lc_server/CMakeFiles/light_ctl_lc_server_nrf52832_xxAA_s132_7.0.1.dir/src/main.c.obj
 .text.light_ctl_set_cb
                0x00026624       0x28 examples/light_ctl/ctl_lc_server/CMakeFiles/light_ctl_lc_server_nrf52832_xxAA_s132_7.0.1.dir/src/main.c.obj
 .text.light_ctl_lightness_set_cb
                0x0002664c       0x90 examples/light_ctl/ctl_lc_server/CMakeFiles/light_ctl_lc_server_nrf52832_xxAA_s132_7.0.1.dir/src/main.c.obj
 .text.node_reset
                0x000266dc       0x6c examples/light_ctl/ctl_lc_server/CMakeFiles/light_ctl_lc_server_nrf52832_xxAA_s132_7.0.1.dir/src/main.c.obj
 .text.config_server_evt_cb
                0x00026748        0xc examples/light_ctl/ctl_lc_server/CMakeFiles/light_ctl_lc_server_nrf52832_xxAA_s132_7.0.1.dir/src/main.c.obj
 .text.mesh_events_handle
                0x00026754      0x184 examples/light_ctl/ctl_lc_server/CMakeFiles/light_ctl_lc_server_nrf52832_xxAA_s132_7.0.1.dir/src/main.c.obj
 .text.unicast_address_print
                0x000268d8       0x74 examples/light_ctl/ctl_lc_server/CMakeFiles/light_ctl_lc_server_nrf52832_xxAA_s132_7.0.1.dir/src/main.c.obj
 .text.provisioning_complete_cb
                0x0002694c       0x74 examples/light_ctl/ctl_lc_server/CMakeFiles/light_ctl_lc_server_nrf52832_xxAA_s132_7.0.1.dir/src/main.c.obj
 .text.light_ctl_lightness_transition_cb
                0x000269c0       0x70 examples/light_ctl/ctl_lc_server/CMakeFiles/light_ctl_lc_server_nrf52832_xxAA_s132_7.0.1.dir/src/main.c.obj
 .text.fade_value_toggle.constprop.0
                0x00026a30       0x88 examples/light_ctl/ctl_lc_server/CMakeFiles/light_ctl_lc_server_nrf52832_xxAA_s132_7.0.1.dir/src/main.c.obj
 .text.app_rtt_input_handler
                0x00026ab8      0x260 examples/light_ctl/ctl_lc_server/CMakeFiles/light_ctl_lc_server_nrf52832_xxAA_s132_7.0.1.dir/src/main.c.obj
 .text.startup.main
                0x00026d18      0x234 examples/light_ctl/ctl_lc_server/CMakeFiles/light_ctl_lc_server_nrf52832_xxAA_s132_7.0.1.dir/src/main.c.obj
                0x00026d18                main
 .text.present_ctl_values_set
                0x00026f4c       0x36 examples/light_ctl/ctl_lc_server/CMakeFiles/light_ctl_lc_server_nrf52832_xxAA_s132_7.0.1.dir/__/__/common/src/app_light_ctl.c.obj
 *fill*         0x00026f82        0x2 
 .text.m_transition_abort_flag_cb
                0x00026f84       0x28 examples/light_ctl/ctl_lc_server/CMakeFiles/light_ctl_lc_server_nrf52832_xxAA_s132_7.0.1.dir/__/__/common/src/app_light_ctl.c.obj
 .text.transition_start_cb
                0x00026fac       0xe0 examples/light_ctl/ctl_lc_server/CMakeFiles/light_ctl_lc_server_nrf52832_xxAA_s132_7.0.1.dir/__/__/common/src/app_light_ctl.c.obj
 .text.ctl_state_get_cb
                0x0002708c       0x5e examples/light_ctl/ctl_lc_server/CMakeFiles/light_ctl_lc_server_nrf52832_xxAA_s132_7.0.1.dir/__/__/common/src/app_light_ctl.c.obj
 .text.ctl_publish
                0x000270ea       0xa2 examples/light_ctl/ctl_lc_server/CMakeFiles/light_ctl_lc_server_nrf52832_xxAA_s132_7.0.1.dir/__/__/common/src/app_light_ctl.c.obj
 .text.transition_complete_cb
                0x0002718c      0x16c examples/light_ctl/ctl_lc_server/CMakeFiles/light_ctl_lc_server_nrf52832_xxAA_s132_7.0.1.dir/__/__/common/src/app_light_ctl.c.obj
 .text.transition_tick_cb
                0x000272f8      0x178 examples/light_ctl/ctl_lc_server/CMakeFiles/light_ctl_lc_server_nrf52832_xxAA_s132_7.0.1.dir/__/__/common/src/app_light_ctl.c.obj
 .text.ctl_state_default_get_cb
                0x00027470       0x58 examples/light_ctl/ctl_lc_server/CMakeFiles/light_ctl_lc_server_nrf52832_xxAA_s132_7.0.1.dir/__/__/common/src/app_light_ctl.c.obj
 .text.ctl_state_default_set_cb
                0x000274c8       0xb4 examples/light_ctl/ctl_lc_server/CMakeFiles/light_ctl_lc_server_nrf52832_xxAA_s132_7.0.1.dir/__/__/common/src/app_light_ctl.c.obj
 .text.ctl_state_range_set_cb
                0x0002757c      0x104 examples/light_ctl/ctl_lc_server/CMakeFiles/light_ctl_lc_server_nrf52832_xxAA_s132_7.0.1.dir/__/__/common/src/app_light_ctl.c.obj
 .text.ctl_state_delta_max_compute
                0x00027680       0x36 examples/light_ctl/ctl_lc_server/CMakeFiles/light_ctl_lc_server_nrf52832_xxAA_s132_7.0.1.dir/__/__/common/src/app_light_ctl.c.obj
 *fill*         0x000276b6        0x2 
 .text.transition_delay_start_cb
                0x000276b8       0x6c examples/light_ctl/ctl_lc_server/CMakeFiles/light_ctl_lc_server_nrf52832_xxAA_s132_7.0.1.dir/__/__/common/src/app_light_ctl.c.obj
 .text.ctl_state_range_get_cb
                0x00027724       0x98 examples/light_ctl/ctl_lc_server/CMakeFiles/light_ctl_lc_server_nrf52832_xxAA_s132_7.0.1.dir/__/__/common/src/app_light_ctl.c.obj
 .text.ctl_state_temperature32_get_cb
                0x000277bc       0x84 examples/light_ctl/ctl_lc_server/CMakeFiles/light_ctl_lc_server_nrf52832_xxAA_s132_7.0.1.dir/__/__/common/src/app_light_ctl.c.obj
 .text.add_publish
                0x00027840       0x42 examples/light_ctl/ctl_lc_server/CMakeFiles/light_ctl_lc_server_nrf52832_xxAA_s132_7.0.1.dir/__/__/common/src/app_light_ctl.c.obj
 *fill*         0x00027882        0x2 
 .text.transition_parameters_set.part.0
                0x00027884       0x30 examples/light_ctl/ctl_lc_server/CMakeFiles/light_ctl_lc_server_nrf52832_xxAA_s132_7.0.1.dir/__/__/common/src/app_light_ctl.c.obj
 .text.ctl_state_set_cb
                0x000278b4      0x174 examples/light_ctl/ctl_lc_server/CMakeFiles/light_ctl_lc_server_nrf52832_xxAA_s132_7.0.1.dir/__/__/common/src/app_light_ctl.c.obj
 .text.ctl_state_move_set_cb
                0x00027a28      0x138 examples/light_ctl/ctl_lc_server/CMakeFiles/light_ctl_lc_server_nrf52832_xxAA_s132_7.0.1.dir/__/__/common/src/app_light_ctl.c.obj
 .text.ctl_state_temperature32_set_cb
                0x00027b60      0x150 examples/light_ctl/ctl_lc_server/CMakeFiles/light_ctl_lc_server_nrf52832_xxAA_s132_7.0.1.dir/__/__/common/src/app_light_ctl.c.obj
 .text.ctl_state_delta_set_cb
                0x00027cb0      0x1c8 examples/light_ctl/ctl_lc_server/CMakeFiles/light_ctl_lc_server_nrf52832_xxAA_s132_7.0.1.dir/__/__/common/src/app_light_ctl.c.obj
 .text.app_light_ctl_model_init
                0x00027e78       0xc8 examples/light_ctl/ctl_lc_server/CMakeFiles/light_ctl_lc_server_nrf52832_xxAA_s132_7.0.1.dir/__/__/common/src/app_light_ctl.c.obj
                0x00027e78                app_light_ctl_model_init
 .text.app_light_ctl_binding_setup
                0x00027f40      0x110 examples/light_ctl/ctl_lc_server/CMakeFiles/light_ctl_lc_server_nrf52832_xxAA_s132_7.0.1.dir/__/__/common/src/app_light_ctl.c.obj
                0x00027f40                app_light_ctl_binding_setup
 .text.app_light_ctl_current_value_publish
                0x00028050       0xcc examples/light_ctl/ctl_lc_server/CMakeFiles/light_ctl_lc_server_nrf52832_xxAA_s132_7.0.1.dir/__/__/common/src/app_light_ctl.c.obj
                0x00028050                app_light_ctl_current_value_publish
 .text.app_dtt_server_get_cb
                0x0002811c       0x30 examples/light_ctl/ctl_lc_server/CMakeFiles/light_ctl_lc_server_nrf52832_xxAA_s132_7.0.1.dir/__/__/common/src/app_light_lightness.c.obj
                0x0002811c                app_dtt_server_get_cb
 .text.app_dtt_server_set_cb
                0x0002814c       0x40 examples/light_ctl/ctl_lc_server/CMakeFiles/light_ctl_lc_server_nrf52832_xxAA_s132_7.0.1.dir/__/__/common/src/app_light_lightness.c.obj
                0x0002814c                app_dtt_server_set_cb
 .text.transition_start_cb
                0x0002818c       0xc0 examples/light_ctl/ctl_lc_server/CMakeFiles/light_ctl_lc_server_nrf52832_xxAA_s132_7.0.1.dir/__/__/common/src/app_light_lightness.c.obj
 .text.m_transition_abort_flag_cb
                0x0002824c       0x90 examples/light_ctl/ctl_lc_server/CMakeFiles/light_ctl_lc_server_nrf52832_xxAA_s132_7.0.1.dir/__/__/common/src/app_light_lightness.c.obj
 .text.range_get
                0x000282dc       0x48 examples/light_ctl/ctl_lc_server/CMakeFiles/light_ctl_lc_server_nrf52832_xxAA_s132_7.0.1.dir/__/__/common/src/app_light_lightness.c.obj
 .text.light_lightness_state_range_get_cb
                0x00028324       0x2e examples/light_ctl/ctl_lc_server/CMakeFiles/light_ctl_lc_server_nrf52832_xxAA_s132_7.0.1.dir/__/__/common/src/app_light_lightness.c.obj
 .text.publish_lightness
                0x00028352       0x26 examples/light_ctl/ctl_lc_server/CMakeFiles/light_ctl_lc_server_nrf52832_xxAA_s132_7.0.1.dir/__/__/common/src/app_light_lightness.c.obj
 .text.transition_tick_cb
                0x00028378       0xe0 examples/light_ctl/ctl_lc_server/CMakeFiles/light_ctl_lc_server_nrf52832_xxAA_s132_7.0.1.dir/__/__/common/src/app_light_lightness.c.obj
 .text.app_onpowerup_server_get_cb
                0x00028458       0x30 examples/light_ctl/ctl_lc_server/CMakeFiles/light_ctl_lc_server_nrf52832_xxAA_s132_7.0.1.dir/__/__/common/src/app_light_lightness.c.obj
 .text.app_onpowerup_server_set_cb
                0x00028488       0x34 examples/light_ctl/ctl_lc_server/CMakeFiles/light_ctl_lc_server_nrf52832_xxAA_s132_7.0.1.dir/__/__/common/src/app_light_lightness.c.obj
 .text.light_lightness_state_range_set_cb
                0x000284bc       0xa0 examples/light_ctl/ctl_lc_server/CMakeFiles/light_ctl_lc_server_nrf52832_xxAA_s132_7.0.1.dir/__/__/common/src/app_light_lightness.c.obj
 .text.light_lightness_state_default_set_cb
                0x0002855c       0x44 examples/light_ctl/ctl_lc_server/CMakeFiles/light_ctl_lc_server_nrf52832_xxAA_s132_7.0.1.dir/__/__/common/src/app_light_lightness.c.obj
 .text.light_lightness_state_default_get_cb
                0x000285a0       0x30 examples/light_ctl/ctl_lc_server/CMakeFiles/light_ctl_lc_server_nrf52832_xxAA_s132_7.0.1.dir/__/__/common/src/app_light_lightness.c.obj
 .text.light_lightness_state_last_get_cb
                0x000285d0       0x30 examples/light_ctl/ctl_lc_server/CMakeFiles/light_ctl_lc_server_nrf52832_xxAA_s132_7.0.1.dir/__/__/common/src/app_light_lightness.c.obj
 .text.transition_parameters_set.part.0
                0x00028600       0x2c examples/light_ctl/ctl_lc_server/CMakeFiles/light_ctl_lc_server_nrf52832_xxAA_s132_7.0.1.dir/__/__/common/src/app_light_lightness.c.obj
 .text.light_lightness_state_set_cb
                0x0002862c      0x15c examples/light_ctl/ctl_lc_server/CMakeFiles/light_ctl_lc_server_nrf52832_xxAA_s132_7.0.1.dir/__/__/common/src/app_light_lightness.c.obj
 .text.transition_delay_start_cb
                0x00028788       0x6c examples/light_ctl/ctl_lc_server/CMakeFiles/light_ctl_lc_server_nrf52832_xxAA_s132_7.0.1.dir/__/__/common/src/app_light_lightness.c.obj
 .text.light_lightness_state_get_cb
                0x000287f4       0x74 examples/light_ctl/ctl_lc_server/CMakeFiles/light_ctl_lc_server_nrf52832_xxAA_s132_7.0.1.dir/__/__/common/src/app_light_lightness.c.obj
 .text.present_lightness_set_with_range_clip
                0x00028868       0x3a examples/light_ctl/ctl_lc_server/CMakeFiles/light_ctl_lc_server_nrf52832_xxAA_s132_7.0.1.dir/__/__/common/src/app_light_lightness.c.obj
 *fill*         0x000288a2        0x2 
 .text.transition_complete_cb
                0x000288a4       0xd8 examples/light_ctl/ctl_lc_server/CMakeFiles/light_ctl_lc_server_nrf52832_xxAA_s132_7.0.1.dir/__/__/common/src/app_light_lightness.c.obj
 .text.light_lightness_state_move_set_cb
                0x0002897c      0x140 examples/light_ctl/ctl_lc_server/CMakeFiles/light_ctl_lc_server_nrf52832_xxAA_s132_7.0.1.dir/__/__/common/src/app_light_lightness.c.obj
 .text.light_lightness_state_delta_set_cb
                0x00028abc      0x1b8 examples/light_ctl/ctl_lc_server/CMakeFiles/light_ctl_lc_server_nrf52832_xxAA_s132_7.0.1.dir/__/__/common/src/app_light_lightness.c.obj
 .text.app_light_lightness_model_init
                0x00028c74       0xe0 examples/light_ctl/ctl_lc_server/CMakeFiles/light_ctl_lc_server_nrf52832_xxAA_s132_7.0.1.dir/__/__/common/src/app_light_lightness.c.obj
                0x00028c74                app_light_lightness_model_init
 .text.app_light_lightness_binding_setup
                0x00028d54       0xb4 examples/light_ctl/ctl_lc_server/CMakeFiles/light_ctl_lc_server_nrf52832_xxAA_s132_7.0.1.dir/__/__/common/src/app_light_lightness.c.obj
                0x00028d54                app_light_lightness_binding_setup
 .text.app_light_lightness_direct_actual_set
                0x00028e08       0x6c examples/light_ctl/ctl_lc_server/CMakeFiles/light_ctl_lc_server_nrf52832_xxAA_s132_7.0.1.dir/__/__/common/src/app_light_lightness.c.obj
                0x00028e08                app_light_lightness_direct_actual_set
 .text.app_persist_get_cb
                0x00028e74       0x20 examples/light_ctl/ctl_lc_server/CMakeFiles/light_ctl_lc_server_nrf52832_xxAA_s132_7.0.1.dir/__/__/common/src/app_light_lc.c.obj
 .text.app_actual_get_cb
                0x00028e94       0x28 examples/light_ctl/ctl_lc_server/CMakeFiles/light_ctl_lc_server_nrf52832_xxAA_s132_7.0.1.dir/__/__/common/src/app_light_lc.c.obj
 .text.app_actual_set_cb
                0x00028ebc       0x30 examples/light_ctl/ctl_lc_server/CMakeFiles/light_ctl_lc_server_nrf52832_xxAA_s132_7.0.1.dir/__/__/common/src/app_light_lc.c.obj
 .text.add_lightness_set_cb
                0x00028eec       0x94 examples/light_ctl/ctl_lc_server/CMakeFiles/light_ctl_lc_server_nrf52832_xxAA_s132_7.0.1.dir/__/__/common/src/app_light_lc.c.obj
 .text.app_persist_set_cb
                0x00028f80       0x70 examples/light_ctl/ctl_lc_server/CMakeFiles/light_ctl_lc_server_nrf52832_xxAA_s132_7.0.1.dir/__/__/common/src/app_light_lc.c.obj
 .text.app_light_lc_model_init
                0x00028ff0       0x48 examples/light_ctl/ctl_lc_server/CMakeFiles/light_ctl_lc_server_nrf52832_xxAA_s132_7.0.1.dir/__/__/common/src/app_light_lc.c.obj
                0x00028ff0                app_light_lc_model_init
 .text.app_light_lc_ponoff_binding
                0x00029038       0x3c examples/light_ctl/ctl_lc_server/CMakeFiles/light_ctl_lc_server_nrf52832_xxAA_s132_7.0.1.dir/__/__/common/src/app_light_lc.c.obj
                0x00029038                app_light_lc_ponoff_binding
 .text.app_transition_fsm_action
                0x00029074       0x10 examples/light_ctl/ctl_lc_server/CMakeFiles/light_ctl_lc_server_nrf52832_xxAA_s132_7.0.1.dir/__/__/common/src/app_transition.c.obj
 .text.app_transition_fsm_guard
                0x00029084       0x10 examples/light_ctl/ctl_lc_server/CMakeFiles/light_ctl_lc_server_nrf52832_xxAA_s132_7.0.1.dir/__/__/common/src/app_transition.c.obj
 .text.a_transition_tick
                0x00029094        0x8 examples/light_ctl/ctl_lc_server/CMakeFiles/light_ctl_lc_server_nrf52832_xxAA_s132_7.0.1.dir/__/__/common/src/app_transition.c.obj
 .text.g_set_delay
                0x0002909c        0xa examples/light_ctl/ctl_lc_server/CMakeFiles/light_ctl_lc_server_nrf52832_xxAA_s132_7.0.1.dir/__/__/common/src/app_transition.c.obj
 .text.g_set_transition
                0x000290a6       0x16 examples/light_ctl/ctl_lc_server/CMakeFiles/light_ctl_lc_server_nrf52832_xxAA_s132_7.0.1.dir/__/__/common/src/app_transition.c.obj
 .text.transition_timer_cb
                0x000290bc        0xa examples/light_ctl/ctl_lc_server/CMakeFiles/light_ctl_lc_server_nrf52832_xxAA_s132_7.0.1.dir/__/__/common/src/app_transition.c.obj
 .text.delay_cb
                0x000290c6       0x10 examples/light_ctl/ctl_lc_server/CMakeFiles/light_ctl_lc_server_nrf52832_xxAA_s132_7.0.1.dir/__/__/common/src/app_transition.c.obj
 .text.g_transition_complete
                0x000290d6       0x3c examples/light_ctl/ctl_lc_server/CMakeFiles/light_ctl_lc_server_nrf52832_xxAA_s132_7.0.1.dir/__/__/common/src/app_transition.c.obj
 .text.a_abort  0x00029112       0x1c examples/light_ctl/ctl_lc_server/CMakeFiles/light_ctl_lc_server_nrf52832_xxAA_s132_7.0.1.dir/__/__/common/src/app_transition.c.obj
 .text.a_transition_complete
                0x0002912e       0x1c examples/light_ctl/ctl_lc_server/CMakeFiles/light_ctl_lc_server_nrf52832_xxAA_s132_7.0.1.dir/__/__/common/src/app_transition.c.obj
 *fill*         0x0002914a        0x2 
 .text.a_transition_start
                0x0002914c       0xac examples/light_ctl/ctl_lc_server/CMakeFiles/light_ctl_lc_server_nrf52832_xxAA_s132_7.0.1.dir/__/__/common/src/app_transition.c.obj
 .text.a_delay_start
                0x000291f8       0x28 examples/light_ctl/ctl_lc_server/CMakeFiles/light_ctl_lc_server_nrf52832_xxAA_s132_7.0.1.dir/__/__/common/src/app_transition.c.obj
 .text.app_transition_trigger
                0x00029220       0x1c examples/light_ctl/ctl_lc_server/CMakeFiles/light_ctl_lc_server_nrf52832_xxAA_s132_7.0.1.dir/__/__/common/src/app_transition.c.obj
                0x00029220                app_transition_trigger
 .text.app_transition_abort
                0x0002923c       0x1c examples/light_ctl/ctl_lc_server/CMakeFiles/light_ctl_lc_server_nrf52832_xxAA_s132_7.0.1.dir/__/__/common/src/app_transition.c.obj
                0x0002923c                app_transition_abort
 .text.app_transition_remaining_time_get
                0x00029258       0x32 examples/light_ctl/ctl_lc_server/CMakeFiles/light_ctl_lc_server_nrf52832_xxAA_s132_7.0.1.dir/__/__/common/src/app_transition.c.obj
                0x00029258                app_transition_remaining_time_get
 .text.app_transition_elapsed_time_get
                0x0002928a       0x28 examples/light_ctl/ctl_lc_server/CMakeFiles/light_ctl_lc_server_nrf52832_xxAA_s132_7.0.1.dir/__/__/common/src/app_transition.c.obj
                0x0002928a                app_transition_elapsed_time_get
 *fill*         0x000292b2        0x2 
 .text.app_transition_init
                0x000292b4       0x40 examples/light_ctl/ctl_lc_server/CMakeFiles/light_ctl_lc_server_nrf52832_xxAA_s132_7.0.1.dir/__/__/common/src/app_transition.c.obj
                0x000292b4                app_transition_init
 .text.mesh_evt_handler
                0x000292f4       0x1c examples/light_ctl/ctl_lc_server/CMakeFiles/light_ctl_lc_server_nrf52832_xxAA_s132_7.0.1.dir/__/__/__/mesh/stack/src/mesh_stack.c.obj
 .text.mesh_stack_start
                0x00029310       0x1a examples/light_ctl/ctl_lc_server/CMakeFiles/light_ctl_lc_server_nrf52832_xxAA_s132_7.0.1.dir/__/__/__/mesh/stack/src/mesh_stack.c.obj
                0x00029310                mesh_stack_start
 *fill*         0x0002932a        0x2 
 .text.mesh_stack_provisioning_data_store
                0x0002932c       0xe0 examples/light_ctl/ctl_lc_server/CMakeFiles/light_ctl_lc_server_nrf52832_xxAA_s132_7.0.1.dir/__/__/__/mesh/stack/src/mesh_stack.c.obj
                0x0002932c                mesh_stack_provisioning_data_store
 .text.mesh_stack_config_clear
                0x0002940c       0x16 examples/light_ctl/ctl_lc_server/CMakeFiles/light_ctl_lc_server_nrf52832_xxAA_s132_7.0.1.dir/__/__/__/mesh/stack/src/mesh_stack.c.obj
                0x0002940c                mesh_stack_config_clear
 *fill*         0x00029422        0x2 
 .text.mesh_stack_init
                0x00029424       0x7c examples/light_ctl/ctl_lc_server/CMakeFiles/light_ctl_lc_server_nrf52832_xxAA_s132_7.0.1.dir/__/__/__/mesh/stack/src/mesh_stack.c.obj
                0x00029424                mesh_stack_init
 .text.mesh_stack_is_device_provisioned
                0x000294a0        0x4 examples/light_ctl/ctl_lc_server/CMakeFiles/light_ctl_lc_server_nrf52832_xxAA_s132_7.0.1.dir/__/__/__/mesh/stack/src/mesh_stack.c.obj
                0x000294a0                mesh_stack_is_device_provisioned
 .text.mesh_stack_device_reset
                0x000294a4       0x20 examples/light_ctl/ctl_lc_server/CMakeFiles/light_ctl_lc_server_nrf52832_xxAA_s132_7.0.1.dir/__/__/__/mesh/stack/src/mesh_stack.c.obj
                0x000294a4                mesh_stack_device_reset
 .text.sd_ble_cfg_set
                0x000294c4        0x4 examples/light_ctl/ctl_lc_server/CMakeFiles/light_ctl_lc_server_nrf52832_xxAA_s132_7.0.1.dir/__/__/common/src/mesh_provisionee.c.obj
 .text.sd_state_evt_handler
                0x000294c8       0xf4 examples/light_ctl/ctl_lc_server/CMakeFiles/light_ctl_lc_server_nrf52832_xxAA_s132_7.0.1.dir/__/__/common/src/mesh_provisionee.c.obj
 .text.mesh_evt_handler
                0x000295bc       0x2c examples/light_ctl/ctl_lc_server/CMakeFiles/light_ctl_lc_server_nrf52832_xxAA_s132_7.0.1.dir/__/__/common/src/mesh_provisionee.c.obj
 .text.provisionee_start
                0x000295e8       0x30 examples/light_ctl/ctl_lc_server/CMakeFiles/light_ctl_lc_server_nrf52832_xxAA_s132_7.0.1.dir/__/__/common/src/mesh_provisionee.c.obj
 .text.prov_evt_handler
                0x00029618       0xbc examples/light_ctl/ctl_lc_server/CMakeFiles/light_ctl_lc_server_nrf52832_xxAA_s132_7.0.1.dir/__/__/common/src/mesh_provisionee.c.obj
 .text.mesh_provisionee_prov_start
                0x000296d4       0x94 examples/light_ctl/ctl_lc_server/CMakeFiles/light_ctl_lc_server_nrf52832_xxAA_s132_7.0.1.dir/__/__/common/src/mesh_provisionee.c.obj
                0x000296d4                mesh_provisionee_prov_start
 .text.timeout_handler
                0x00029768       0x1c examples/light_ctl/ctl_lc_server/CMakeFiles/light_ctl_lc_server_nrf52832_xxAA_s132_7.0.1.dir/__/__/common/src/rtt_input.c.obj
                0x00029768                timeout_handler
 .text.rtt_input_enable
                0x00029784       0x6c examples/light_ctl/ctl_lc_server/CMakeFiles/light_ctl_lc_server_nrf52832_xxAA_s132_7.0.1.dir/__/__/common/src/rtt_input.c.obj
                0x00029784                rtt_input_enable
 .text.mesh_app_uuid_print
                0x000297f0      0x134 examples/light_ctl/ctl_lc_server/CMakeFiles/light_ctl_lc_server_nrf52832_xxAA_s132_7.0.1.dir/__/__/common/src/mesh_app_utils.c.obj
                0x000297f0                mesh_app_uuid_print
 .text.pwm_utils_level_set
                0x00029924       0x3c examples/light_ctl/ctl_lc_server/CMakeFiles/light_ctl_lc_server_nrf52832_xxAA_s132_7.0.1.dir/__/__/common/src/pwm_utils.c.obj
                0x00029924                pwm_utils_level_set
 .text.pwm_utils_enable
                0x00029960       0xa0 examples/light_ctl/ctl_lc_server/CMakeFiles/light_ctl_lc_server_nrf52832_xxAA_s132_7.0.1.dir/__/__/common/src/pwm_utils.c.obj
                0x00029960                pwm_utils_enable
 .text.pwm_dealloc
                0x00029a00       0x58 examples/light_ctl/ctl_lc_server/CMakeFiles/light_ctl_lc_server_nrf52832_xxAA_s132_7.0.1.dir/C_/mesh/deps/nRF5_SDK_16.0.0_98a08e2/components/libraries/pwm/app_pwm.c.obj
 .text.pwm_ready_tick
                0x00029a58       0x5c examples/light_ctl/ctl_lc_server/CMakeFiles/light_ctl_lc_server_nrf52832_xxAA_s132_7.0.1.dir/C_/mesh/deps/nRF5_SDK_16.0.0_98a08e2/components/libraries/pwm/app_pwm.c.obj
                0x00029a58                pwm_ready_tick
 .text.app_pwm_busy_check
                0x00029ab4       0x3c examples/light_ctl/ctl_lc_server/CMakeFiles/light_ctl_lc_server_nrf52832_xxAA_s132_7.0.1.dir/C_/mesh/deps/nRF5_SDK_16.0.0_98a08e2/components/libraries/pwm/app_pwm.c.obj
                0x00029ab4                app_pwm_busy_check
 .text.app_pwm_channel_duty_ticks_set
                0x00029af0      0x160 examples/light_ctl/ctl_lc_server/CMakeFiles/light_ctl_lc_server_nrf52832_xxAA_s132_7.0.1.dir/C_/mesh/deps/nRF5_SDK_16.0.0_98a08e2/components/libraries/pwm/app_pwm.c.obj
                0x00029af0                app_pwm_channel_duty_ticks_set
 .text.app_pwm_cycle_ticks_get
                0x00029c50        0x6 examples/light_ctl/ctl_lc_server/CMakeFiles/light_ctl_lc_server_nrf52832_xxAA_s132_7.0.1.dir/C_/mesh/deps/nRF5_SDK_16.0.0_98a08e2/components/libraries/pwm/app_pwm.c.obj
                0x00029c50                app_pwm_cycle_ticks_get
 *fill*         0x00029c56        0x2 
 .text.app_pwm_init
                0x00029c58      0x2ac examples/light_ctl/ctl_lc_server/CMakeFiles/light_ctl_lc_server_nrf52832_xxAA_s132_7.0.1.dir/C_/mesh/deps/nRF5_SDK_16.0.0_98a08e2/components/libraries/pwm/app_pwm.c.obj
                0x00029c58                app_pwm_init
 .text.app_pwm_enable
                0x00029f04       0x74 examples/light_ctl/ctl_lc_server/CMakeFiles/light_ctl_lc_server_nrf52832_xxAA_s132_7.0.1.dir/C_/mesh/deps/nRF5_SDK_16.0.0_98a08e2/components/libraries/pwm/app_pwm.c.obj
                0x00029f04                app_pwm_enable
 .text.nrfx_timer_init
                0x00029f78       0xdc examples/light_ctl/ctl_lc_server/CMakeFiles/light_ctl_lc_server_nrf52832_xxAA_s132_7.0.1.dir/C_/mesh/deps/nRF5_SDK_16.0.0_98a08e2/modules/nrfx/drivers/src/nrfx_timer.c.obj
                0x00029f78                nrfx_timer_init
 .text.nrfx_timer_enable
                0x0002a054       0x1c examples/light_ctl/ctl_lc_server/CMakeFiles/light_ctl_lc_server_nrf52832_xxAA_s132_7.0.1.dir/C_/mesh/deps/nRF5_SDK_16.0.0_98a08e2/modules/nrfx/drivers/src/nrfx_timer.c.obj
                0x0002a054                nrfx_timer_enable
 .text.nrfx_timer_disable
                0x0002a070       0x18 examples/light_ctl/ctl_lc_server/CMakeFiles/light_ctl_lc_server_nrf52832_xxAA_s132_7.0.1.dir/C_/mesh/deps/nRF5_SDK_16.0.0_98a08e2/modules/nrfx/drivers/src/nrfx_timer.c.obj
                0x0002a070                nrfx_timer_disable
 .text.nrfx_timer_uninit
                0x0002a088       0x50 examples/light_ctl/ctl_lc_server/CMakeFiles/light_ctl_lc_server_nrf52832_xxAA_s132_7.0.1.dir/C_/mesh/deps/nRF5_SDK_16.0.0_98a08e2/modules/nrfx/drivers/src/nrfx_timer.c.obj
                0x0002a088                nrfx_timer_uninit
 .text.nrfx_timer_clear
                0x0002a0d8        0x8 examples/light_ctl/ctl_lc_server/CMakeFiles/light_ctl_lc_server_nrf52832_xxAA_s132_7.0.1.dir/C_/mesh/deps/nRF5_SDK_16.0.0_98a08e2/modules/nrfx/drivers/src/nrfx_timer.c.obj
                0x0002a0d8                nrfx_timer_clear
 .text.nrfx_timer_compare
                0x0002a0e0       0x36 examples/light_ctl/ctl_lc_server/CMakeFiles/light_ctl_lc_server_nrf52832_xxAA_s132_7.0.1.dir/C_/mesh/deps/nRF5_SDK_16.0.0_98a08e2/modules/nrfx/drivers/src/nrfx_timer.c.obj
                0x0002a0e0                nrfx_timer_compare
 .text.nrfx_timer_extended_compare
                0x0002a116       0x2c examples/light_ctl/ctl_lc_server/CMakeFiles/light_ctl_lc_server_nrf52832_xxAA_s132_7.0.1.dir/C_/mesh/deps/nRF5_SDK_16.0.0_98a08e2/modules/nrfx/drivers/src/nrfx_timer.c.obj
                0x0002a116                nrfx_timer_extended_compare
 .text.nrfx_timer_compare_int_enable
                0x0002a142       0x28 examples/light_ctl/ctl_lc_server/CMakeFiles/light_ctl_lc_server_nrf52832_xxAA_s132_7.0.1.dir/C_/mesh/deps/nRF5_SDK_16.0.0_98a08e2/modules/nrfx/drivers/src/nrfx_timer.c.obj
                0x0002a142                nrfx_timer_compare_int_enable
 .text.nrfx_timer_compare_int_disable
                0x0002a16a       0x10 examples/light_ctl/ctl_lc_server/CMakeFiles/light_ctl_lc_server_nrf52832_xxAA_s132_7.0.1.dir/C_/mesh/deps/nRF5_SDK_16.0.0_98a08e2/modules/nrfx/drivers/src/nrfx_timer.c.obj
                0x0002a16a                nrfx_timer_compare_int_disable
 *fill*         0x0002a17a        0x2 
 .text.TIMER1_IRQHandler
                0x0002a17c       0x54 examples/light_ctl/ctl_lc_server/CMakeFiles/light_ctl_lc_server_nrf52832_xxAA_s132_7.0.1.dir/C_/mesh/deps/nRF5_SDK_16.0.0_98a08e2/modules/nrfx/drivers/src/nrfx_timer.c.obj
                0x0002a17c                TIMER1_IRQHandler
 .text.nrfx_ppi_channel_alloc
                0x0002a1d0       0x68 examples/light_ctl/ctl_lc_server/CMakeFiles/light_ctl_lc_server_nrf52832_xxAA_s132_7.0.1.dir/C_/mesh/deps/nRF5_SDK_16.0.0_98a08e2/modules/nrfx/drivers/src/nrfx_ppi.c.obj
                0x0002a1d0                nrfx_ppi_channel_alloc
 .text.nrfx_ppi_channel_free
                0x0002a238       0x48 examples/light_ctl/ctl_lc_server/CMakeFiles/light_ctl_lc_server_nrf52832_xxAA_s132_7.0.1.dir/C_/mesh/deps/nRF5_SDK_16.0.0_98a08e2/modules/nrfx/drivers/src/nrfx_ppi.c.obj
                0x0002a238                nrfx_ppi_channel_free
 .text.nrfx_ppi_channel_assign
                0x0002a280       0x40 examples/light_ctl/ctl_lc_server/CMakeFiles/light_ctl_lc_server_nrf52832_xxAA_s132_7.0.1.dir/C_/mesh/deps/nRF5_SDK_16.0.0_98a08e2/modules/nrfx/drivers/src/nrfx_ppi.c.obj
                0x0002a280                nrfx_ppi_channel_assign
 .text.nrfx_ppi_channel_enable
                0x0002a2c0       0x30 examples/light_ctl/ctl_lc_server/CMakeFiles/light_ctl_lc_server_nrf52832_xxAA_s132_7.0.1.dir/C_/mesh/deps/nRF5_SDK_16.0.0_98a08e2/modules/nrfx/drivers/src/nrfx_ppi.c.obj
                0x0002a2c0                nrfx_ppi_channel_enable
 .text.nrfx_ppi_channel_disable
                0x0002a2f0       0x30 examples/light_ctl/ctl_lc_server/CMakeFiles/light_ctl_lc_server_nrf52832_xxAA_s132_7.0.1.dir/C_/mesh/deps/nRF5_SDK_16.0.0_98a08e2/modules/nrfx/drivers/src/nrfx_ppi.c.obj
                0x0002a2f0                nrfx_ppi_channel_disable
 .text.nrf_gpiote_event_clear
                0x0002a320       0x18 examples/light_ctl/ctl_lc_server/CMakeFiles/light_ctl_lc_server_nrf52832_xxAA_s132_7.0.1.dir/C_/mesh/deps/nRF5_SDK_16.0.0_98a08e2/modules/nrfx/drivers/src/nrfx_gpiote.c.obj
 .text.nrf_gpio_cfg_sense_set
                0x0002a338       0x20 examples/light_ctl/ctl_lc_server/CMakeFiles/light_ctl_lc_server_nrf52832_xxAA_s132_7.0.1.dir/C_/mesh/deps/nRF5_SDK_16.0.0_98a08e2/modules/nrfx/drivers/src/nrfx_gpiote.c.obj
 .text.channel_free
                0x0002a358       0x1c examples/light_ctl/ctl_lc_server/CMakeFiles/light_ctl_lc_server_nrf52832_xxAA_s132_7.0.1.dir/C_/mesh/deps/nRF5_SDK_16.0.0_98a08e2/modules/nrfx/drivers/src/nrfx_gpiote.c.obj
 .text.pin_configured_clear
                0x0002a374       0x1c examples/light_ctl/ctl_lc_server/CMakeFiles/light_ctl_lc_server_nrf52832_xxAA_s132_7.0.1.dir/C_/mesh/deps/nRF5_SDK_16.0.0_98a08e2/modules/nrfx/drivers/src/nrfx_gpiote.c.obj
 .text.nrfx_gpiote_init
                0x0002a390       0x70 examples/light_ctl/ctl_lc_server/CMakeFiles/light_ctl_lc_server_nrf52832_xxAA_s132_7.0.1.dir/C_/mesh/deps/nRF5_SDK_16.0.0_98a08e2/modules/nrfx/drivers/src/nrfx_gpiote.c.obj
                0x0002a390                nrfx_gpiote_init
 .text.nrfx_gpiote_is_init
                0x0002a400       0x14 examples/light_ctl/ctl_lc_server/CMakeFiles/light_ctl_lc_server_nrf52832_xxAA_s132_7.0.1.dir/C_/mesh/deps/nRF5_SDK_16.0.0_98a08e2/modules/nrfx/drivers/src/nrfx_gpiote.c.obj
                0x0002a400                nrfx_gpiote_is_init
 .text.nrfx_gpiote_out_init
                0x0002a414       0xc4 examples/light_ctl/ctl_lc_server/CMakeFiles/light_ctl_lc_server_nrf52832_xxAA_s132_7.0.1.dir/C_/mesh/deps/nRF5_SDK_16.0.0_98a08e2/modules/nrfx/drivers/src/nrfx_gpiote.c.obj
                0x0002a414                nrfx_gpiote_out_init
 .text.nrfx_gpiote_out_uninit
                0x0002a4d8       0x64 examples/light_ctl/ctl_lc_server/CMakeFiles/light_ctl_lc_server_nrf52832_xxAA_s132_7.0.1.dir/C_/mesh/deps/nRF5_SDK_16.0.0_98a08e2/modules/nrfx/drivers/src/nrfx_gpiote.c.obj
                0x0002a4d8                nrfx_gpiote_out_uninit
 .text.nrfx_gpiote_out_task_enable
                0x0002a53c       0x24 examples/light_ctl/ctl_lc_server/CMakeFiles/light_ctl_lc_server_nrf52832_xxAA_s132_7.0.1.dir/C_/mesh/deps/nRF5_SDK_16.0.0_98a08e2/modules/nrfx/drivers/src/nrfx_gpiote.c.obj
                0x0002a53c                nrfx_gpiote_out_task_enable
 .text.nrfx_gpiote_set_task_addr_get
                0x0002a560       0x1c examples/light_ctl/ctl_lc_server/CMakeFiles/light_ctl_lc_server_nrf52832_xxAA_s132_7.0.1.dir/C_/mesh/deps/nRF5_SDK_16.0.0_98a08e2/modules/nrfx/drivers/src/nrfx_gpiote.c.obj
                0x0002a560                nrfx_gpiote_set_task_addr_get
 .text.nrfx_gpiote_clr_task_addr_get
                0x0002a57c       0x1c examples/light_ctl/ctl_lc_server/CMakeFiles/light_ctl_lc_server_nrf52832_xxAA_s132_7.0.1.dir/C_/mesh/deps/nRF5_SDK_16.0.0_98a08e2/modules/nrfx/drivers/src/nrfx_gpiote.c.obj
                0x0002a57c                nrfx_gpiote_clr_task_addr_get
 .text.nrfx_gpiote_out_task_force
                0x0002a598       0x30 examples/light_ctl/ctl_lc_server/CMakeFiles/light_ctl_lc_server_nrf52832_xxAA_s132_7.0.1.dir/C_/mesh/deps/nRF5_SDK_16.0.0_98a08e2/modules/nrfx/drivers/src/nrfx_gpiote.c.obj
                0x0002a598                nrfx_gpiote_out_task_force
 .text.GPIOTE_IRQHandler
                0x0002a5c8      0x170 examples/light_ctl/ctl_lc_server/CMakeFiles/light_ctl_lc_server_nrf52832_xxAA_s132_7.0.1.dir/C_/mesh/deps/nRF5_SDK_16.0.0_98a08e2/modules/nrfx/drivers/src/nrfx_gpiote.c.obj
                0x0002a5c8                GPIOTE_IRQHandler
 .text.nrf_drv_ppi_init
                0x0002a738       0x14 examples/light_ctl/ctl_lc_server/CMakeFiles/light_ctl_lc_server_nrf52832_xxAA_s132_7.0.1.dir/C_/mesh/deps/nRF5_SDK_16.0.0_98a08e2/integration/nrfx/legacy/nrf_drv_ppi.c.obj
                0x0002a738                nrf_drv_ppi_init
 .text.sd_ble_gap_adv_set_configure
                0x0002a74c        0x4 examples/light_ctl/ctl_lc_server/CMakeFiles/light_ctl_lc_server_nrf52832_xxAA_s132_7.0.1.dir/__/__/common/src/mesh_adv.c.obj
 .text.sd_ble_gap_adv_start
                0x0002a750        0x4 examples/light_ctl/ctl_lc_server/CMakeFiles/light_ctl_lc_server_nrf52832_xxAA_s132_7.0.1.dir/__/__/common/src/mesh_adv.c.obj
 .text.sd_ble_gap_adv_stop
                0x0002a754        0x4 examples/light_ctl/ctl_lc_server/CMakeFiles/light_ctl_lc_server_nrf52832_xxAA_s132_7.0.1.dir/__/__/common/src/mesh_adv.c.obj
 .text.mesh_adv_data_set
                0x0002a758       0xe0 examples/light_ctl/ctl_lc_server/CMakeFiles/light_ctl_lc_server_nrf52832_xxAA_s132_7.0.1.dir/__/__/common/src/mesh_adv.c.obj
                0x0002a758                mesh_adv_data_set
 .text.mesh_adv_params_set
                0x0002a838       0x28 examples/light_ctl/ctl_lc_server/CMakeFiles/light_ctl_lc_server_nrf52832_xxAA_s132_7.0.1.dir/__/__/common/src/mesh_adv.c.obj
                0x0002a838                mesh_adv_params_set
 .text.mesh_adv_start
                0x0002a860       0x20 examples/light_ctl/ctl_lc_server/CMakeFiles/light_ctl_lc_server_nrf52832_xxAA_s132_7.0.1.dir/__/__/common/src/mesh_adv.c.obj
                0x0002a860                mesh_adv_start
 .text.mesh_adv_stop
                0x0002a880       0x1c examples/light_ctl/ctl_lc_server/CMakeFiles/light_ctl_lc_server_nrf52832_xxAA_s132_7.0.1.dir/__/__/common/src/mesh_adv.c.obj
                0x0002a880                mesh_adv_stop
 .text.sd_ble_gap_disconnect
                0x0002a89c        0x4 examples/light_ctl/ctl_lc_server/CMakeFiles/light_ctl_lc_server_nrf52832_xxAA_s132_7.0.1.dir/__/__/common/src/ble_softdevice_support.c.obj
 .text.sd_ble_gap_ppcp_set
                0x0002a8a0        0x4 examples/light_ctl/ctl_lc_server/CMakeFiles/light_ctl_lc_server_nrf52832_xxAA_s132_7.0.1.dir/__/__/common/src/ble_softdevice_support.c.obj
 .text.sd_ble_gap_device_name_set
                0x0002a8a4        0x4 examples/light_ctl/ctl_lc_server/CMakeFiles/light_ctl_lc_server_nrf52832_xxAA_s132_7.0.1.dir/__/__/common/src/ble_softdevice_support.c.obj
 .text.sd_ble_cfg_set
                0x0002a8a8        0x4 examples/light_ctl/ctl_lc_server/CMakeFiles/light_ctl_lc_server_nrf52832_xxAA_s132_7.0.1.dir/__/__/common/src/ble_softdevice_support.c.obj
 .text.conn_params_error_handler
                0x0002a8ac        0x4 examples/light_ctl/ctl_lc_server/CMakeFiles/light_ctl_lc_server_nrf52832_xxAA_s132_7.0.1.dir/__/__/common/src/ble_softdevice_support.c.obj
 .text.on_sd_evt
                0x0002a8b0        0x4 examples/light_ctl/ctl_lc_server/CMakeFiles/light_ctl_lc_server_nrf52832_xxAA_s132_7.0.1.dir/__/__/common/src/ble_softdevice_support.c.obj
 .text.on_conn_params_evt
                0x0002a8b4       0x80 examples/light_ctl/ctl_lc_server/CMakeFiles/light_ctl_lc_server_nrf52832_xxAA_s132_7.0.1.dir/__/__/common/src/ble_softdevice_support.c.obj
 .text.ble_stack_init
                0x0002a934       0x78 examples/light_ctl/ctl_lc_server/CMakeFiles/light_ctl_lc_server_nrf52832_xxAA_s132_7.0.1.dir/__/__/common/src/ble_softdevice_support.c.obj
                0x0002a934                ble_stack_init
 .text.gap_params_init
                0x0002a9ac       0x50 examples/light_ctl/ctl_lc_server/CMakeFiles/light_ctl_lc_server_nrf52832_xxAA_s132_7.0.1.dir/__/__/common/src/ble_softdevice_support.c.obj
                0x0002a9ac                gap_params_init
 .text.conn_params_init
                0x0002a9fc       0x68 examples/light_ctl/ctl_lc_server/CMakeFiles/light_ctl_lc_server_nrf52832_xxAA_s132_7.0.1.dir/__/__/common/src/ble_softdevice_support.c.obj
                0x0002a9fc                conn_params_init
 .text.app_util_critical_region_enter
                0x0002aa64       0x48 examples/light_ctl/ctl_lc_server/CMakeFiles/light_ctl_lc_server_nrf52832_xxAA_s132_7.0.1.dir/C_/mesh/deps/nRF5_SDK_16.0.0_98a08e2/components/libraries/util/app_util_platform.c.obj
                0x0002aa64                app_util_critical_region_enter
 .text.app_util_critical_region_exit
                0x0002aaac       0x2c examples/light_ctl/ctl_lc_server/CMakeFiles/light_ctl_lc_server_nrf52832_xxAA_s132_7.0.1.dir/C_/mesh/deps/nRF5_SDK_16.0.0_98a08e2/components/libraries/util/app_util_platform.c.obj
                0x0002aaac                app_util_critical_region_exit
 .text.sd_ble_gap_addr_get
                0x0002aad8        0x4 examples/light_ctl/ctl_lc_server/CMakeFiles/light_ctl_lc_server_nrf52832_xxAA_s132_7.0.1.dir/C_/mesh/deps/nRF5_SDK_16.0.0_98a08e2/components/ble/common/ble_advdata.c.obj
 .text.sd_ble_gap_appearance_get
                0x0002aadc        0x4 examples/light_ctl/ctl_lc_server/CMakeFiles/light_ctl_lc_server_nrf52832_xxAA_s132_7.0.1.dir/C_/mesh/deps/nRF5_SDK_16.0.0_98a08e2/components/ble/common/ble_advdata.c.obj
 .text.sd_ble_gap_device_name_get
                0x0002aae0        0x4 examples/light_ctl/ctl_lc_server/CMakeFiles/light_ctl_lc_server_nrf52832_xxAA_s132_7.0.1.dir/C_/mesh/deps/nRF5_SDK_16.0.0_98a08e2/components/ble/common/ble_advdata.c.obj
 .text.sd_ble_uuid_encode
                0x0002aae4        0x4 examples/light_ctl/ctl_lc_server/CMakeFiles/light_ctl_lc_server_nrf52832_xxAA_s132_7.0.1.dir/C_/mesh/deps/nRF5_SDK_16.0.0_98a08e2/components/ble/common/ble_advdata.c.obj
 .text.uuid_list_sized_encode
                0x0002aae8       0xac examples/light_ctl/ctl_lc_server/CMakeFiles/light_ctl_lc_server_nrf52832_xxAA_s132_7.0.1.dir/C_/mesh/deps/nRF5_SDK_16.0.0_98a08e2/components/ble/common/ble_advdata.c.obj
 .text.uuid_list_encode
                0x0002ab94       0x38 examples/light_ctl/ctl_lc_server/CMakeFiles/light_ctl_lc_server_nrf52832_xxAA_s132_7.0.1.dir/C_/mesh/deps/nRF5_SDK_16.0.0_98a08e2/components/ble/common/ble_advdata.c.obj
 .text.ble_advdata_encode
                0x0002abcc      0x394 examples/light_ctl/ctl_lc_server/CMakeFiles/light_ctl_lc_server_nrf52832_xxAA_s132_7.0.1.dir/C_/mesh/deps/nRF5_SDK_16.0.0_98a08e2/components/ble/common/ble_advdata.c.obj
                0x0002abcc                ble_advdata_encode
 .text.nrf_section_iter_init
                0x0002af60       0x12 examples/light_ctl/ctl_lc_server/CMakeFiles/light_ctl_lc_server_nrf52832_xxAA_s132_7.0.1.dir/C_/mesh/deps/nRF5_SDK_16.0.0_98a08e2/components/libraries/experimental_section_vars/nrf_section_iter.c.obj
                0x0002af60                nrf_section_iter_init
 .text.nrf_section_iter_next
                0x0002af72       0x18 examples/light_ctl/ctl_lc_server/CMakeFiles/light_ctl_lc_server_nrf52832_xxAA_s132_7.0.1.dir/C_/mesh/deps/nRF5_SDK_16.0.0_98a08e2/components/libraries/experimental_section_vars/nrf_section_iter.c.obj
                0x0002af72                nrf_section_iter_next
 .text.sd_evt_get
                0x0002af8a        0x4 examples/light_ctl/ctl_lc_server/CMakeFiles/light_ctl_lc_server_nrf52832_xxAA_s132_7.0.1.dir/C_/mesh/deps/nRF5_SDK_16.0.0_98a08e2/components/softdevice/common/nrf_sdh_soc.c.obj
 *fill*         0x0002af8e        0x2 
 .text.nrf_sdh_soc_evts_poll
                0x0002af90       0x3c examples/light_ctl/ctl_lc_server/CMakeFiles/light_ctl_lc_server_nrf52832_xxAA_s132_7.0.1.dir/C_/mesh/deps/nRF5_SDK_16.0.0_98a08e2/components/softdevice/common/nrf_sdh_soc.c.obj
 .text.sd_ble_enable
                0x0002afcc        0x4 examples/light_ctl/ctl_lc_server/CMakeFiles/light_ctl_lc_server_nrf52832_xxAA_s132_7.0.1.dir/C_/mesh/deps/nRF5_SDK_16.0.0_98a08e2/components/softdevice/common/nrf_sdh_ble.c.obj
 .text.sd_ble_cfg_set
                0x0002afd0        0x4 examples/light_ctl/ctl_lc_server/CMakeFiles/light_ctl_lc_server_nrf52832_xxAA_s132_7.0.1.dir/C_/mesh/deps/nRF5_SDK_16.0.0_98a08e2/components/softdevice/common/nrf_sdh_ble.c.obj
 .text.sd_ble_evt_get
                0x0002afd4        0x4 examples/light_ctl/ctl_lc_server/CMakeFiles/light_ctl_lc_server_nrf52832_xxAA_s132_7.0.1.dir/C_/mesh/deps/nRF5_SDK_16.0.0_98a08e2/components/softdevice/common/nrf_sdh_ble.c.obj
 .text.nrf_sdh_ble_evts_poll
                0x0002afd8       0x50 examples/light_ctl/ctl_lc_server/CMakeFiles/light_ctl_lc_server_nrf52832_xxAA_s132_7.0.1.dir/C_/mesh/deps/nRF5_SDK_16.0.0_98a08e2/components/softdevice/common/nrf_sdh_ble.c.obj
 .text.nrf_sdh_ble_default_cfg_set
                0x0002b028       0xd0 examples/light_ctl/ctl_lc_server/CMakeFiles/light_ctl_lc_server_nrf52832_xxAA_s132_7.0.1.dir/C_/mesh/deps/nRF5_SDK_16.0.0_98a08e2/components/softdevice/common/nrf_sdh_ble.c.obj
                0x0002b028                nrf_sdh_ble_default_cfg_set
 .text.nrf_sdh_ble_enable
                0x0002b0f8       0x14 examples/light_ctl/ctl_lc_server/CMakeFiles/light_ctl_lc_server_nrf52832_xxAA_s132_7.0.1.dir/C_/mesh/deps/nRF5_SDK_16.0.0_98a08e2/components/softdevice/common/nrf_sdh_ble.c.obj
                0x0002b0f8                nrf_sdh_ble_enable
 .text.sd_softdevice_enable
                0x0002b10c        0x4 examples/light_ctl/ctl_lc_server/CMakeFiles/light_ctl_lc_server_nrf52832_xxAA_s132_7.0.1.dir/C_/mesh/deps/nRF5_SDK_16.0.0_98a08e2/components/softdevice/common/nrf_sdh.c.obj
 .text.sd_softdevice_disable
                0x0002b110        0x4 examples/light_ctl/ctl_lc_server/CMakeFiles/light_ctl_lc_server_nrf52832_xxAA_s132_7.0.1.dir/C_/mesh/deps/nRF5_SDK_16.0.0_98a08e2/components/softdevice/common/nrf_sdh.c.obj
 .text.sdh_request_observer_notify
                0x0002b114       0x30 examples/light_ctl/ctl_lc_server/CMakeFiles/light_ctl_lc_server_nrf52832_xxAA_s132_7.0.1.dir/C_/mesh/deps/nRF5_SDK_16.0.0_98a08e2/components/softdevice/common/nrf_sdh.c.obj
 .text.sdh_state_observer_notify
                0x0002b144       0x28 examples/light_ctl/ctl_lc_server/CMakeFiles/light_ctl_lc_server_nrf52832_xxAA_s132_7.0.1.dir/C_/mesh/deps/nRF5_SDK_16.0.0_98a08e2/components/softdevice/common/nrf_sdh.c.obj
 .text.softdevice_evt_irq_disable
                0x0002b16c       0x24 examples/light_ctl/ctl_lc_server/CMakeFiles/light_ctl_lc_server_nrf52832_xxAA_s132_7.0.1.dir/C_/mesh/deps/nRF5_SDK_16.0.0_98a08e2/components/softdevice/common/nrf_sdh.c.obj
 .text.softdevices_evt_irq_enable
                0x0002b190       0x38 examples/light_ctl/ctl_lc_server/CMakeFiles/light_ctl_lc_server_nrf52832_xxAA_s132_7.0.1.dir/C_/mesh/deps/nRF5_SDK_16.0.0_98a08e2/components/softdevice/common/nrf_sdh.c.obj
 .text.nrf_sdh_enable_request
                0x0002b1c8       0x7c examples/light_ctl/ctl_lc_server/CMakeFiles/light_ctl_lc_server_nrf52832_xxAA_s132_7.0.1.dir/C_/mesh/deps/nRF5_SDK_16.0.0_98a08e2/components/softdevice/common/nrf_sdh.c.obj
                0x0002b1c8                nrf_sdh_enable_request
 .text.nrf_sdh_disable_request
                0x0002b244       0x60 examples/light_ctl/ctl_lc_server/CMakeFiles/light_ctl_lc_server_nrf52832_xxAA_s132_7.0.1.dir/C_/mesh/deps/nRF5_SDK_16.0.0_98a08e2/components/softdevice/common/nrf_sdh.c.obj
                0x0002b244                nrf_sdh_disable_request
 .text.nrf_sdh_evts_poll
                0x0002b2a4       0x28 examples/light_ctl/ctl_lc_server/CMakeFiles/light_ctl_lc_server_nrf52832_xxAA_s132_7.0.1.dir/C_/mesh/deps/nRF5_SDK_16.0.0_98a08e2/components/softdevice/common/nrf_sdh.c.obj
                0x0002b2a4                nrf_sdh_evts_poll
 .text.SWI2_EGU2_IRQHandler
                0x0002b2cc        0x4 examples/light_ctl/ctl_lc_server/CMakeFiles/light_ctl_lc_server_nrf52832_xxAA_s132_7.0.1.dir/C_/mesh/deps/nRF5_SDK_16.0.0_98a08e2/components/softdevice/common/nrf_sdh.c.obj
                0x0002b2cc                SWI2_EGU2_IRQHandler
 .text.sd_ble_gap_conn_param_update
                0x0002b2d0        0x4 examples/light_ctl/ctl_lc_server/CMakeFiles/light_ctl_lc_server_nrf52832_xxAA_s132_7.0.1.dir/C_/mesh/deps/nRF5_SDK_16.0.0_98a08e2/components/ble/common/ble_conn_params.c.obj
 .text.sd_ble_gap_disconnect
                0x0002b2d4        0x4 examples/light_ctl/ctl_lc_server/CMakeFiles/light_ctl_lc_server_nrf52832_xxAA_s132_7.0.1.dir/C_/mesh/deps/nRF5_SDK_16.0.0_98a08e2/components/ble/common/ble_conn_params.c.obj
 .text.sd_ble_gap_ppcp_set
                0x0002b2d8        0x4 examples/light_ctl/ctl_lc_server/CMakeFiles/light_ctl_lc_server_nrf52832_xxAA_s132_7.0.1.dir/C_/mesh/deps/nRF5_SDK_16.0.0_98a08e2/components/ble/common/ble_conn_params.c.obj
 .text.sd_ble_gap_ppcp_get
                0x0002b2dc        0x4 examples/light_ctl/ctl_lc_server/CMakeFiles/light_ctl_lc_server_nrf52832_xxAA_s132_7.0.1.dir/C_/mesh/deps/nRF5_SDK_16.0.0_98a08e2/components/ble/common/ble_conn_params.c.obj
 .text.instance_get
                0x0002b2e0       0x14 examples/light_ctl/ctl_lc_server/CMakeFiles/light_ctl_lc_server_nrf52832_xxAA_s132_7.0.1.dir/C_/mesh/deps/nRF5_SDK_16.0.0_98a08e2/components/ble/common/ble_conn_params.c.obj
 .text.send_error_evt
                0x0002b2f4       0x10 examples/light_ctl/ctl_lc_server/CMakeFiles/light_ctl_lc_server_nrf52832_xxAA_s132_7.0.1.dir/C_/mesh/deps/nRF5_SDK_16.0.0_98a08e2/components/ble/common/ble_conn_params.c.obj
 .text.update_timeout_handler
                0x0002b304       0x6c examples/light_ctl/ctl_lc_server/CMakeFiles/light_ctl_lc_server_nrf52832_xxAA_s132_7.0.1.dir/C_/mesh/deps/nRF5_SDK_16.0.0_98a08e2/components/ble/common/ble_conn_params.c.obj
 .text.conn_params_negotiation
                0x0002b370       0x48 examples/light_ctl/ctl_lc_server/CMakeFiles/light_ctl_lc_server_nrf52832_xxAA_s132_7.0.1.dir/C_/mesh/deps/nRF5_SDK_16.0.0_98a08e2/components/ble/common/ble_conn_params.c.obj
 .text.is_conn_params_ok.constprop.0
                0x0002b3b8       0x34 examples/light_ctl/ctl_lc_server/CMakeFiles/light_ctl_lc_server_nrf52832_xxAA_s132_7.0.1.dir/C_/mesh/deps/nRF5_SDK_16.0.0_98a08e2/components/ble/common/ble_conn_params.c.obj
 .text.ble_evt_handler
                0x0002b3ec       0xe0 examples/light_ctl/ctl_lc_server/CMakeFiles/light_ctl_lc_server_nrf52832_xxAA_s132_7.0.1.dir/C_/mesh/deps/nRF5_SDK_16.0.0_98a08e2/components/ble/common/ble_conn_params.c.obj
 .text.ble_conn_params_init
                0x0002b4cc       0x74 examples/light_ctl/ctl_lc_server/CMakeFiles/light_ctl_lc_server_nrf52832_xxAA_s132_7.0.1.dir/C_/mesh/deps/nRF5_SDK_16.0.0_98a08e2/components/ble/common/ble_conn_params.c.obj
                0x0002b4cc                ble_conn_params_init
 .text.ble_srv_is_notification_enabled
                0x0002b540        0x8 examples/light_ctl/ctl_lc_server/CMakeFiles/light_ctl_lc_server_nrf52832_xxAA_s132_7.0.1.dir/C_/mesh/deps/nRF5_SDK_16.0.0_98a08e2/components/ble/common/ble_srv_common.c.obj
                0x0002b540                ble_srv_is_notification_enabled
 .text._weak_handler
                0x0002b548        0x4 examples/light_ctl/ctl_lc_server/CMakeFiles/light_ctl_lc_server_nrf52832_xxAA_s132_7.0.1.dir/__/__/nrf_mesh_weak.c.obj
                0x0002b548                nrf_mesh_dfu_init
                0x0002b548                nrf_mesh_dfu_jump_to_bootloader
                0x0002b548                nrf_mesh_dfu_rx
                0x0002b548                prov_provisioner_provision
                0x0002b548                nrf_mesh_dfu_bank_info_get
                0x0002b548                prov_provisioner_oob_pubkey
                0x0002b548                nrf_mesh_dfu_request
                0x0002b548                nrf_mesh_dfu_bank_flash
                0x0002b548                nrf_mesh_dfu_enable
                0x0002b548                _weak_handler
                0x0002b548                nrf_mesh_dfu_relay
                0x0002b548                nrf_mesh_dfu_abort
                0x0002b548                mesh_flash_op_execute
                0x0002b548                prov_provisionee_init
                0x0002b548                nrf_mesh_dfu_state_get
                0x0002b548                prov_provisioner_shared_secret
                0x0002b548                prov_provisioner_auth_data
                0x0002b548                prov_bearer_adv_packet_in
                0x0002b548                prov_provisioner_oob_use
 .text.app_error_fault_handler
                0x0002b54c      0x200 examples/light_ctl/ctl_lc_server/CMakeFiles/light_ctl_lc_server_nrf52832_xxAA_s132_7.0.1.dir/__/__/common/src/app_error_weak.c.obj
                0x0002b54c                app_error_fault_handler
 .text.mesh_assertion_handler
                0x0002b74c       0x24 examples/light_ctl/ctl_lc_server/CMakeFiles/light_ctl_lc_server_nrf52832_xxAA_s132_7.0.1.dir/__/__/common/src/assertion_handler_weak.c.obj
                0x0002b74c                mesh_assertion_handler
 .text.nrf_mesh_configure_device_uuid_set
                0x0002b770       0x10 examples/light_ctl/ctl_lc_server/CMakeFiles/light_ctl_lc_server_nrf52832_xxAA_s132_7.0.1.dir/__/__/__/mesh/core/src/nrf_mesh_configure.c.obj
                0x0002b770                nrf_mesh_configure_device_uuid_set
 .text.nrf_mesh_configure_device_uuid_reset
                0x0002b780       0x40 examples/light_ctl/ctl_lc_server/CMakeFiles/light_ctl_lc_server_nrf52832_xxAA_s132_7.0.1.dir/__/__/__/mesh/core/src/nrf_mesh_configure.c.obj
                0x0002b780                nrf_mesh_configure_device_uuid_reset
 .text.nrf_mesh_configure_device_uuid_get
                0x0002b7c0        0x8 examples/light_ctl/ctl_lc_server/CMakeFiles/light_ctl_lc_server_nrf52832_xxAA_s132_7.0.1.dir/__/__/__/mesh/core/src/nrf_mesh_configure.c.obj
                0x0002b7c0                nrf_mesh_configure_device_uuid_get
 .text.msg_cache_init
                0x0002b7c8       0x24 examples/light_ctl/ctl_lc_server/CMakeFiles/light_ctl_lc_server_nrf52832_xxAA_s132_7.0.1.dir/__/__/__/mesh/core/src/msg_cache.c.obj
                0x0002b7c8                msg_cache_init
 .text.msg_cache_entry_exists
                0x0002b7ec       0x3c examples/light_ctl/ctl_lc_server/CMakeFiles/light_ctl_lc_server_nrf52832_xxAA_s132_7.0.1.dir/__/__/__/mesh/core/src/msg_cache.c.obj
                0x0002b7ec                msg_cache_entry_exists
 .text.msg_cache_entry_add
                0x0002b828       0x30 examples/light_ctl/ctl_lc_server/CMakeFiles/light_ctl_lc_server_nrf52832_xxAA_s132_7.0.1.dir/__/__/__/mesh/core/src/msg_cache.c.obj
                0x0002b828                msg_cache_entry_add
 .text.transport_sar_first_seq_num_get
                0x0002b858       0x12 examples/light_ctl/ctl_lc_server/CMakeFiles/light_ctl_lc_server_nrf52832_xxAA_s132_7.0.1.dir/__/__/__/mesh/core/src/transport.c.obj
 *fill*         0x0002b86a        0x2 
 .text.control_packet_callback_get
                0x0002b86c       0x40 examples/light_ctl/ctl_lc_server/CMakeFiles/light_ctl_lc_server_nrf52832_xxAA_s132_7.0.1.dir/__/__/__/mesh/core/src/transport.c.obj
 .text.tx_complete
                0x0002b8ac       0x2c examples/light_ctl/ctl_lc_server/CMakeFiles/light_ctl_lc_server_nrf52832_xxAA_s132_7.0.1.dir/__/__/__/mesh/core/src/transport.c.obj
 .text.block_ack_full
                0x0002b8d8       0x1a examples/light_ctl/ctl_lc_server/CMakeFiles/light_ctl_lc_server_nrf52832_xxAA_s132_7.0.1.dir/__/__/__/mesh/core/src/transport.c.obj
 .text.upper_trs_packet_encrypt
                0x0002b8f2       0x86 examples/light_ctl/ctl_lc_server/CMakeFiles/light_ctl_lc_server_nrf52832_xxAA_s132_7.0.1.dir/__/__/__/mesh/core/src/transport.c.obj
 .text.sar_ctx_alloc
                0x0002b978       0xbc examples/light_ctl/ctl_lc_server/CMakeFiles/light_ctl_lc_server_nrf52832_xxAA_s132_7.0.1.dir/__/__/__/mesh/core/src/transport.c.obj
 .text.sar_ctx_free
                0x0002ba34       0x3a examples/light_ctl/ctl_lc_server/CMakeFiles/light_ctl_lc_server_nrf52832_xxAA_s132_7.0.1.dir/__/__/__/mesh/core/src/transport.c.obj
 .text.sar_ctx_tx_complete
                0x0002ba6e       0x34 examples/light_ctl/ctl_lc_server/CMakeFiles/light_ctl_lc_server_nrf52832_xxAA_s132_7.0.1.dir/__/__/__/mesh/core/src/transport.c.obj
 .text.transport_metadata_validate
                0x0002baa2       0x54 examples/light_ctl/ctl_lc_server/CMakeFiles/light_ctl_lc_server_nrf52832_xxAA_s132_7.0.1.dir/__/__/__/mesh/core/src/transport.c.obj
 *fill*         0x0002baf6        0x2 
 .text.test_transport_decrypt
                0x0002baf8       0x88 examples/light_ctl/ctl_lc_server/CMakeFiles/light_ctl_lc_server_nrf52832_xxAA_s132_7.0.1.dir/__/__/__/mesh/core/src/transport.c.obj
 .text.replay_list_add
                0x0002bb80       0x4c examples/light_ctl/ctl_lc_server/CMakeFiles/light_ctl_lc_server_nrf52832_xxAA_s132_7.0.1.dir/__/__/__/mesh/core/src/transport.c.obj
 .text.upper_transport_access_packet_in
                0x0002bbcc      0x1a0 examples/light_ctl/ctl_lc_server/CMakeFiles/light_ctl_lc_server_nrf52832_xxAA_s132_7.0.1.dir/__/__/__/mesh/core/src/transport.c.obj
 .text.trs_packet_header_build
                0x0002bd6c       0xa4 examples/light_ctl/ctl_lc_server/CMakeFiles/light_ctl_lc_server_nrf52832_xxAA_s132_7.0.1.dir/__/__/__/mesh/core/src/transport.c.obj
 .text.trs_sar_packet_out
                0x0002be10      0x10c examples/light_ctl/ctl_lc_server/CMakeFiles/light_ctl_lc_server_nrf52832_xxAA_s132_7.0.1.dir/__/__/__/mesh/core/src/transport.c.obj
 .text.tx_retry_timer_reset
                0x0002bf1c       0x3c examples/light_ctl/ctl_lc_server/CMakeFiles/light_ctl_lc_server_nrf52832_xxAA_s132_7.0.1.dir/__/__/__/mesh/core/src/transport.c.obj
 .text.segmented_packet_tx
                0x0002bf58      0x148 examples/light_ctl/ctl_lc_server/CMakeFiles/light_ctl_lc_server_nrf52832_xxAA_s132_7.0.1.dir/__/__/__/mesh/core/src/transport.c.obj
 .text.sar_ctx_cancel
                0x0002c0a0       0xe0 examples/light_ctl/ctl_lc_server/CMakeFiles/light_ctl_lc_server_nrf52832_xxAA_s132_7.0.1.dir/__/__/__/mesh/core/src/transport.c.obj
 .text.abort_timeout
                0x0002c180        0x8 examples/light_ctl/ctl_lc_server/CMakeFiles/light_ctl_lc_server_nrf52832_xxAA_s132_7.0.1.dir/__/__/__/mesh/core/src/transport.c.obj
 .text.retry_timeout
                0x0002c188       0x4c examples/light_ctl/ctl_lc_server/CMakeFiles/light_ctl_lc_server_nrf52832_xxAA_s132_7.0.1.dir/__/__/__/mesh/core/src/transport.c.obj
 .text.transport_control_packet_in
                0x0002c1d4      0x1d8 examples/light_ctl/ctl_lc_server/CMakeFiles/light_ctl_lc_server_nrf52832_xxAA_s132_7.0.1.dir/__/__/__/mesh/core/src/transport.c.obj
 .text.upper_transport_tx
                0x0002c3ac       0x8e examples/light_ctl/ctl_lc_server/CMakeFiles/light_ctl_lc_server_nrf52832_xxAA_s132_7.0.1.dir/__/__/__/mesh/core/src/transport.c.obj
 *fill*         0x0002c43a        0x2 
 .text.transport_init
                0x0002c43c       0x84 examples/light_ctl/ctl_lc_server/CMakeFiles/light_ctl_lc_server_nrf52832_xxAA_s132_7.0.1.dir/__/__/__/mesh/core/src/transport.c.obj
                0x0002c43c                transport_init
 .text.transport_enable
                0x0002c4c0        0x4 examples/light_ctl/ctl_lc_server/CMakeFiles/light_ctl_lc_server_nrf52832_xxAA_s132_7.0.1.dir/__/__/__/mesh/core/src/transport.c.obj
                0x0002c4c0                transport_enable
 .text.transport_tx
                0x0002c4c4       0xd4 examples/light_ctl/ctl_lc_server/CMakeFiles/light_ctl_lc_server_nrf52832_xxAA_s132_7.0.1.dir/__/__/__/mesh/core/src/transport.c.obj
                0x0002c4c4                transport_tx
 .text.transport_control_tx
                0x0002c598       0xe8 examples/light_ctl/ctl_lc_server/CMakeFiles/light_ctl_lc_server_nrf52832_xxAA_s132_7.0.1.dir/__/__/__/mesh/core/src/transport.c.obj
                0x0002c598                transport_control_tx
 .text.sar_ack_send
                0x0002c680      0x11c examples/light_ctl/ctl_lc_server/CMakeFiles/light_ctl_lc_server_nrf52832_xxAA_s132_7.0.1.dir/__/__/__/mesh/core/src/transport.c.obj
 .text.ack_timeout
                0x0002c79c       0x30 examples/light_ctl/ctl_lc_server/CMakeFiles/light_ctl_lc_server_nrf52832_xxAA_s132_7.0.1.dir/__/__/__/mesh/core/src/transport.c.obj
 .text.transport_packet_in
                0x0002c7cc      0x4cc examples/light_ctl/ctl_lc_server/CMakeFiles/light_ctl_lc_server_nrf52832_xxAA_s132_7.0.1.dir/__/__/__/mesh/core/src/transport.c.obj
                0x0002c7cc                transport_packet_in
 .text.transport_sar_process
                0x0002cc98       0x68 examples/light_ctl/ctl_lc_server/CMakeFiles/light_ctl_lc_server_nrf52832_xxAA_s132_7.0.1.dir/__/__/__/mesh/core/src/transport.c.obj
 .text.transport_control_packet_consumer_add
                0x0002cd00       0x64 examples/light_ctl/ctl_lc_server/CMakeFiles/light_ctl_lc_server_nrf52832_xxAA_s132_7.0.1.dir/__/__/__/mesh/core/src/transport.c.obj
                0x0002cd00                transport_control_packet_consumer_add
 .text.event_handle
                0x0002cd64       0x54 examples/light_ctl/ctl_lc_server/CMakeFiles/light_ctl_lc_server_nrf52832_xxAA_s132_7.0.1.dir/__/__/__/mesh/core/src/event.c.obj
                0x0002cd64                event_handle
 .text.event_handler_add
                0x0002cdb8       0x20 examples/light_ctl/ctl_lc_server/CMakeFiles/light_ctl_lc_server_nrf52832_xxAA_s132_7.0.1.dir/__/__/__/mesh/core/src/event.c.obj
                0x0002cdb8                event_handler_add
 .text.event_handler_remove
                0x0002cdd8       0x34 examples/light_ctl/ctl_lc_server/CMakeFiles/light_ctl_lc_server_nrf52832_xxAA_s132_7.0.1.dir/__/__/__/mesh/core/src/event.c.obj
                0x0002cdd8                event_handler_remove
 .text.m_index_increment
                0x0002ce0c       0x1e examples/light_ctl/ctl_lc_server/CMakeFiles/light_ctl_lc_server_nrf52832_xxAA_s132_7.0.1.dir/__/__/__/mesh/core/src/packet_buffer.c.obj
 .text.m_get_next_packet
                0x0002ce2a       0x1e examples/light_ctl/ctl_lc_server/CMakeFiles/light_ctl_lc_server_nrf52832_xxAA_s132_7.0.1.dir/__/__/__/mesh/core/src/packet_buffer.c.obj
 .text.packet_buffer_init
                0x0002ce48       0xa8 examples/light_ctl/ctl_lc_server/CMakeFiles/light_ctl_lc_server_nrf52832_xxAA_s132_7.0.1.dir/__/__/__/mesh/core/src/packet_buffer.c.obj
                0x0002ce48                packet_buffer_init
 .text.packet_buffer_flush
                0x0002cef0       0x50 examples/light_ctl/ctl_lc_server/CMakeFiles/light_ctl_lc_server_nrf52832_xxAA_s132_7.0.1.dir/__/__/__/mesh/core/src/packet_buffer.c.obj
                0x0002cef0                packet_buffer_flush
 .text.packet_buffer_reserve
                0x0002cf40       0xa2 examples/light_ctl/ctl_lc_server/CMakeFiles/light_ctl_lc_server_nrf52832_xxAA_s132_7.0.1.dir/__/__/__/mesh/core/src/packet_buffer.c.obj
                0x0002cf40                packet_buffer_reserve
 .text.packet_buffer_commit
                0x0002cfe2       0x62 examples/light_ctl/ctl_lc_server/CMakeFiles/light_ctl_lc_server_nrf52832_xxAA_s132_7.0.1.dir/__/__/__/mesh/core/src/packet_buffer.c.obj
                0x0002cfe2                packet_buffer_commit
 .text.packet_buffer_pop
                0x0002d044       0x5a examples/light_ctl/ctl_lc_server/CMakeFiles/light_ctl_lc_server_nrf52832_xxAA_s132_7.0.1.dir/__/__/__/mesh/core/src/packet_buffer.c.obj
                0x0002d044                packet_buffer_pop
 .text.packet_buffer_can_pop
                0x0002d09e       0x34 examples/light_ctl/ctl_lc_server/CMakeFiles/light_ctl_lc_server_nrf52832_xxAA_s132_7.0.1.dir/__/__/__/mesh/core/src/packet_buffer.c.obj
                0x0002d09e                packet_buffer_can_pop
 .text.packet_buffer_packets_ready_to_pop
                0x0002d0d2       0x36 examples/light_ctl/ctl_lc_server/CMakeFiles/light_ctl_lc_server_nrf52832_xxAA_s132_7.0.1.dir/__/__/__/mesh/core/src/packet_buffer.c.obj
                0x0002d0d2                packet_buffer_packets_ready_to_pop
 .text.packet_buffer_free
                0x0002d108       0x74 examples/light_ctl/ctl_lc_server/CMakeFiles/light_ctl_lc_server_nrf52832_xxAA_s132_7.0.1.dir/__/__/__/mesh/core/src/packet_buffer.c.obj
                0x0002d108                packet_buffer_free
 .text.packet_buffer_is_empty
                0x0002d17c       0x28 examples/light_ctl/ctl_lc_server/CMakeFiles/light_ctl_lc_server_nrf52832_xxAA_s132_7.0.1.dir/__/__/__/mesh/core/src/packet_buffer.c.obj
                0x0002d17c                packet_buffer_is_empty
 .text.get_last_page
                0x0002d1a4       0x14 examples/light_ctl/ctl_lc_server/CMakeFiles/light_ctl_lc_server_nrf52832_xxAA_s132_7.0.1.dir/__/__/__/mesh/core/src/flash_manager_defrag.c.obj
 .text.defrag_on_end
                0x0002d1b8       0x1c examples/light_ctl/ctl_lc_server/CMakeFiles/light_ctl_lc_server_nrf52832_xxAA_s132_7.0.1.dir/__/__/__/mesh/core/src/flash_manager_defrag.c.obj
 .text.execute_procedure_step
                0x0002d1d4       0x70 examples/light_ctl/ctl_lc_server/CMakeFiles/light_ctl_lc_server_nrf52832_xxAA_s132_7.0.1.dir/__/__/__/mesh/core/src/flash_manager_defrag.c.obj
 .text.get_next_entry
                0x0002d244       0x38 examples/light_ctl/ctl_lc_server/CMakeFiles/light_ctl_lc_server_nrf52832_xxAA_s132_7.0.1.dir/__/__/__/mesh/core/src/flash_manager_defrag.c.obj
 .text.get_next_data_entry
                0x0002d27c       0x26 examples/light_ctl/ctl_lc_server/CMakeFiles/light_ctl_lc_server_nrf52832_xxAA_s132_7.0.1.dir/__/__/__/mesh/core/src/flash_manager_defrag.c.obj
 *fill*         0x0002d2a2        0x2 
 .text.on_flash_op_end
                0x0002d2a4       0x30 examples/light_ctl/ctl_lc_server/CMakeFiles/light_ctl_lc_server_nrf52832_xxAA_s132_7.0.1.dir/__/__/__/mesh/core/src/flash_manager_defrag.c.obj
 .text.check_for_invalid_entries
                0x0002d2d4       0x38 examples/light_ctl/ctl_lc_server/CMakeFiles/light_ctl_lc_server_nrf52832_xxAA_s132_7.0.1.dir/__/__/__/mesh/core/src/flash_manager_defrag.c.obj
 .text.erase_recovery_area
                0x0002d30c       0x34 examples/light_ctl/ctl_lc_server/CMakeFiles/light_ctl_lc_server_nrf52832_xxAA_s132_7.0.1.dir/__/__/__/mesh/core/src/flash_manager_defrag.c.obj
 .text.flash.constprop.0
                0x0002d340       0x24 examples/light_ctl/ctl_lc_server/CMakeFiles/light_ctl_lc_server_nrf52832_xxAA_s132_7.0.1.dir/__/__/__/mesh/core/src/flash_manager_defrag.c.obj
 .text.invalidate_duplicate_entries
                0x0002d364       0xa8 examples/light_ctl/ctl_lc_server/CMakeFiles/light_ctl_lc_server_nrf52832_xxAA_s132_7.0.1.dir/__/__/__/mesh/core/src/flash_manager_defrag.c.obj
 .text.seal_storage_page
                0x0002d40c       0x50 examples/light_ctl/ctl_lc_server/CMakeFiles/light_ctl_lc_server_nrf52832_xxAA_s132_7.0.1.dir/__/__/__/mesh/core/src/flash_manager_defrag.c.obj
 .text.copy_metadata
                0x0002d45c       0x3c examples/light_ctl/ctl_lc_server/CMakeFiles/light_ctl_lc_server_nrf52832_xxAA_s132_7.0.1.dir/__/__/__/mesh/core/src/flash_manager_defrag.c.obj
 .text.write_defrag_start_pointer
                0x0002d498       0x20 examples/light_ctl/ctl_lc_server/CMakeFiles/light_ctl_lc_server_nrf52832_xxAA_s132_7.0.1.dir/__/__/__/mesh/core/src/flash_manager_defrag.c.obj
 .text.write_back
                0x0002d4b8       0x28 examples/light_ctl/ctl_lc_server/CMakeFiles/light_ctl_lc_server_nrf52832_xxAA_s132_7.0.1.dir/__/__/__/mesh/core/src/flash_manager_defrag.c.obj
 .text.post_process
                0x0002d4e0       0x40 examples/light_ctl/ctl_lc_server/CMakeFiles/light_ctl_lc_server_nrf52832_xxAA_s132_7.0.1.dir/__/__/__/mesh/core/src/flash_manager_defrag.c.obj
 .text.backup_entries
                0x0002d520       0xd8 examples/light_ctl/ctl_lc_server/CMakeFiles/light_ctl_lc_server_nrf52832_xxAA_s132_7.0.1.dir/__/__/__/mesh/core/src/flash_manager_defrag.c.obj
 .text.erase_source
                0x0002d5f8       0x34 examples/light_ctl/ctl_lc_server/CMakeFiles/light_ctl_lc_server_nrf52832_xxAA_s132_7.0.1.dir/__/__/__/mesh/core/src/flash_manager_defrag.c.obj
 .text.flash_manager_defrag_init
                0x0002d62c      0x118 examples/light_ctl/ctl_lc_server/CMakeFiles/light_ctl_lc_server_nrf52832_xxAA_s132_7.0.1.dir/__/__/__/mesh/core/src/flash_manager_defrag.c.obj
                0x0002d62c                flash_manager_defrag_init
 .text.flash_manager_defragging
                0x0002d744       0x38 examples/light_ctl/ctl_lc_server/CMakeFiles/light_ctl_lc_server_nrf52832_xxAA_s132_7.0.1.dir/__/__/__/mesh/core/src/flash_manager_defrag.c.obj
                0x0002d744                flash_manager_defragging
 .text.flash_manager_defrag_is_running
                0x0002d77c       0x10 examples/light_ctl/ctl_lc_server/CMakeFiles/light_ctl_lc_server_nrf52832_xxAA_s132_7.0.1.dir/__/__/__/mesh/core/src/flash_manager_defrag.c.obj
                0x0002d77c                flash_manager_defrag_is_running
 .text.flash_manager_defrag
                0x0002d78c       0x44 examples/light_ctl/ctl_lc_server/CMakeFiles/light_ctl_lc_server_nrf52832_xxAA_s132_7.0.1.dir/__/__/__/mesh/core/src/flash_manager_defrag.c.obj
                0x0002d78c                flash_manager_defrag
 .text.flash_manager_defrag_recovery_page_get
                0x0002d7d0        0xc examples/light_ctl/ctl_lc_server/CMakeFiles/light_ctl_lc_server_nrf52832_xxAA_s132_7.0.1.dir/__/__/__/mesh/core/src/flash_manager_defrag.c.obj
                0x0002d7d0                flash_manager_defrag_recovery_page_get
 .text.fifo_init
                0x0002d7dc       0x34 examples/light_ctl/ctl_lc_server/CMakeFiles/light_ctl_lc_server_nrf52832_xxAA_s132_7.0.1.dir/__/__/__/mesh/core/src/fifo.c.obj
                0x0002d7dc                fifo_init
 .text.fifo_pop
                0x0002d810       0x52 examples/light_ctl/ctl_lc_server/CMakeFiles/light_ctl_lc_server_nrf52832_xxAA_s132_7.0.1.dir/__/__/__/mesh/core/src/fifo.c.obj
                0x0002d810                fifo_pop
 *fill*         0x0002d862        0x2 
 .text.wait_for_ready
                0x0002d864       0x10 examples/light_ctl/ctl_lc_server/CMakeFiles/light_ctl_lc_server_nrf52832_xxAA_s132_7.0.1.dir/__/__/__/mesh/core/src/nrf_flash.c.obj
 .text.nrf_flash_erase
                0x0002d874       0x50 examples/light_ctl/ctl_lc_server/CMakeFiles/light_ctl_lc_server_nrf52832_xxAA_s132_7.0.1.dir/__/__/__/mesh/core/src/nrf_flash.c.obj
                0x0002d874                nrf_flash_erase
 .text.nrf_flash_write
                0x0002d8c4       0x58 examples/light_ctl/ctl_lc_server/CMakeFiles/light_ctl_lc_server_nrf52832_xxAA_s132_7.0.1.dir/__/__/__/mesh/core/src/nrf_flash.c.obj
                0x0002d8c4                nrf_flash_write
 .text.iv_timeout_limit_passed
                0x0002d91c       0x18 examples/light_ctl/ctl_lc_server/CMakeFiles/light_ctl_lc_server_nrf52832_xxAA_s132_7.0.1.dir/__/__/__/mesh/core/src/net_state.c.obj
 .text.seqnum_block_legacy_setter
                0x0002d934       0x3c examples/light_ctl/ctl_lc_server/CMakeFiles/light_ctl_lc_server_nrf52832_xxAA_s132_7.0.1.dir/__/__/__/mesh/core/src/net_state.c.obj
 .text.iv_index_legacy_setter
                0x0002d970       0x3c examples/light_ctl/ctl_lc_server/CMakeFiles/light_ctl_lc_server_nrf52832_xxAA_s132_7.0.1.dir/__/__/__/mesh/core/src/net_state.c.obj
 .text.seqnum_block_deleter
                0x0002d9ac       0x24 examples/light_ctl/ctl_lc_server/CMakeFiles/light_ctl_lc_server_nrf52832_xxAA_s132_7.0.1.dir/__/__/__/mesh/core/src/net_state.c.obj
 .text.iv_index_deleter
                0x0002d9d0       0x24 examples/light_ctl/ctl_lc_server/CMakeFiles/light_ctl_lc_server_nrf52832_xxAA_s132_7.0.1.dir/__/__/__/mesh/core/src/net_state.c.obj
 .text.seqnum_block_getter
                0x0002d9f4       0x28 examples/light_ctl/ctl_lc_server/CMakeFiles/light_ctl_lc_server_nrf52832_xxAA_s132_7.0.1.dir/__/__/__/mesh/core/src/net_state.c.obj
 .text.seqnum_block_setter
                0x0002da1c       0x38 examples/light_ctl/ctl_lc_server/CMakeFiles/light_ctl_lc_server_nrf52832_xxAA_s132_7.0.1.dir/__/__/__/mesh/core/src/net_state.c.obj
 .text.iv_index_getter
                0x0002da54       0x28 examples/light_ctl/ctl_lc_server/CMakeFiles/light_ctl_lc_server_nrf52832_xxAA_s132_7.0.1.dir/__/__/__/mesh/core/src/net_state.c.obj
 .text.iv_index_setter
                0x0002da7c       0x38 examples/light_ctl/ctl_lc_server/CMakeFiles/light_ctl_lc_server_nrf52832_xxAA_s132_7.0.1.dir/__/__/__/mesh/core/src/net_state.c.obj
 .text.iv_index_notify
                0x0002dab4       0x30 examples/light_ctl/ctl_lc_server/CMakeFiles/light_ctl_lc_server_nrf52832_xxAA_s132_7.0.1.dir/__/__/__/mesh/core/src/net_state.c.obj
 .text.persist_completed_notify
                0x0002dae4       0x2c examples/light_ctl/ctl_lc_server/CMakeFiles/light_ctl_lc_server_nrf52832_xxAA_s132_7.0.1.dir/__/__/__/mesh/core/src/net_state.c.obj
 .text.seqnum_block_allocate
                0x0002db10       0x58 examples/light_ctl/ctl_lc_server/CMakeFiles/light_ctl_lc_server_nrf52832_xxAA_s132_7.0.1.dir/__/__/__/mesh/core/src/net_state.c.obj
 .text.iv_index_store
                0x0002db68       0x44 examples/light_ctl/ctl_lc_server/CMakeFiles/light_ctl_lc_server_nrf52832_xxAA_s132_7.0.1.dir/__/__/__/mesh/core/src/net_state.c.obj
 .text.net_state_reset
                0x0002dbac       0x3c examples/light_ctl/ctl_lc_server/CMakeFiles/light_ctl_lc_server_nrf52832_xxAA_s132_7.0.1.dir/__/__/__/mesh/core/src/net_state.c.obj
                0x0002dbac                net_state_reset
 .text.net_state_init
                0x0002dbe8       0x48 examples/light_ctl/ctl_lc_server/CMakeFiles/light_ctl_lc_server_nrf52832_xxAA_s132_7.0.1.dir/__/__/__/mesh/core/src/net_state.c.obj
                0x0002dbe8                net_state_init
 .text.net_state_enable
                0x0002dc30       0xc4 examples/light_ctl/ctl_lc_server/CMakeFiles/light_ctl_lc_server_nrf52832_xxAA_s132_7.0.1.dir/__/__/__/mesh/core/src/net_state.c.obj
                0x0002dc30                net_state_enable
 .text.net_state_is_seqnum_block_ready
                0x0002dcf4       0x14 examples/light_ctl/ctl_lc_server/CMakeFiles/light_ctl_lc_server_nrf52832_xxAA_s132_7.0.1.dir/__/__/__/mesh/core/src/net_state.c.obj
                0x0002dcf4                net_state_is_seqnum_block_ready
 .text.net_state_iv_update_start
                0x0002dd08       0x40 examples/light_ctl/ctl_lc_server/CMakeFiles/light_ctl_lc_server_nrf52832_xxAA_s132_7.0.1.dir/__/__/__/mesh/core/src/net_state.c.obj
                0x0002dd08                net_state_iv_update_start
 .text.iv_update_trigger_if_pending
                0x0002dd48       0x5c examples/light_ctl/ctl_lc_server/CMakeFiles/light_ctl_lc_server_nrf52832_xxAA_s132_7.0.1.dir/__/__/__/mesh/core/src/net_state.c.obj
 .text.iv_update_timer_handler
                0x0002dda4       0x9c examples/light_ctl/ctl_lc_server/CMakeFiles/light_ctl_lc_server_nrf52832_xxAA_s132_7.0.1.dir/__/__/__/mesh/core/src/net_state.c.obj
 .text.mesh_evt_handler
                0x0002de40       0x88 examples/light_ctl/ctl_lc_server/CMakeFiles/light_ctl_lc_server_nrf52832_xxAA_s132_7.0.1.dir/__/__/__/mesh/core/src/net_state.c.obj
 .text.net_state_seqnum_alloc
                0x0002dec8       0x74 examples/light_ctl/ctl_lc_server/CMakeFiles/light_ctl_lc_server_nrf52832_xxAA_s132_7.0.1.dir/__/__/__/mesh/core/src/net_state.c.obj
                0x0002dec8                net_state_seqnum_alloc
 .text.net_state_iv_index_lock
                0x0002df3c       0x3c examples/light_ctl/ctl_lc_server/CMakeFiles/light_ctl_lc_server_nrf52832_xxAA_s132_7.0.1.dir/__/__/__/mesh/core/src/net_state.c.obj
                0x0002df3c                net_state_iv_index_lock
 .text.net_state_key_refresh_phase_changed
                0x0002df78       0x20 examples/light_ctl/ctl_lc_server/CMakeFiles/light_ctl_lc_server_nrf52832_xxAA_s132_7.0.1.dir/__/__/__/mesh/core/src/net_state.c.obj
                0x0002df78                net_state_key_refresh_phase_changed
 .text.net_state_beacon_iv_index_get
                0x0002df98        0xc examples/light_ctl/ctl_lc_server/CMakeFiles/light_ctl_lc_server_nrf52832_xxAA_s132_7.0.1.dir/__/__/__/mesh/core/src/net_state.c.obj
                0x0002df98                net_state_beacon_iv_index_get
 .text.net_state_tx_iv_index_get
                0x0002dfa4       0x14 examples/light_ctl/ctl_lc_server/CMakeFiles/light_ctl_lc_server_nrf52832_xxAA_s132_7.0.1.dir/__/__/__/mesh/core/src/net_state.c.obj
                0x0002dfa4                net_state_tx_iv_index_get
 .text.net_state_rx_iv_index_get
                0x0002dfb8       0x18 examples/light_ctl/ctl_lc_server/CMakeFiles/light_ctl_lc_server_nrf52832_xxAA_s132_7.0.1.dir/__/__/__/mesh/core/src/net_state.c.obj
                0x0002dfb8                net_state_rx_iv_index_get
 .text.net_state_iv_update_get
                0x0002dfd0        0xc examples/light_ctl/ctl_lc_server/CMakeFiles/light_ctl_lc_server_nrf52832_xxAA_s132_7.0.1.dir/__/__/__/mesh/core/src/net_state.c.obj
                0x0002dfd0                net_state_iv_update_get
 .text.net_state_iv_index_set
                0x0002dfdc       0x44 examples/light_ctl/ctl_lc_server/CMakeFiles/light_ctl_lc_server_nrf52832_xxAA_s132_7.0.1.dir/__/__/__/mesh/core/src/net_state.c.obj
                0x0002dfdc                net_state_iv_index_set
 .text.send_end_events
                0x0002e020       0x84 examples/light_ctl/ctl_lc_server/CMakeFiles/light_ctl_lc_server_nrf52832_xxAA_s132_7.0.1.dir/__/__/__/mesh/core/src/mesh_flash.c.obj
 .text.flash_op_action_prepare
                0x0002e0a4       0x78 examples/light_ctl/ctl_lc_server/CMakeFiles/light_ctl_lc_server_nrf52832_xxAA_s132_7.0.1.dir/__/__/__/mesh/core/src/mesh_flash.c.obj
 .text.flash_op_schedule
                0x0002e11c       0x20 examples/light_ctl/ctl_lc_server/CMakeFiles/light_ctl_lc_server_nrf52832_xxAA_s132_7.0.1.dir/__/__/__/mesh/core/src/mesh_flash.c.obj
 .text.flash_op_start
                0x0002e13c      0x138 examples/light_ctl/ctl_lc_server/CMakeFiles/light_ctl_lc_server_nrf52832_xxAA_s132_7.0.1.dir/__/__/__/mesh/core/src/mesh_flash.c.obj
 .text.mesh_flash_init
                0x0002e274       0x7c examples/light_ctl/ctl_lc_server/CMakeFiles/light_ctl_lc_server_nrf52832_xxAA_s132_7.0.1.dir/__/__/__/mesh/core/src/mesh_flash.c.obj
                0x0002e274                mesh_flash_init
 .text.mesh_flash_user_callback_set
                0x0002e2f0       0x20 examples/light_ctl/ctl_lc_server/CMakeFiles/light_ctl_lc_server_nrf52832_xxAA_s132_7.0.1.dir/__/__/__/mesh/core/src/mesh_flash.c.obj
                0x0002e2f0                mesh_flash_user_callback_set
 .text.mesh_flash_op_push
                0x0002e310      0x10c examples/light_ctl/ctl_lc_server/CMakeFiles/light_ctl_lc_server_nrf52832_xxAA_s132_7.0.1.dir/__/__/__/mesh/core/src/mesh_flash.c.obj
                0x0002e310                mesh_flash_op_push
 .text.mesh_flash_set_suspended
                0x0002e41c       0x70 examples/light_ctl/ctl_lc_server/CMakeFiles/light_ctl_lc_server_nrf52832_xxAA_s132_7.0.1.dir/__/__/__/mesh/core/src/mesh_flash.c.obj
                0x0002e41c                mesh_flash_set_suspended
 .text.nrf_mesh_address_type_get
                0x0002e48c       0x10 examples/light_ctl/ctl_lc_server/CMakeFiles/light_ctl_lc_server_nrf52832_xxAA_s132_7.0.1.dir/__/__/__/mesh/core/src/nrf_mesh_utils.c.obj
                0x0002e48c                nrf_mesh_address_type_get
 .text.sd_softdevice_is_enabled
                0x0002e49c        0x4 examples/light_ctl/ctl_lc_server/CMakeFiles/light_ctl_lc_server_nrf52832_xxAA_s132_7.0.1.dir/__/__/__/mesh/core/src/nrf_mesh.c.obj
 .text.packet_in
                0x0002e4a0       0x6c examples/light_ctl/ctl_lc_server/CMakeFiles/light_ctl_lc_server_nrf52832_xxAA_s132_7.0.1.dir/__/__/__/mesh/core/src/nrf_mesh.c.obj
 .text.scanner_packet_process_cb
                0x0002e50c       0x8c examples/light_ctl/ctl_lc_server/CMakeFiles/light_ctl_lc_server_nrf52832_xxAA_s132_7.0.1.dir/__/__/__/mesh/core/src/nrf_mesh.c.obj
 .text.nrf_mesh_enabled_be_cb
                0x0002e598       0x50 examples/light_ctl/ctl_lc_server/CMakeFiles/light_ctl_lc_server_nrf52832_xxAA_s132_7.0.1.dir/__/__/__/mesh/core/src/nrf_mesh.c.obj
 .text.bearer_stopped_cb
                0x0002e5e8       0x30 examples/light_ctl/ctl_lc_server/CMakeFiles/light_ctl_lc_server_nrf52832_xxAA_s132_7.0.1.dir/__/__/__/mesh/core/src/nrf_mesh.c.obj
 .text.config_stable_catch
                0x0002e618       0x24 examples/light_ctl/ctl_lc_server/CMakeFiles/light_ctl_lc_server_nrf52832_xxAA_s132_7.0.1.dir/__/__/__/mesh/core/src/nrf_mesh.c.obj
 .text.nrf_mesh_init
                0x0002e63c       0xdc examples/light_ctl/ctl_lc_server/CMakeFiles/light_ctl_lc_server_nrf52832_xxAA_s132_7.0.1.dir/__/__/__/mesh/core/src/nrf_mesh.c.obj
                0x0002e63c                nrf_mesh_init
 .text.nrf_mesh_enable
                0x0002e718       0xb4 examples/light_ctl/ctl_lc_server/CMakeFiles/light_ctl_lc_server_nrf52832_xxAA_s132_7.0.1.dir/__/__/__/mesh/core/src/nrf_mesh.c.obj
                0x0002e718                nrf_mesh_enable
 .text.nrf_mesh_disable
                0x0002e7cc       0x2c examples/light_ctl/ctl_lc_server/CMakeFiles/light_ctl_lc_server_nrf52832_xxAA_s132_7.0.1.dir/__/__/__/mesh/core/src/nrf_mesh.c.obj
                0x0002e7cc                nrf_mesh_disable
 .text.nrf_mesh_packet_send
                0x0002e7f8        0x4 examples/light_ctl/ctl_lc_server/CMakeFiles/light_ctl_lc_server_nrf52832_xxAA_s132_7.0.1.dir/__/__/__/mesh/core/src/nrf_mesh.c.obj
                0x0002e7f8                nrf_mesh_packet_send
 .text.nrf_mesh_evt_handler_add
                0x0002e7fc        0x4 examples/light_ctl/ctl_lc_server/CMakeFiles/light_ctl_lc_server_nrf52832_xxAA_s132_7.0.1.dir/__/__/__/mesh/core/src/nrf_mesh.c.obj
                0x0002e7fc                nrf_mesh_evt_handler_add
 .text.nrf_mesh_evt_handler_remove
                0x0002e800        0x4 examples/light_ctl/ctl_lc_server/CMakeFiles/light_ctl_lc_server_nrf52832_xxAA_s132_7.0.1.dir/__/__/__/mesh/core/src/nrf_mesh.c.obj
                0x0002e800                nrf_mesh_evt_handler_remove
 .text.nrf_mesh_on_sd_evt
                0x0002e804        0xa examples/light_ctl/ctl_lc_server/CMakeFiles/light_ctl_lc_server_nrf52832_xxAA_s132_7.0.1.dir/__/__/__/mesh/core/src/nrf_mesh.c.obj
                0x0002e804                nrf_mesh_on_sd_evt
 .text.nrf_mesh_subnet_added
                0x0002e80e        0x4 examples/light_ctl/ctl_lc_server/CMakeFiles/light_ctl_lc_server_nrf52832_xxAA_s132_7.0.1.dir/__/__/__/mesh/core/src/nrf_mesh.c.obj
                0x0002e80e                nrf_mesh_subnet_added
 *fill*         0x0002e812        0x2 
 .text.nrf_mesh_unique_token_get
                0x0002e814       0x18 examples/light_ctl/ctl_lc_server/CMakeFiles/light_ctl_lc_server_nrf52832_xxAA_s132_7.0.1.dir/__/__/__/mesh/core/src/nrf_mesh.c.obj
                0x0002e814                nrf_mesh_unique_token_get
 .text.queue_init
                0x0002e82c       0x14 examples/light_ctl/ctl_lc_server/CMakeFiles/light_ctl_lc_server_nrf52832_xxAA_s132_7.0.1.dir/__/__/__/mesh/core/src/queue.c.obj
                0x0002e82c                queue_init
 .text.queue_push
                0x0002e840       0x34 examples/light_ctl/ctl_lc_server/CMakeFiles/light_ctl_lc_server_nrf52832_xxAA_s132_7.0.1.dir/__/__/__/mesh/core/src/queue.c.obj
                0x0002e840                queue_push
 .text.queue_pop
                0x0002e874       0x2a examples/light_ctl/ctl_lc_server/CMakeFiles/light_ctl_lc_server_nrf52832_xxAA_s132_7.0.1.dir/__/__/__/mesh/core/src/queue.c.obj
                0x0002e874                queue_pop
 .text.queue_peek
                0x0002e89e       0x10 examples/light_ctl/ctl_lc_server/CMakeFiles/light_ctl_lc_server_nrf52832_xxAA_s132_7.0.1.dir/__/__/__/mesh/core/src/queue.c.obj
                0x0002e89e                queue_peek
 .text.sd_power_reset_reason_clr
                0x0002e8ae        0x4 examples/light_ctl/ctl_lc_server/CMakeFiles/light_ctl_lc_server_nrf52832_xxAA_s132_7.0.1.dir/__/__/__/mesh/core/src/hal.c.obj
 .text.sd_power_gpregret_set
                0x0002e8b2        0x4 examples/light_ctl/ctl_lc_server/CMakeFiles/light_ctl_lc_server_nrf52832_xxAA_s132_7.0.1.dir/__/__/__/mesh/core/src/hal.c.obj
 .text.sd_power_gpregret_clr
                0x0002e8b6        0x4 examples/light_ctl/ctl_lc_server/CMakeFiles/light_ctl_lc_server_nrf52832_xxAA_s132_7.0.1.dir/__/__/__/mesh/core/src/hal.c.obj
 *fill*         0x0002e8ba        0x2 
 .text.hal_device_reset
                0x0002e8bc       0x40 examples/light_ctl/ctl_lc_server/CMakeFiles/light_ctl_lc_server_nrf52832_xxAA_s132_7.0.1.dir/__/__/__/mesh/core/src/hal.c.obj
                0x0002e8bc                hal_device_reset
 .text.hal_lfclk_ppm_get
                0x0002e8fc       0x14 examples/light_ctl/ctl_lc_server/CMakeFiles/light_ctl_lc_server_nrf52832_xxAA_s132_7.0.1.dir/__/__/__/mesh/core/src/hal.c.obj
                0x0002e8fc                hal_lfclk_ppm_get
 .text.hal_irq_active_get
                0x0002e910       0x10 examples/light_ctl/ctl_lc_server/CMakeFiles/light_ctl_lc_server_nrf52832_xxAA_s132_7.0.1.dir/__/__/__/mesh/core/src/hal.c.obj
                0x0002e910                hal_irq_active_get
 .text.hal_irq_is_enabled
                0x0002e920       0x30 examples/light_ctl/ctl_lc_server/CMakeFiles/light_ctl_lc_server_nrf52832_xxAA_s132_7.0.1.dir/__/__/__/mesh/core/src/hal.c.obj
                0x0002e920                hal_irq_is_enabled
 .text.sd_ecb_block_encrypt
                0x0002e950        0x4 examples/light_ctl/ctl_lc_server/CMakeFiles/light_ctl_lc_server_nrf52832_xxAA_s132_7.0.1.dir/__/__/__/mesh/core/src/aes_cmac.c.obj
 .text.utils_xor.constprop.0
                0x0002e954       0x20 examples/light_ctl/ctl_lc_server/CMakeFiles/light_ctl_lc_server_nrf52832_xxAA_s132_7.0.1.dir/__/__/__/mesh/core/src/aes_cmac.c.obj
 .text.aes_cmac
                0x0002e974      0x108 examples/light_ctl/ctl_lc_server/CMakeFiles/light_ctl_lc_server_nrf52832_xxAA_s132_7.0.1.dir/__/__/__/mesh/core/src/aes_cmac.c.obj
                0x0002e974                aes_cmac
 .text.add_evt  0x0002ea7c       0x4c examples/light_ctl/ctl_lc_server/CMakeFiles/light_ctl_lc_server_nrf52832_xxAA_s132_7.0.1.dir/__/__/__/mesh/core/src/timer_scheduler.c.obj
 .text.remove_evt
                0x0002eac8       0x50 examples/light_ctl/ctl_lc_server/CMakeFiles/light_ctl_lc_server_nrf52832_xxAA_s132_7.0.1.dir/__/__/__/mesh/core/src/timer_scheduler.c.obj
 .text.timer_cb
                0x0002eb18        0xc examples/light_ctl/ctl_lc_server/CMakeFiles/light_ctl_lc_server_nrf52832_xxAA_s132_7.0.1.dir/__/__/__/mesh/core/src/timer_scheduler.c.obj
 .text.setup_timeout.isra.0
                0x0002eb24       0x1c examples/light_ctl/ctl_lc_server/CMakeFiles/light_ctl_lc_server_nrf52832_xxAA_s132_7.0.1.dir/__/__/__/mesh/core/src/timer_scheduler.c.obj
 .text.flag_event_cb
                0x0002eb40       0x98 examples/light_ctl/ctl_lc_server/CMakeFiles/light_ctl_lc_server_nrf52832_xxAA_s132_7.0.1.dir/__/__/__/mesh/core/src/timer_scheduler.c.obj
 .text.timer_sch_init
                0x0002ebd8       0x2c examples/light_ctl/ctl_lc_server/CMakeFiles/light_ctl_lc_server_nrf52832_xxAA_s132_7.0.1.dir/__/__/__/mesh/core/src/timer_scheduler.c.obj
                0x0002ebd8                timer_sch_init
 .text.timer_sch_schedule
                0x0002ec04       0x44 examples/light_ctl/ctl_lc_server/CMakeFiles/light_ctl_lc_server_nrf52832_xxAA_s132_7.0.1.dir/__/__/__/mesh/core/src/timer_scheduler.c.obj
                0x0002ec04                timer_sch_schedule
 .text.timer_sch_abort
                0x0002ec48       0x2e examples/light_ctl/ctl_lc_server/CMakeFiles/light_ctl_lc_server_nrf52832_xxAA_s132_7.0.1.dir/__/__/__/mesh/core/src/timer_scheduler.c.obj
                0x0002ec48                timer_sch_abort
 .text.timer_sch_reschedule
                0x0002ec76       0x38 examples/light_ctl/ctl_lc_server/CMakeFiles/light_ctl_lc_server_nrf52832_xxAA_s132_7.0.1.dir/__/__/__/mesh/core/src/timer_scheduler.c.obj
                0x0002ec76                timer_sch_reschedule
 .text.timer_init
                0x0002ecae       0x1a examples/light_ctl/ctl_lc_server/CMakeFiles/light_ctl_lc_server_nrf52832_xxAA_s132_7.0.1.dir/__/__/__/mesh/core/src/timer.c.obj
                0x0002ecae                timer_init
 .text.timer_now
                0x0002ecc8       0x48 examples/light_ctl/ctl_lc_server/CMakeFiles/light_ctl_lc_server_nrf52832_xxAA_s132_7.0.1.dir/__/__/__/mesh/core/src/timer.c.obj
                0x0002ecc8                timer_now
 .text.nrf_mesh_timer_tail_handle
                0x0002ed10       0x34 examples/light_ctl/ctl_lc_server/CMakeFiles/light_ctl_lc_server_nrf52832_xxAA_s132_7.0.1.dir/__/__/__/mesh/core/src/timer.c.obj
                0x0002ed10                nrf_mesh_timer_tail_handle
 .text.nrf_mesh_timer_ovfw_handle
                0x0002ed44       0x98 examples/light_ctl/ctl_lc_server/CMakeFiles/light_ctl_lc_server_nrf52832_xxAA_s132_7.0.1.dir/__/__/__/mesh/core/src/timer.c.obj
                0x0002ed44                nrf_mesh_timer_ovfw_handle
 .text.timer_start
                0x0002eddc       0xac examples/light_ctl/ctl_lc_server/CMakeFiles/light_ctl_lc_server_nrf52832_xxAA_s132_7.0.1.dir/__/__/__/mesh/core/src/timer.c.obj
                0x0002eddc                timer_start
 .text.timer_stop
                0x0002ee88       0x30 examples/light_ctl/ctl_lc_server/CMakeFiles/light_ctl_lc_server_nrf52832_xxAA_s132_7.0.1.dir/__/__/__/mesh/core/src/timer.c.obj
                0x0002ee88                timer_stop
 .text.sd_rand_application_bytes_available_get
                0x0002eeb8        0x4 examples/light_ctl/ctl_lc_server/CMakeFiles/light_ctl_lc_server_nrf52832_xxAA_s132_7.0.1.dir/__/__/__/mesh/core/src/rand.c.obj
 .text.sd_rand_application_vector_get
                0x0002eebc        0x4 examples/light_ctl/ctl_lc_server/CMakeFiles/light_ctl_lc_server_nrf52832_xxAA_s132_7.0.1.dir/__/__/__/mesh/core/src/rand.c.obj
 .text.rand_prng_get
                0x0002eec0       0x24 examples/light_ctl/ctl_lc_server/CMakeFiles/light_ctl_lc_server_nrf52832_xxAA_s132_7.0.1.dir/__/__/__/mesh/core/src/rand.c.obj
                0x0002eec0                rand_prng_get
 .text.rand_hw_rng_get
                0x0002eee4       0x44 examples/light_ctl/ctl_lc_server/CMakeFiles/light_ctl_lc_server_nrf52832_xxAA_s132_7.0.1.dir/__/__/__/mesh/core/src/rand.c.obj
                0x0002eee4                rand_hw_rng_get
 .text.rand_prng_seed
                0x0002ef28       0x34 examples/light_ctl/ctl_lc_server/CMakeFiles/light_ctl_lc_server_nrf52832_xxAA_s132_7.0.1.dir/__/__/__/mesh/core/src/rand.c.obj
                0x0002ef28                rand_prng_seed
 .text.mesh_opt_init
                0x0002ef5c        0x2 examples/light_ctl/ctl_lc_server/CMakeFiles/light_ctl_lc_server_nrf52832_xxAA_s132_7.0.1.dir/__/__/__/mesh/core/src/mesh_opt.c.obj
                0x0002ef5c                mesh_opt_init
 *fill*         0x0002ef5e        0x2 
 .text.mesh_opt_clear
                0x0002ef60       0xa0 examples/light_ctl/ctl_lc_server/CMakeFiles/light_ctl_lc_server_nrf52832_xxAA_s132_7.0.1.dir/__/__/__/mesh/core/src/mesh_opt.c.obj
                0x0002ef60                mesh_opt_clear
 .text.sd_radio_session_open
                0x0002f000        0x4 examples/light_ctl/ctl_lc_server/CMakeFiles/light_ctl_lc_server_nrf52832_xxAA_s132_7.0.1.dir/__/__/__/mesh/core/src/timeslot.c.obj
 .text.sd_radio_session_close
                0x0002f004        0x4 examples/light_ctl/ctl_lc_server/CMakeFiles/light_ctl_lc_server_nrf52832_xxAA_s132_7.0.1.dir/__/__/__/mesh/core/src/timeslot.c.obj
 .text.sd_radio_request
                0x0002f008        0x4 examples/light_ctl/ctl_lc_server/CMakeFiles/light_ctl_lc_server_nrf52832_xxAA_s132_7.0.1.dir/__/__/__/mesh/core/src/timeslot.c.obj
 .text.end_timer_handler
                0x0002f00c       0x28 examples/light_ctl/ctl_lc_server/CMakeFiles/light_ctl_lc_server_nrf52832_xxAA_s132_7.0.1.dir/__/__/__/mesh/core/src/timeslot.c.obj
 .text.get_end_time.isra.0
                0x0002f034       0x20 examples/light_ctl/ctl_lc_server/CMakeFiles/light_ctl_lc_server_nrf52832_xxAA_s132_7.0.1.dir/__/__/__/mesh/core/src/timeslot.c.obj
 .text.on_ts_begin.constprop.0
                0x0002f054       0x48 examples/light_ctl/ctl_lc_server/CMakeFiles/light_ctl_lc_server_nrf52832_xxAA_s132_7.0.1.dir/__/__/__/mesh/core/src/timeslot.c.obj
 .text.handle_extend_end.constprop.0
                0x0002f09c       0x88 examples/light_ctl/ctl_lc_server/CMakeFiles/light_ctl_lc_server_nrf52832_xxAA_s132_7.0.1.dir/__/__/__/mesh/core/src/timeslot.c.obj
 .text.radio_signal_callback
                0x0002f124      0x12c examples/light_ctl/ctl_lc_server/CMakeFiles/light_ctl_lc_server_nrf52832_xxAA_s132_7.0.1.dir/__/__/__/mesh/core/src/timeslot.c.obj
 .text.timeslot_sd_event_handler
                0x0002f250       0x60 examples/light_ctl/ctl_lc_server/CMakeFiles/light_ctl_lc_server_nrf52832_xxAA_s132_7.0.1.dir/__/__/__/mesh/core/src/timeslot.c.obj
                0x0002f250                timeslot_sd_event_handler
 .text.timeslot_init
                0x0002f2b0       0x50 examples/light_ctl/ctl_lc_server/CMakeFiles/light_ctl_lc_server_nrf52832_xxAA_s132_7.0.1.dir/__/__/__/mesh/core/src/timeslot.c.obj
                0x0002f2b0                timeslot_init
 .text.timeslot_start
                0x0002f300       0x44 examples/light_ctl/ctl_lc_server/CMakeFiles/light_ctl_lc_server_nrf52832_xxAA_s132_7.0.1.dir/__/__/__/mesh/core/src/timeslot.c.obj
                0x0002f300                timeslot_start
 .text.timeslot_end_is_pending
                0x0002f344       0x28 examples/light_ctl/ctl_lc_server/CMakeFiles/light_ctl_lc_server_nrf52832_xxAA_s132_7.0.1.dir/__/__/__/mesh/core/src/timeslot.c.obj
                0x0002f344                timeslot_end_is_pending
 .text.timeslot_length_get
                0x0002f36c        0xc examples/light_ctl/ctl_lc_server/CMakeFiles/light_ctl_lc_server_nrf52832_xxAA_s132_7.0.1.dir/__/__/__/mesh/core/src/timeslot.c.obj
                0x0002f36c                timeslot_length_get
 .text.timeslot_remaining_time_get
                0x0002f378       0x24 examples/light_ctl/ctl_lc_server/CMakeFiles/light_ctl_lc_server_nrf52832_xxAA_s132_7.0.1.dir/__/__/__/mesh/core/src/timeslot.c.obj
                0x0002f378                timeslot_remaining_time_get
 .text.timeslot_is_in_ts
                0x0002f39c        0xc examples/light_ctl/ctl_lc_server/CMakeFiles/light_ctl_lc_server_nrf52832_xxAA_s132_7.0.1.dir/__/__/__/mesh/core/src/timeslot.c.obj
                0x0002f39c                timeslot_is_in_ts
 .text.timeslot_is_in_cb
                0x0002f3a8        0xc examples/light_ctl/ctl_lc_server/CMakeFiles/light_ctl_lc_server_nrf52832_xxAA_s132_7.0.1.dir/__/__/__/mesh/core/src/timeslot.c.obj
                0x0002f3a8                timeslot_is_in_cb
 .text.timeslot_session_is_active
                0x0002f3b4       0x10 examples/light_ctl/ctl_lc_server/CMakeFiles/light_ctl_lc_server_nrf52832_xxAA_s132_7.0.1.dir/__/__/__/mesh/core/src/timeslot.c.obj
                0x0002f3b4                timeslot_session_is_active
 .text.timeslot_trigger